Component: ARM Compiler 5.06 update 6 (build 750) Tool: armlink [4d35ed]

==============================================================================

Section Cross References

    rf.o(i.RADIO_IRQHandler) refers to rf.o(i.PAM_Enable) for PAM_Enable
    rf.o(i.RADIO_IRQHandler) refers to sender.o(.bss) for SenderSC
    rf.o(i.Rf_AddressUpdate) refers to flash.o(i.UpdateDevicesInfo) for UpdateDevicesInfo
    rf.o(i.Rf_AddressUpdate) refers to sender.o(.bss) for SenderSC
    rf.o(i.Rf_Broadcast) refers to rf.o(i.Rf_SendPackage) for Rf_SendPackage
    rf.o(i.Rf_Broadcast) refers to sender.o(.bss) for SenderSC
    rf.o(i.Rf_Init) refers to rf.o(i.PAM_Init) for PAM_Init
    rf.o(i.Rf_Init) refers to rf.o(i.__NVIC_EnableIRQ) for __NVIC_EnableIRQ
    rf.o(i.Rf_Init) refers to sender.o(.bss) for SenderSC
    rf.o(i.Rf_ReceiveUpdate) refers to _printf_percent.o(.ARM.Collect$$_printf_percent$$00000000) for _printf_percent
    rf.o(i.Rf_ReceiveUpdate) refers to _printf_d.o(.ARM.Collect$$_printf_percent$$00000009) for _printf_d
    rf.o(i.Rf_ReceiveUpdate) refers to _printf_x.o(.ARM.Collect$$_printf_percent$$0000000C) for _printf_x
    rf.o(i.Rf_ReceiveUpdate) refers to _printf_dec.o(.text) for _printf_int_dec
    rf.o(i.Rf_ReceiveUpdate) refers to _printf_hex_int.o(.text) for _printf_longlong_hex
    rf.o(i.Rf_ReceiveUpdate) refers to memcmp.o(.text) for memcmp
    rf.o(i.Rf_ReceiveUpdate) refers to noretval__2printf.o(.text) for __2printf
    rf.o(i.Rf_ReceiveUpdate) refers to sender.o(.bss) for SenderSC
    rf.o(i.Rf_SendPackage) refers to rf.o(i.PAM_Enable) for PAM_Enable
    rf.o(i.Rf_StartRx) refers to rf.o(i.PAM_Enable) for PAM_Enable
    rf.o(i.Rf_StartRx) refers to rf.o(i.__NVIC_EnableIRQ) for __NVIC_EnableIRQ
    rf.o(i.Rf_Test) refers to _printf_percent.o(.ARM.Collect$$_printf_percent$$00000000) for _printf_percent
    rf.o(i.Rf_Test) refers to _printf_d.o(.ARM.Collect$$_printf_percent$$00000009) for _printf_d
    rf.o(i.Rf_Test) refers to _printf_dec.o(.text) for _printf_int_dec
    rf.o(i.Rf_Test) refers to systemclock.o(i.SystemTick_Get) for SystemTick_Get
    rf.o(i.Rf_Test) refers to sample.o(i.Sample_Stop) for Sample_Stop
    rf.o(i.Rf_Test) refers to rf.o(i.PAM_Enable) for PAM_Enable
    rf.o(i.Rf_Test) refers to rf.o(i.Rf_SetMode) for Rf_SetMode
    rf.o(i.Rf_Test) refers to noretval__2printf.o(.text) for __2printf
    rf.o(i.Rf_Test) refers to sender.o(.bss) for SenderSC
    rf.o(i.Rf_Test) refers to rf.o(.data) for channel
    rf.o(i.Rf_TestStart) refers to _printf_percent.o(.ARM.Collect$$_printf_percent$$00000000) for _printf_percent
    rf.o(i.Rf_TestStart) refers to _printf_d.o(.ARM.Collect$$_printf_percent$$00000009) for _printf_d
    rf.o(i.Rf_TestStart) refers to _printf_dec.o(.text) for _printf_int_dec
    rf.o(i.Rf_TestStart) refers to noretval__2sprintf.o(.text) for __2sprintf
    rf.o(i.Rf_TestStart) refers to strlen.o(.text) for strlen
    rf.o(i.Rf_TestStart) refers to queue.o(i.pushQueue) for pushQueue
    rf.o(i.Rf_TestStart) refers to sender.o(i.PostMessage) for PostMessage
    rf.o(i.Rf_TestStart) refers to queue.o(.bss) for uartQ
    sample.o(i.AudioLineIsChanged) refers to systemclock.o(i.SystemTick_GetSecond) for SystemTick_GetSecond
    sample.o(i.AudioLineIsChanged) refers to sample.o(.data) for lastTM
    sample.o(i.AudioLineIsChanged) refers to sender.o(.bss) for SenderSC
    sample.o(i.BatteryGetGrade) refers to sample.o(.data) for BatteryGrade
    sample.o(i.BatteryGetValue) refers to sample.o(.data) for meanVal
    sample.o(i.BatteryLevelDetect) refers to _printf_percent.o(.ARM.Collect$$_printf_percent$$00000000) for _printf_percent
    sample.o(i.BatteryLevelDetect) refers to _printf_d.o(.ARM.Collect$$_printf_percent$$00000009) for _printf_d
    sample.o(i.BatteryLevelDetect) refers to _printf_dec.o(.text) for _printf_int_dec
    sample.o(i.BatteryLevelDetect) refers to systemclock.o(i.SystemTick_Get) for SystemTick_Get
    sample.o(i.BatteryLevelDetect) refers to led.o(i.SetLedState) for SetLedState
    sample.o(i.BatteryLevelDetect) refers to noretval__2printf.o(.text) for __2printf
    sample.o(i.BatteryLevelDetect) refers to sample.o(.data) for lastTM
    sample.o(i.BatteryLevelDetect) refers to sender.o(.bss) for SenderSC
    sample.o(i.Battery_Init) refers to sample.o(.data) for BatteryGrade
    sample.o(i.MicStateUpdate) refers to sample.o(i.Sample_SetSrc) for Sample_SetSrc
    sample.o(i.MicStateUpdate) refers to sender.o(.bss) for SenderSC
    sample.o(i.NoiseSample_Start) refers to sample.o(i.Sample_SetSrc) for Sample_SetSrc
    sample.o(i.NoiseSample_Start) refers to sample.o(i.Sample_Start) for Sample_Start
    sample.o(i.NoiseSample_Stop) refers to sample.o(i.Sample_Stop) for Sample_Stop
    sample.o(i.NoiseSample_Stop) refers to sample.o(i.Sample_SetSrc) for Sample_SetSrc
    sample.o(i.Noise_Init) refers to sample.o(i.NoiseSample_Start) for NoiseSample_Start
[...]
    i.uarte_irq_handler                      0x00006cf0   Section        0  nrf_drv_uart.o(i.uarte_irq_handler)
    uarte_irq_handler                        0x00006cf1   Thumb Code   286  nrf_drv_uart.o(i.uarte_irq_handler)
    locale$$code                             0x00006e1c   Section       44  lc_ctype_c.o(locale$$code)
    x$fpl$fpinit                             0x00006e48   Section       10  fpinit.o(x$fpl$fpinit)
    $v0                                      0x00006e48   Number         0  fpinit.o(x$fpl$fpinit)
    .constdata                               0x00006e54   Section      420  ima_adpcm.o(.constdata)
    StepTable                                0x00006e54   Data         356  ima_adpcm.o(.constdata)
    .constdata                               0x00006ff8   Section     2048  signalprocess.o(.constdata)
    .constdata                               0x000077f8   Section       12  uart.o(.constdata)
    .constdata                               0x00007804   Section       12  button.o(.constdata)
    .constdata                               0x00007810   Section       24  nrf_drv_twis.o(.constdata)
    m_const_inst                             0x00007810   Data           4  nrf_drv_twis.o(.constdata)
    m_config_default                         0x00007814   Data          20  nrf_drv_twis.o(.constdata)
    .constdata                               0x00007828   Section       32  nrf_drv_uart.o(.constdata)
    m_default_config                         0x00007828   Data          32  nrf_drv_uart.o(.constdata)
    .constdata                               0x00007848   Section       32  app_uart_fifo.o(.constdata)
    .constdata                               0x00007868   Section       16  arm_const_structs.o(.constdata)
    .constdata                               0x00007878   Section     2048  arm_common_tables.o(.constdata)
    .constdata                               0x00008078   Section      880  arm_common_tables.o(.constdata)
    .constdata                               0x000083e8   Section       40  _printf_hex_int.o(.constdata)
    uc_hextab                                0x000083e8   Data          20  _printf_hex_int.o(.constdata)
    lc_hextab                                0x000083fc   Data          20  _printf_hex_int.o(.constdata)
    .constdata                               0x00008410   Section       17  __printf_flags_wp.o(.constdata)
    maptable                                 0x00008410   Data          17  __printf_flags_wp.o(.constdata)
    locale$$data                             0x00008444   Section      272  lc_ctype_c.o(locale$$data)
    __lcctype_c_name                         0x00008448   Data           2  lc_ctype_c.o(locale$$data)
    __lcctype_c_start                        0x00008450   Data           0  lc_ctype_c.o(locale$$data)
    __lcctype_c_end                          0x00008554   Data           0  lc_ctype_c.o(locale$$data)
    .data                                    0x20000000   Section        2  rf.o(.data)
    channel                                  0x20000000   Data           1  rf.o(.data)
    dir                                      0x20000001   Data           1  rf.o(.data)
    .data                                    0x20000004   Section       45  sample.o(.data)
    SAADC_SampleBuffer                       0x2000000e   Data           4  sample.o(.data)
    lastTM                                   0x20000014   Data           4  sample.o(.data)
    lastTM                                   0x20000018   Data           4  sample.o(.data)
    ledTM                                    0x2000001c   Data           4  sample.o(.data)
    id                                       0x20000020   Data           1  sample.o(.data)
    samples                                  0x20000021   Data           1  sample.o(.data)
    lowCount                                 0x20000022   Data           1  sample.o(.data)
    midLowCount                              0x20000023   Data           1  sample.o(.data)
    warningCount                             0x20000024   Data           1  sample.o(.data)
    batteryLevel                             0x20000026   Data           8  sample.o(.data)
    ledCount                                 0x2000002e   Data           2  sample.o(.data)
    runningId                                0x20000030   Data           1  sample.o(.data)
    .data                                    0x20000034   Section        8  sender.o(.data)
    frameId                                  0x20000035   Data           1  sender.o(.data)
    oldState                                 0x20000036   Data           1  sender.o(.data)
    continueQuietPackage                     0x20000038   Data           4  sender.o(.data)
    .data                                    0x2000003c   Section        4  systemclock.o(.data)
    .data                                    0x20000040   Section        4  ima_adpcm.o(.data)
    PreIndex                                 0x20000040   Data           4  ima_adpcm.o(.data)
    .data                                    0x20000044   Section        1  queue.o(.data)
    bInited                                  0x20000044   Data           1  queue.o(.data)
    .data                                    0x20000048   Section       16  stransfer.o(.data)
    framesUpdated                            0x20000048   Data           1  stransfer.o(.data)
    frameId                                  0x20000049   Data           1  stransfer.o(.data)
    lastTxFrames                             0x2000004c   Data           8  stransfer.o(.data)
    mode                                     0x20000054   Data           4  stransfer.o(.data)
    .data                                    0x20000058   Section        1  uart.o(.data)
    .data                                    0x20000059   Section        4  led.o(.data)
    ledState                                 0x2000005c   Data           1  led.o(.data)
    .data                                    0x2000005d   Section        1  button.o(.data)
    .data                                    0x20000060   Section        4  system_nrf52.o(.data)
    __tagsym$$used                           0x20000060   Number         0  system_nrf52.o(.data)
    .data                                    0x20000064   Section        1  nrf_drv_twis.o(.data)
    m_sm_semaphore                           0x20000064   Data           1  nrf_drv_twis.o(.data)
    .data                                    0x20000068   Section        7  app_uart_fifo.o(.data)
    m_event_handler                          0x20000068   Data           4  app_uart_fifo.o(.data)
    tx_buffer                                0x2000006c   Data           1  app_uart_fifo.o(.data)
    tx_tmp                                   0x2000006d   Data           1  app_uart_fifo.o(.data)
    rx_buffer                                0x2000006e   Data           1  app_uart_fifo.o(.data)
    .data                                    0x20000070   Section        8  retarget.o(.data)
    .data                                    0x20000078   Section        4  strtok.o(.data)
    _strtok_saves1                           0x20000078   Data           4  strtok.o(.data)
    .bss                                     0x2000007c   Section    33382  sender.o(.bss)
    SampleBuffer                             0x20000140   Data       32768  sender.o(.bss)
    RfSendRecvBuffer                         0x20008140   Data         256  sender.o(.bss)
    Diff                                     0x20008240   Data          72  sender.o(.bss)
    Zcc                                      0x20008288   Data          72  sender.o(.bss)
    frameState                               0x200082d0   Data          18  sender.o(.bss)
    .bss                                     0x200082e4   Section     3072  signalprocess.o(.bss)
    SignalShiftArray                         0x200086e4   Data        2048  signalprocess.o(.bss)
    .bss                                     0x20008ee4   Section       60  queue.o(.bss)
    .bss                                     0x20008f20   Section       80  stransfer.o(.bss)
    lastPCMFrame                             0x20008f20   Data          80  stransfer.o(.bss)
    .bss                                     0x20008f70   Section      384  uart.o(.bss)
    rx_buf                                   0x20008fb0   Data          64  uart.o(.bss)
    tx_buf                                   0x20008ff0   Data         256  uart.o(.bss)
    .bss                                     0x200090f0   Section       24  led.o(.bss)
    .bss                                     0x20009108   Section       16  button.o(.bss)
    pressedButton                            0x20009108   Data          16  button.o(.bss)
    .bss                                     0x20009118   Section       72  nrf_drv_gpiote.o(.bss)
    m_cb                                     0x20009118   Data          72  nrf_drv_gpiote.o(.bss)
    .bss                                     0x20009160   Section       12  nrf_drv_twis.o(.bss)
    m_var_inst                               0x20009160   Data          12  nrf_drv_twis.o(.bss)
    .bss                                     0x2000916c   Section       32  nrf_drv_uart.o(.bss)
    m_cb                                     0x2000916c   Data          32  nrf_drv_uart.o(.bss)
    .bss                                     0x2000918c   Section       32  app_uart_fifo.o(.bss)
    m_rx_fifo                                0x2000918c   Data          16  app_uart_fifo.o(.bss)
    m_tx_fifo                                0x2000919c   Data          16  app_uart_fifo.o(.bss)
    .bss                                     0x200091ac   Section       96  libspace.o(.bss)
    HEAP                                     0x20009210   Section     8192  arm_startup_nrf52.o(HEAP)
    Heap_Mem                                 0x20009210   Data        8192  arm_startup_nrf52.o(HEAP)
    STACK                                    0x2000b210   Section     8192  arm_startup_nrf52.o(STACK)
    Stack_Mem                                0x2000b210   Data        8192  arm_startup_nrf52.o(STACK)
    __initial_sp                             0x2000d210   Data           0  arm_startup_nrf52.o(STACK)

    Global Symbols

    Symbol Name                              Value     Ov Type        Size  Object(Section)

    BuildAttributes$$THM_ISAv4$E$P$D$K$B$S$7EM$VFPi3$EXTD16$VFPS$VFMA$PE$A:L22UL41UL21$X:L11$S22US41US21$IEEE1$IW$USESV6$~STKCKD$USESV7$~SHL$OTIME$ROPI$IEEEX$EBA8$UX$STANDARDLIB$REQ8$PRES8$EABIv2 0x00000000   Number         0  anon$$obj.o ABSOLUTE
    __ARM_use_no_argv                        0x00000000   Number         0  sender.o ABSOLUTE
    __Vectors                                0x00000000   Data           4  arm_startup_nrf52.o(RESET)
    _printf_flags                            0x00000000   Number         0  printf_stubs.o ABSOLUTE
    _printf_return_value                     0x00000000   Number         0  printf_stubs.o ABSOLUTE
    _printf_sizespec                         0x00000000   Number         0  printf_stubs.o ABSOLUTE
    _printf_widthprec                        0x00000000   Number         0  printf_stubs.o ABSOLUTE
    __ARM_exceptions_init                     - Undefined Weak Reference
    __alloca_initialize                       - Undefined Weak Reference
    __arm_preinit_                            - Undefined Weak Reference
    __cpp_initialize__aeabi_                  - Undefined Weak Reference
    __cxa_finalize                            - Undefined Weak Reference
    __sigvec_lookup                           - Undefined Weak Reference
    __user_heap_extent                        - Undefined Weak Reference
    _atexit_init                              - Undefined Weak Reference
    _call_atexit_fns                          - Undefined Weak Reference
    _clock_init                               - Undefined Weak Reference
    _fp_trap_init                             - Undefined Weak Reference
    _fp_trap_shutdown                         - Undefined Weak Reference
    _get_lc_collate                           - Undefined Weak Reference
    _get_lc_monetary                          - Undefined Weak Reference
    _get_lc_numeric                           - Undefined Weak Reference
    _get_lc_time                              - Undefined Weak Reference
    _getenv_init                              - Undefined Weak Reference
    _handle_redirection                       - Undefined Weak Reference
    _initio                                   - Undefined Weak Reference
    _mutex_acquire                            - Undefined Weak Reference
    _mutex_free                               - Undefined Weak Reference
    _mutex_release                            - Undefined Weak Reference
    _printf_mbtowc                            - Undefined Weak Reference
    _printf_truncate_signed                   - Undefined Weak Reference
    _printf_truncate_unsigned                 - Undefined Weak Reference
    _rand_init                                - Undefined Weak Reference
    _signal_finish                            - Undefined Weak Reference
    _signal_init                              - Undefined Weak Reference
    _terminateio                              - Undefined Weak Reference
    __Vectors_End                            0x00000200   Data           0  arm_startup_nrf52.o(RESET)
    __Vectors_Size                           0x00000200   Number         0  arm_startup_nrf52.o ABSOLUTE
    __main                                   0x00000201   Thumb Code     8  __main.o(!!!main)
    __scatterload                            0x00000209   Thumb Code     0  __scatter.o(!!!scatter)
    __scatterload_rt2                        0x00000209   Thumb Code    44  __scatter.o(!!!scatter)
    __scatterload_rt2_thumb_only             0x00000209   Thumb Code     0  __scatter.o(!!!scatter)
    __scatterload_null                       0x00000217   Thumb Code     0  __scatter.o(!!!scatter)
    __scatterload_copy                       0x0000023d   Thumb Code    26  __scatter_copy.o(!!handler_copy)
    __scatterload_zeroinit                   0x00000259   Thumb Code    28  __scatter_zi.o(!!handler_zi)
    arm_bitreversal_32                       0x00000275   Thumb Code   106  arm_bitreversal2.o(. text)
    arm_bitreversal_16                       0x000002df   Thumb Code    86  arm_bitreversal2.o(. text)
    _printf_d                                0x00000335   Thumb Code     0  _printf_d.o(.ARM.Collect$$_printf_percent$$00000009)
    _printf_percent                          0x00000335   Thumb Code     0  _printf_percent.o(.ARM.Collect$$_printf_percent$$00000000)
    _printf_x                                0x0000033b   Thumb Code     0  _printf_x.o(.ARM.Collect$$_printf_percent$$0000000C)
    _printf_s                                0x00000341   Thumb Code     0  _printf_s.o(.ARM.Collect$$_printf_percent$$00000014)
    _printf_percent_end                      0x00000347   Thumb Code     0  _printf_percent_end.o(.ARM.Collect$$_printf_percent$$00000017)
    __rt_lib_init                            0x0000034b   Thumb Code     0  libinit.o(.ARM.Collect$$libinit$$00000000)
    __rt_lib_init_fp_1                       0x0000034d   Thumb Code     0  libinit2.o(.ARM.Collect$$libinit$$00000001)
    __rt_lib_init_heap_2                     0x00000351   Thumb Code     0  libinit2.o(.ARM.Collect$$libinit$$00000005)
    __rt_lib_init_preinit_1                  0x00000351   Thumb Code     0  libinit2.o(.ARM.Collect$$libinit$$00000004)
    __rt_lib_init_heap_1                     0x00000359   Thumb Code     0  libinit2.o(.ARM.Collect$$libinit$$0000000A)
    __rt_lib_init_lc_common                  0x00000359   Thumb Code     0  libinit2.o(.ARM.Collect$$libinit$$0000000F)
    __rt_lib_init_rand_1                     0x00000359   Thumb Code     0  libinit2.o(.ARM.Collect$$libinit$$0000000E)
    __rt_lib_init_user_alloc_1               0x00000359   Thumb Code     0  libinit2.o(.ARM.Collect$$libinit$$0000000C)
    __rt_lib_init_lc_collate_1               0x0000035f   Thumb Code     0  libinit2.o(.ARM.Collect$$libinit$$00000011)
    __rt_lib_init_lc_ctype_2                 0x0000035f   Thumb Code     0  libinit2.o(.ARM.Collect$$libinit$$00000012)
    __rt_lib_init_alloca_1                   0x0000036b   Thumb Code     0  libinit2.o(.ARM.Collect$$libinit$$0000002E)
    __rt_lib_init_argv_1                     0x0000036b   Thumb Code     0  libinit2.o(.ARM.Collect$$libinit$$0000002C)
    __rt_lib_init_atexit_1                   0x0000036b   Thumb Code     0  libinit2.o(.ARM.Collect$$libinit$$0000001B)
    __rt_lib_init_clock_1                    0x0000036b   Thumb Code     0  libinit2.o(.ARM.Collect$$libinit$$00000021)
    __rt_lib_init_cpp_1                      0x0000036b   Thumb Code     0  libinit2.o(.ARM.Collect$$libinit$$00000032)
    __rt_lib_init_exceptions_1               0x0000036b   Thumb Code     0  libinit2.o(.ARM.Collect$$libinit$$00000030)
    __rt_lib_init_fp_trap_1                  0x0000036b   Thumb Code     0  libinit2.o(.ARM.Collect$$libinit$$0000001F)
    __rt_lib_init_getenv_1                   0x0000036b   Thumb Code     0  libinit2.o(.ARM.Collect$$libinit$$00000023)
    __rt_lib_init_lc_ctype_1                 0x0000036b   Thumb Code     0  libinit2.o(.ARM.Collect$$libinit$$00000013)
    __rt_lib_init_lc_monetary_1              0x0000036b   Thumb Code     0  libinit2.o(.ARM.Collect$$libinit$$00000015)
    __rt_lib_init_lc_numeric_1               0x0000036b   Thumb Code     0  libinit2.o(.ARM.Collect$$libinit$$00000017)
    __rt_lib_init_lc_time_1                  0x0000036b   Thumb Code     0  libinit2.o(.ARM.Collect$$libinit$$00000019)
    __rt_lib_init_return                     0x0000036b   Thumb Code     0  libinit2.o(.ARM.Collect$$libinit$$00000033)
    __rt_lib_init_signal_1                   0x0000036b   Thumb Code     0  libinit2.o(.ARM.Collect$$libinit$$0000001D)
    __rt_lib_init_stdio_1                    0x0000036b   Thumb Code     0  libinit2.o(.ARM.Collect$$libinit$$00000025)
    __rt_lib_shutdown                        0x0000036d   Thumb Code     0  libshutdown.o(.ARM.Collect$$libshutdown$$00000000)
    __rt_lib_shutdown_cpp_1                  0x0000036f   Thumb Code     0  libshutdown2.o(.ARM.Collect$$libshutdown$$00000002)
    __rt_lib_shutdown_fp_trap_1              0x0000036f   Thumb Code     0  libshutdown2.o(.ARM.Collect$$libshutdown$$00000007)
    __rt_lib_shutdown_heap_1                 0x0000036f   Thumb Code     0  libshutdown2.o(.ARM.Collect$$libshutdown$$0000000F)
    __rt_lib_shutdown_return                 0x0000036f   Thumb Code     0  libshutdown2.o(.ARM.Collect$$libshutdown$$00000010)
    __rt_lib_shutdown_signal_1               0x0000036f   Thumb Code     0  libshutdown2.o(.ARM.Collect$$libshutdown$$0000000A)
    __rt_lib_shutdown_stdio_1                0x0000036f   Thumb Code     0  libshutdown2.o(.ARM.Collect$$libshutdown$$00000004)
    __rt_lib_shutdown_user_alloc_1           0x0000036f   Thumb Code     0  libshutdown2.o(.ARM.Collect$$libshutdown$$0000000C)
    __rt_entry                               0x00000371   Thumb Code     0  __rtentry.o(.ARM.Collect$$rtentry$$00000000)
    __rt_entry_presh_1                       0x00000371   Thumb Code     0  __rtentry2.o(.ARM.Collect$$rtentry$$00000002)
    __rt_entry_sh                            0x00000371   Thumb Code     0  __rtentry4.o(.ARM.Collect$$rtentry$$00000004)
    __rt_entry_li                            0x00000377   Thumb Code     0  __rtentry2.o(.ARM.Collect$$rtentry$$0000000A)
    __rt_entry_postsh_1                      0x00000377   Thumb Code     0  __rtentry2.o(.ARM.Collect$$rtentry$$00000009)
    __rt_entry_main                          0x0000037b   Thumb Code     0  __rtentry2.o(.ARM.Collect$$rtentry$$0000000D)
    __rt_entry_postli_1                      0x0000037b   Thumb Code     0  __rtentry2.o(.ARM.Collect$$rtentry$$0000000C)
    __rt_exit                                0x00000383   Thumb Code     0  rtexit.o(.ARM.Collect$$rtexit$$00000000)
    __rt_exit_ls                             0x00000385   Thumb Code     0  rtexit2.o(.ARM.Collect$$rtexit$$00000003)
    __rt_exit_prels_1                        0x00000385   Thumb Code     0  rtexit2.o(.ARM.Collect$$rtexit$$00000002)
    __rt_exit_exit                           0x00000389   Thumb Code     0  rtexit2.o(.ARM.Collect$$rtexit$$00000004)
    Reset_Handler                            0x00000391   Thumb Code     8  arm_startup_nrf52.o(.text)
    _maybe_terminate_alloc                   0x00000391   Thumb Code     0  maybetermalloc1.o(.emb_text)
    NMI_Handler                              0x00000399   Thumb Code     2  arm_startup_nrf52.o(.text)
    HardFault_Handler                        0x0000039b   Thumb Code     2  arm_startup_nrf52.o(.text)
    MemoryManagement_Handler                 0x0000039d   Thumb Code     2  arm_startup_nrf52.o(.text)
    BusFault_Handler                         0x0000039f   Thumb Code     2  arm_startup_nrf52.o(.text)
    UsageFault_Handler                       0x000003a1   Thumb Code     2  arm_startup_nrf52.o(.text)
    SVC_Handler                              0x000003a3   Thumb Code     2  arm_startup_nrf52.o(.text)
    DebugMon_Handler                         0x000003a5   Thumb Code     2  arm_startup_nrf52.o(.text)
    PendSV_Handler                           0x000003a7   Thumb Code     2  arm_startup_nrf52.o(.text)
    SysTick_Handler                          0x000003a9   Thumb Code     2  arm_startup_nrf52.o(.text)
    CCM_AAR_IRQHandler                       0x000003ab   Thumb Code     0  arm_startup_nrf52.o(.text)
    COMP_LPCOMP_IRQHandler                   0x000003ab   Thumb Code     0  arm_startup_nrf52.o(.text)
    ECB_IRQHandler                           0x000003ab   Thumb Code     0  arm_startup_nrf52.o(.text)
    FPU_IRQHandler                           0x000003ab   Thumb Code     0  arm_startup_nrf52.o(.text)
    I2S_IRQHandler                           0x000003ab   Thumb Code     0  arm_startup_nrf52.o(.text)
    MWU_IRQHandler                           0x000003ab   Thumb Code     0  arm_startup_nrf52.o(.text)
    NFCT_IRQHandler                          0x000003ab   Thumb Code     0  arm_startup_nrf52.o(.text)
    PDM_IRQHandler                           0x000003ab   Thumb Code     0  arm_startup_nrf52.o(.text)
    POWER_CLOCK_IRQHandler                   0x000003ab   Thumb Code     0  arm_startup_nrf52.o(.text)
    PWM0_IRQHandler                          0x000003ab   Thumb Code     0  arm_startup_nrf52.o(.text)
    PWM1_IRQHandler                          0x000003ab   Thumb Code     0  arm_startup_nrf52.o(.text)
    PWM2_IRQHandler                          0x000003ab   Thumb Code     0  arm_startup_nrf52.o(.text)
    QDEC_IRQHandler                          0x000003ab   Thumb Code     0  arm_startup_nrf52.o(.text)
    RNG_IRQHandler                           0x000003ab   Thumb Code     0  arm_startup_nrf52.o(.text)
    RTC1_IRQHandler                          0x000003ab   Thumb Code     0  arm_startup_nrf52.o(.text)
    SAADC_IRQHandler                         0x000003ab   Thumb Code     0  arm_startup_nrf52.o(.text)
    SPIM0_SPIS0_TWIM0_TWIS0_SPI0_TWI0_IRQHandler 0x000003ab   Thumb Code     0  arm_startup_nrf52.o(.text)
    SPIM2_SPIS2_SPI2_IRQHandler              0x000003ab   Thumb Code     0  arm_startup_nrf52.o(.text)
    SWI0_EGU0_IRQHandler                     0x000003ab   Thumb Code     0  arm_startup_nrf52.o(.text)
    SWI1_EGU1_IRQHandler                     0x000003ab   Thumb Code     0  arm_startup_nrf52.o(.text)
    SWI2_EGU2_IRQHandler                     0x000003ab   Thumb Code     0  arm_startup_nrf52.o(.text)
    SWI3_EGU3_IRQHandler                     0x000003ab   Thumb Code     0  arm_startup_nrf52.o(.text)
    SWI4_EGU4_IRQHandler                     0x000003ab   Thumb Code     0  arm_startup_nrf52.o(.text)
    SWI5_EGU5_IRQHandler                     0x000003ab   Thumb Code     0  arm_startup_nrf52.o(.text)
    TEMP_IRQHandler                          0x000003ab   Thumb Code     0  arm_startup_nrf52.o(.text)
    TIMER0_IRQHandler                        0x000003ab   Thumb Code     0  arm_startup_nrf52.o(.text)
    TIMER2_IRQHandler                        0x000003ab   Thumb Code     0  arm_startup_nrf52.o(.text)
    TIMER3_IRQHandler                        0x000003ab   Thumb Code     0  arm_startup_nrf52.o(.text)
    TIMER4_IRQHandler                        0x000003ab   Thumb Code     0  arm_startup_nrf52.o(.text)
    WDT_IRQHandler                           0x000003ab   Thumb Code     0  arm_startup_nrf52.o(.text)
    __user_initial_stackheap                 0x000003ad   Thumb Code    10  arm_startup_nrf52.o(.text)
    arm_cmplx_mag_f32                        0x000003d1   Thumb Code   246  arm_cmplx_mag_f32.o(.text)
    arm_cfft_radix8by2_f32                   0x000004cd   Thumb Code   398  arm_cfft_f32.o(.text)
    arm_cfft_radix8by4_f32                   0x0000065b   Thumb Code  1098  arm_cfft_f32.o(.text)
    arm_cfft_f32                             0x00000aa5   Thumb Code   330  arm_cfft_f32.o(.text)
    arm_radix8_butterfly_f32                 0x00000bf1   Thumb Code  1244  arm_cfft_radix8_f32.o(.text)
    malloc                                   0x000010cd   Thumb Code    94  h1_alloc.o(.text)
    __2printf                                0x0000112d   Thumb Code    20  noretval__2printf.o(.text)
    _printf_pre_padding                      0x00001145   Thumb Code    44  _printf_pad.o(.text)
    _printf_post_padding                     0x00001171   Thumb Code    34  _printf_pad.o(.text)
    _printf_str                              0x00001193   Thumb Code    82  _printf_str.o(.text)
    _printf_int_dec                          0x000011e5   Thumb Code   104  _printf_dec.o(.text)
    _printf_int_hex                          0x0000125d   Thumb Code    84  _printf_hex_int.o(.text)
    _printf_longlong_hex                     0x0000125d   Thumb Code     0  _printf_hex_int.o(.text)
    __printf                                 0x000012b5   Thumb Code   308  __printf_flags_wp.o(.text)
    atoi                                     0x000013ed   Thumb Code    26  atoi.o(.text)
    strtol                                   0x00001407   Thumb Code   112  strtol.o(.text)
    strtok                                   0x00001479   Thumb Code     6  strtok.o(.text)
    memcmp                                   0x00001485   Thumb Code    88  memcmp.o(.text)
    __aeabi_memcpy4                          0x000014dd   Thumb Code     0  rt_memcpy_w.o(.text)
    __aeabi_memcpy8                          0x000014dd   Thumb Code     0  rt_memcpy_w.o(.text)
    __rt_memcpy_w                            0x000014dd   Thumb Code   100  rt_memcpy_w.o(.text)
    _memcpy_lastbytes_aligned                0x00001525   Thumb Code     0  rt_memcpy_w.o(.text)
    __aeabi_memclr4                          0x00001541   Thumb Code     0  rt_memclr_w.o(.text)
    __aeabi_memclr8                          0x00001541   Thumb Code     0  rt_memclr_w.o(.text)
    __rt_memclr_w                            0x00001541   Thumb Code    78  rt_memclr_w.o(.text)
    _memset_w                                0x00001545   Thumb Code     0  rt_memclr_w.o(.text)
    strcmp                                   0x00001591   Thumb Code   128  strcmpv7m.o(.text)
    __use_two_region_memory                  0x00001611   Thumb Code     2  heapauxi.o(.text)
    __rt_heap_escrow                         0x00001613   Thumb Code     2  heapauxi.o(.text)
    __rt_heap_expand                         0x00001615   Thumb Code     2  heapauxi.o(.text)
    __rt_ctype_table                         0x00001619   Thumb Code    16  rt_ctype_table.o(.text)
    __rt_heap_descriptor                     0x00001629   Thumb Code     8  rt_heap_descriptor_intlibspace.o(.text)
    __aeabi_errno_addr                       0x00001631   Thumb Code     8  rt_errno_addr_intlibspace.o(.text)
    __errno$intlibspace                      0x00001631   Thumb Code     0  rt_errno_addr_intlibspace.o(.text)
    __rt_errno_addr$intlibspace              0x00001631   Thumb Code     0  rt_errno_addr_intlibspace.o(.text)
    __use_no_heap                            0x00001639   Thumb Code     2  hguard.o(.text)
    __heap$guard                             0x0000163b   Thumb Code     2  hguard.o(.text)
    _terminate_user_alloc                    0x0000163d   Thumb Code     2  init_alloc.o(.text)
    _init_user_alloc                         0x0000163f   Thumb Code     2  init_alloc.o(.text)
    __Heap_Full                              0x00001641   Thumb Code    34  init_alloc.o(.text)
    __Heap_Broken                            0x00001663   Thumb Code     6  init_alloc.o(.text)
    _init_alloc                              0x00001669   Thumb Code    94  init_alloc.o(.text)
    __Heap_Initialize                        0x000016c7   Thumb Code    10  h1_init.o(.text)
    __Heap_DescSize                          0x000016d1   Thumb Code     4  h1_init.o(.text)
    free                                     0x000016d5   Thumb Code    78  h1_free.o(.text)
    _printf_int_common                       0x00001723   Thumb Code   178  _printf_intcommon.o(.text)
    _printf_char_common                      0x000017df   Thumb Code    32  _printf_char_common.o(.text)
    _printf_cs_common                        0x00001805   Thumb Code    20  _printf_char.o(.text)
    _printf_char                             0x00001819   Thumb Code    16  _printf_char.o(.text)
    _printf_string                           0x00001829   Thumb Code     8  _printf_char.o(.text)
    _printf_char_file                        0x00001831   Thumb Code    32  _printf_char_file.o(.text)
    _strtoul                                 0x00001855   Thumb Code   158  _strtoul.o(.text)
    __strtok_internal                        0x000018f5   Thumb Code    64  strtok_int.o(.text)
    __user_libspace                          0x00001939   Thumb Code     8  libspace.o(.text)
    __user_perproc_libspace                  0x00001939   Thumb Code     0  libspace.o(.text)
    __user_perthread_libspace                0x00001939   Thumb Code     0  libspace.o(.text)
    __rt_locale                              0x00001941   Thumb Code     8  rt_locale_intlibspace.o(.text)
    __Heap_ProvideMemory                     0x00001949   Thumb Code    52  h1_extend.o(.text)
    _chval                                   0x0000197d   Thumb Code    28  _chval.o(.text)
    ferror                                   0x00001999   Thumb Code     8  ferror.o(.text)
    __rt_SIGRTMEM                            0x000019a1   Thumb Code    14  defsig_rtmem_outer.o(.text)
    strcspn                                  0x000019af   Thumb Code    32  strcspn.o(.text)
    strspn                                   0x000019cf   Thumb Code    28  strspn.o(.text)
    __I$use$semihosting                      0x000019eb   Thumb Code     0  use_no_semi.o(.text)
    __use_no_semihosting_swi                 0x000019eb   Thumb Code     2  use_no_semi.o(.text)
    __semihosting_library_function           0x000019ed   Thumb Code     0  indicate_semi.o(.text)
    __user_setup_stackheap                   0x000019ed   Thumb Code    74  sys_stackheap_outer.o(.text)
    exit                                     0x00001a37   Thumb Code    18  exit.o(.text)
    __sig_exit                               0x00001a49   Thumb Code    10  defsig_exit.o(.text)
    __rt_SIGRTMEM_inner                      0x00001a55   Thumb Code    22  defsig_rtmem_inner.o(.text)
    _sys_exit                                0x00001aa5   Thumb Code     8  sys_exit.o(.text)
    __default_signal_display                 0x00001ab1   Thumb Code    50  defsig_general.o(.text)
    _ttywrch                                 0x00001ae3   Thumb Code    14  sys_wrch.o(.text)
    AudioLineIsChanged                       0x00001af1   Thumb Code    68  sample.o(i.AudioLineIsChanged)
    BSP_GpioInit                             0x00001b41   Thumb Code   176  button.o(i.BSP_GpioInit)
    BatteryGetGrade                          0x00001c01   Thumb Code     6  sample.o(i.BatteryGetGrade)
    BatteryGetValue                          0x00001c0d   Thumb Code     8  sample.o(i.BatteryGetValue)
    BatteryLevelDetect                       0x00001c19   Thumb Code   704  sample.o(i.BatteryLevelDetect)
    Battery_Init                             0x00001f2d   Thumb Code    28  sample.o(i.Battery_Init)
    Broadcast_SetType                        0x00001f51   Thumb Code   108  sender.o(i.Broadcast_SetType)
    Denoise                                  0x00001fc1   Thumb Code   354  signalprocess.o(i.Denoise)
    EventProcess                             0x00002139   Thumb Code   290  sender.o(i.EventProcess)
    FrameProcess                             0x00002261   Thumb Code   212  stransfer.o(i.FrameProcess)
    GPIOTE_IRQHandler                        0x00002351   Thumb Code   310  nrf_drv_gpiote.o(i.GPIOTE_IRQHandler)
    GetDevicesInfo                           0x0000249d   Thumb Code   222  flash.o(i.GetDevicesInfo)
    GetFrameState                            0x00002581   Thumb Code   190  sender.o(i.GetFrameState)
    GetMessage                               0x00002685   Thumb Code    70  sender.o(i.GetMessage)
    HanmmingFunction                         0x000026d5   Thumb Code    78  signalprocess.o(i.HanmmingFunction)
    HanmmingSubWindow                        0x00002729   Thumb Code    44  signalprocess.o(i.HanmmingSubWindow)
    IMA_ADPCM_BlockEncode                    0x00002759   Thumb Code   284  ima_adpcm.o(i.IMA_ADPCM_BlockEncode)
    LedIsBusy                                0x00002885   Thumb Code    22  led.o(i.LedIsBusy)
    Led_Init                                 0x000028a5   Thumb Code   106  led.o(i.Led_Init)
    MessageProcess                           0x00002921   Thumb Code   614  button.o(i.MessageProcess)
    MessageUpdate                            0x00002c05   Thumb Code   118  sender.o(i.MessageUpdate)
    MicStateUpdate                           0x00002cb9   Thumb Code    74  sample.o(i.MicStateUpdate)
    NoiseEstimate                            0x00002d0d   Thumb Code   288  signalprocess.o(i.NoiseEstimate)
    NoiseSample_Start                        0x00002e41   Thumb Code    14  sample.o(i.NoiseSample_Start)
    NoiseSample_Stop                         0x00002e4f   Thumb Code    14  sample.o(i.NoiseSample_Stop)
    Noise_Init                               0x00002e5d   Thumb Code    34  sample.o(i.Noise_Init)
    PAM_Enable                               0x00002e85   Thumb Code    54  rf.o(i.PAM_Enable)
    PAM_Init                                 0x00002ec1   Thumb Code    48  rf.o(i.PAM_Init)
    PAM_Power                                0x00002ef9   Thumb Code    24  rf.o(i.PAM_Power)
    PostMessage                              0x00002f15   Thumb Code    24  sender.o(i.PostMessage)
    RADIO_IRQHandler                         0x00002f31   Thumb Code    46  rf.o(i.RADIO_IRQHandler)
    RND_Get                                  0x00002f75   Thumb Code    48  systemclock.o(i.RND_Get)
    RTC0_IRQHandler                          0x00002fb1   Thumb Code    36  systemclock.o(i.RTC0_IRQHandler)
    RTC2_IRQHandler                          0x00002fe1   Thumb Code    32  stransfer.o(i.RTC2_IRQHandler)
    Rf_AddressUpdate                         0x00003009   Thumb Code    86  rf.o(i.Rf_AddressUpdate)
    Rf_Broadcast                             0x00003071   Thumb Code   254  rf.o(i.Rf_Broadcast)
    Rf_Init                                  0x00003179   Thumb Code   124  rf.o(i.Rf_Init)
    Rf_ReceiveUpdate                         0x00003211   Thumb Code   386  rf.o(i.Rf_ReceiveUpdate)
    Rf_SendPackage                           0x000033b9   Thumb Code   198  rf.o(i.Rf_SendPackage)
    Rf_SetMode                               0x0000348d   Thumb Code     2  rf.o(i.Rf_SetMode)
    Rf_StartRx                               0x00003491   Thumb Code   188  rf.o(i.Rf_StartRx)
    Rf_Test                                  0x0000355d   Thumb Code   270  rf.o(i.Rf_Test)
    SPIM1_SPIS1_TWIM1_TWIS1_SPI1_TWI1_IRQHandler 0x00003699   Thumb Code    14  nrf_drv_twis.o(i.SPIM1_SPIS1_TWIM1_TWIS1_SPI1_TWI1_IRQHandler)
    Sample_Init                              0x000036a9   Thumb Code   284  sample.o(i.Sample_Init)
    Sample_SetSrc                            0x000037e9   Thumb Code    72  sample.o(i.Sample_SetSrc)
    Sample_Start                             0x00003859   Thumb Code    56  sample.o(i.Sample_Start)
    Sample_Stop                              0x00003899   Thumb Code    80  sample.o(i.Sample_Stop)
    SendSC_Init                              0x000038f5   Thumb Code   458  sender.o(i.SendSC_Init)
    SetLedState                              0x00003ad1   Thumb Code  1408  led.o(i.SetLedState)
    SignalProcess_Init                       0x00004061   Thumb Code    16  signalprocess.o(i.SignalProcess_Init)
    SignalProcess_Run                        0x00004071   Thumb Code    20  signalprocess.o(i.SignalProcess_Run)
    SpectralSubtract                         0x00004085   Thumb Code   188  signalprocess.o(i.SpectralSubtract)
    SystemClock_Init                         0x00004145   Thumb Code    54  systemclock.o(i.SystemClock_Init)
    SystemCoreClockUpdate                    0x00004185   Thumb Code     8  system_nrf52.o(i.SystemCoreClockUpdate)
    SystemInit                               0x00004195   Thumb Code   556  system_nrf52.o(i.SystemInit)
    SystemTick_Get                           0x00004401   Thumb Code    58  systemclock.o(i.SystemTick_Get)
    SystemTick_GetSecond                     0x00004445   Thumb Code     6  systemclock.o(i.SystemTick_GetSecond)
    SystemTick_Init                          0x00004451   Thumb Code    54  systemclock.o(i.SystemTick_Init)
    TIMER1_IRQHandler                        0x00004499   Thumb Code   106  sample.o(i.TIMER1_IRQHandler)
    TWIS_DevicesUpdate                       0x0000451d   Thumb Code     2  twis.o(i.TWIS_DevicesUpdate)
    TWIS_Dump                                0x0000451f   Thumb Code     2  twis.o(i.TWIS_Dump)
    TWIS_Init                                0x00004521   Thumb Code     6  twis.o(i.TWIS_Init)
    TWIS_McuStateUpdate                      0x00004527   Thumb Code     2  twis.o(i.TWIS_McuStateUpdate)
    TWIS_VolumeUpdate                        0x00004529   Thumb Code     4  twis.o(i.TWIS_VolumeUpdate)
    TransferReset                            0x0000452d   Thumb Code    28  stransfer.o(i.TransferReset)
    UARTE0_UART0_IRQHandler                  0x0000455d   Thumb Code    20  nrf_drv_uart.o(i.UARTE0_UART0_IRQHandler)
    Uart_Init                                0x00004575   Thumb Code    86  uart.o(i.Uart_Init)
    UpdateDevicesInfo                        0x000045dd   Thumb Code   212  flash.o(i.UpdateDevicesInfo)
    UpdateFrameState                         0x000046b5   Thumb Code   366  sender.o(i.UpdateFrameState)
    Watchdog_Feed                            0x00004851   Thumb Code     8  systemclock.o(i.Watchdog_Feed)
    Watchdog_Init                            0x00004861   Thumb Code    50  systemclock.o(i.Watchdog_Init)
    _is_digit                                0x00004911   Thumb Code    14  __printf_wp.o(i._is_digit)
    app_error_fault_handler                  0x00004921   Thumb Code    60  app_error.o(i.app_error_fault_handler)
    app_error_handler_bare                   0x00004965   Thumb Code    26  app_error.o(i.app_error_handler_bare)
    app_fifo_get                             0x0000497f   Thumb Code    30  app_fifo.o(i.app_fifo_get)
    app_fifo_init                            0x0000499d   Thumb Code    36  app_fifo.o(i.app_fifo_init)
    app_fifo_put                             0x000049c1   Thumb Code    34  app_fifo.o(i.app_fifo_put)
    app_uart_close                           0x00004bb5   Thumb Code    10  app_uart_fifo.o(i.app_uart_close)
    app_uart_get                             0x00004bc1   Thumb Code    46  app_uart_fifo.o(i.app_uart_get)
    app_uart_init                            0x00004bf9   Thumb Code   178  app_uart_fifo.o(i.app_uart_init)
    app_uart_put                             0x00004cc5   Thumb Code    34  app_uart_fifo.o(i.app_uart_put)
    fputc                                    0x000051ad   Thumb Code    16  retarget.o(i.fputc)
    initQueue                                0x000051bd   Thumb Code   316  queue.o(i.initQueue)
    isQueueFull                              0x00005375   Thumb Code    30  queue.o(i.isQueueFull)
    isQueueNotEmpty                          0x00005393   Thumb Code    18  queue.o(i.isQueueNotEmpty)
    main                                     0x000053a5   Thumb Code  1298  sender.o(i.main)
    nrf_drv_common_irq_enable                0x000058f1   Thumb Code    92  nrf_drv_common.o(i.nrf_drv_common_irq_enable)
    nrf_drv_gpiote_in_event_enable           0x00005965   Thumb Code   170  nrf_drv_gpiote.o(i.nrf_drv_gpiote_in_event_enable)
    nrf_drv_gpiote_in_init                   0x00005a1d   Thumb Code   198  nrf_drv_gpiote.o(i.nrf_drv_gpiote_in_init)
    nrf_drv_gpiote_init                      0x00005af5   Thumb Code    78  nrf_drv_gpiote.o(i.nrf_drv_gpiote_init)
    nrf_drv_uart_init                        0x00005f31   Thumb Code   202  nrf_drv_uart.o(i.nrf_drv_uart_init)
    nrf_drv_uart_rx                          0x00006015   Thumb Code   168  nrf_drv_uart.o(i.nrf_drv_uart_rx)
    nrf_drv_uart_rx_enable                   0x000060c5   Thumb Code    26  nrf_drv_uart.o(i.nrf_drv_uart_rx_enable)
    nrf_drv_uart_tx                          0x0000624d   Thumb Code    66  nrf_drv_uart.o(i.nrf_drv_uart_tx)
    nrf_drv_uart_uninit                      0x00006391   Thumb Code    60  nrf_drv_uart.o(i.nrf_drv_uart_uninit)
    pullQueue                                0x000066fd   Thumb Code    86  queue.o(i.pullQueue)
    pushQueue                                0x00006753   Thumb Code    86  queue.o(i.pushQueue)
    rawDataProcess                           0x000067a9   Thumb Code   358  stransfer.o(i.rawDataProcess)
    _get_lc_ctype                            0x00006e1d   Thumb Code    44  lc_ctype_c.o(locale$$code)
    _fp_init                                 0x00006e49   Thumb Code    10  fpinit.o(x$fpl$fpinit)
    __fplib_config_fpu_vfp                   0x00006e51   Thumb Code     0  fpinit.o(x$fpl$fpinit)
    __fplib_config_pureend_doubles           0x00006e51   Thumb Code     0  fpinit.o(x$fpl$fpinit)
    IndexTable                               0x00006fb8   Data          64  ima_adpcm.o(.constdata)
    HanmmingArray                            0x00006ff8   Data        1024  signalprocess.o(.constdata)
    HanmmingSubArray                         0x000073f8   Data        1024  signalprocess.o(.constdata)
    volSet                                   0x00007804   Data           5  button.o(.constdata)
    arm_cfft_sR_f32_len256                   0x00007868   Data          16  arm_const_structs.o(.constdata)
    twiddleCoef_256                          0x00007878   Data        2048  arm_common_tables.o(.constdata)
    armBitRevIndexTable256                   0x00008078   Data         880  arm_common_tables.o(.constdata)
    Region$$Table$$Base                      0x00008424   Number         0  anon$$obj.o(Region$$Table)
    Region$$Table$$Limit                     0x00008444   Number         0  anon$$obj.o(Region$$Table)
    __ctype                                  0x00008451   Data           0  lc_ctype_c.o(locale$$data)
    BatteryGrade                             0x20000004   Data           1  sample.o(.data)
    meanVal                                  0x20000008   Data           4  sample.o(.data)
    sampleState                              0x2000000c   Data           1  sample.o(.data)
    quietThreshold                           0x20000034   Data           1  sender.o(.data)
    SystemTicks                              0x2000003c   Data           4  systemclock.o(.data)
    rxPos                                    0x20000058   Data           1  uart.o(.data)
    BatIndCount                              0x20000059   Data           1  led.o(.data)
    LedFlashCount                            0x2000005a   Data           1  led.o(.data)
    chargingState                            0x2000005b   Data           1  led.o(.data)
    volStep                                  0x2000005d   Data           1  button.o(.data)
    SystemCoreClock                          0x20000060   Data           4  system_nrf52.o(.data)
    __stdout                                 0x20000070   Data           4  retarget.o(.data)
    __stdin                                  0x20000074   Data           4  retarget.o(.data)
    SenderSC                                 0x2000007c   Data         196  sender.o(.bss)
    NoiseMagArray                            0x200082e4   Data        1024  signalprocess.o(.bss)
    uartQ                                    0x20008ee4   Data          20  queue.o(.bss)
    audioQ                                   0x20008ef8   Data          20  queue.o(.bss)
    msgQ                                     0x20008f0c   Data          20  queue.o(.bss)
    rxBuf                                    0x20008f70   Data          64  uart.o(.bss)
    ledPins                                  0x200090f0   Data          24  led.o(.bss)
    __libspace_start                         0x200091ac   Data          96  libspace.o(.bss)
    __temporary_stack_top$libspace           0x2000920c   Data           0  libspace.o(.bss)



==============================================================================

Memory Map of the image

  Image Entry point : 0x00000201

  Load Region LR_IROM1 (Base: 0x00000000, Size: 0x000085d0, Max: 0x00080000, ABSOLUTE)

    Execution Region ER_IROM1 (Exec base: 0x00000000, Load base: 0x00000000, Size: 0x00008554, Max: 0x00080000, ABSOLUTE)

    Exec Addr    Load Addr    Size         Type   Attr      Idx    E Section Name        Object

    0x00000000   0x00000000   0x00000200   Data   RO         1035    RESET               arm_startup_nrf52.o
    0x00000200   0x00000200   0x00000008   Code   RO         2745  * !!!main             c_w.l(__main.o)
    0x00000208   0x00000208   0x00000034   Code   RO         2994    !!!scatter          c_w.l(__scatter.o)
    0x0000023c   0x0000023c   0x0000001a   Code   RO         2996    !!handler_copy      c_w.l(__scatter_copy.o)
    0x00000256   0x00000256   0x00000002   PAD
    0x00000258   0x00000258   0x0000001c   Code   RO         2998    !!handler_zi        c_w.l(__scatter_zi.o)
    0x00000274   0x00000274   0x000000c0   Code   RO         2521    . text              arm_cortexM4lf_math.lib(arm_bitreversal2.o)
    0x00000334   0x00000334   0x00000000   Code   RO         2725    .ARM.Collect$$_printf_percent$$00000000  c_w.l(_printf_percent.o)
    0x00000334   0x00000334   0x00000006   Code   RO         2724    .ARM.Collect$$_printf_percent$$00000009  c_w.l(_printf_d.o)
    0x0000033a   0x0000033a   0x00000006   Code   RO         2723    .ARM.Collect$$_printf_percent$$0000000C  c_w.l(_printf_x.o)
    0x00000340   0x00000340   0x00000006   Code   RO         2722    .ARM.Collect$$_printf_percent$$00000014  c_w.l(_printf_s.o)
    0x00000346   0x00000346   0x00000004   Code   RO         2798    .ARM.Collect$$_printf_percent$$00000017  c_w.l(_printf_percent_end.o)
    0x0000034a   0x0000034a   0x00000002   Code   RO         2933    .ARM.Collect$$libinit$$00000000  c_w.l(libinit.o)
    0x0000034c   0x0000034c   0x00000004   Code   RO         2805    .ARM.Collect$$libinit$$00000001  c_w.l(libinit2.o)
    0x00000350   0x00000350   0x00000000   Code   RO         2808    .ARM.Collect$$libinit$$00000004  c_w.l(libinit2.o)
    0x00000350   0x00000350   0x00000008   Code   RO         2809    .ARM.Collect$$libinit$$00000005  c_w.l(libinit2.o)
    0x00000358   0x00000358   0x00000000   Code   RO         2811    .ARM.Collect$$libinit$$0000000A  c_w.l(libinit2.o)
    0x00000358   0x00000358   0x00000000   Code   RO         2813    .ARM.Collect$$libinit$$0000000C  c_w.l(libinit2.o)
    0x00000358   0x00000358   0x00000000   Code   RO         2815    .ARM.Collect$$libinit$$0000000E  c_w.l(libinit2.o)
    0x00000358   0x00000358   0x00000006   Code   RO         2816    .ARM.Collect$$libinit$$0000000F  c_w.l(libinit2.o)
    0x0000035e   0x0000035e   0x00000000   Code   RO         2818    .ARM.Collect$$libinit$$00000011  c_w.l(libinit2.o)
    0x0000035e   0x0000035e   0x0000000c   Code   RO         2819    .ARM.Collect$$libinit$$00000012  c_w.l(libinit2.o)
    0x0000036a   0x0000036a   0x00000000   Code   RO         2820    .ARM.Collect$$libinit$$00000013  c_w.l(libinit2.o)
    0x0000036a   0x0000036a   0x00000000   Code   RO         2822    .ARM.Collect$$libinit$$00000015  c_w.l(libinit2.o)
    0x0000036a   0x0000036a   0x00000000   Code   RO         2824    .ARM.Collect$$libinit$$00000017  c_w.l(libinit2.o)
    0x0000036a   0x0000036a   0x00000000   Code   RO         2826    .ARM.Collect$$libinit$$00000019  c_w.l(libinit2.o)
    0x0000036a   0x0000036a   0x00000000   Code   RO         2828    .ARM.Collect$$libinit$$0000001B  c_w.l(libinit2.o)
    0x0000036a   0x0000036a   0x00000000   Code   RO         2830    .ARM.Collect$$libinit$$0000001D  c_w.l(libinit2.o)
    0x0000036a   0x0000036a   0x00000000   Code   RO         2832    .ARM.Collect$$libinit$$0000001F  c_w.l(libinit2.o)
    0x0000036a   0x0000036a   0x00000000   Code   RO         2834    .ARM.Collect$$libinit$$00000021  c_w.l(libinit2.o)
    0x0000036a   0x0000036a   0x00000000   Code   RO         2836    .ARM.Collect$$libinit$$00000023  c_w.l(libinit2.o)
    0x0000036a   0x0000036a   0x00000000   Code   RO         2838    .ARM.Collect$$libinit$$00000025  c_w.l(libinit2.o)
    0x0000036a   0x0000036a   0x00000000   Code   RO         2842    .ARM.Collect$$libinit$$0000002C  c_w.l(libinit2.o)
    0x0000036a   0x0000036a   0x00000000   Code   RO         2844    .ARM.Collect$$libinit$$0000002E  c_w.l(libinit2.o)
    0x0000036a   0x0000036a   0x00000000   Code   RO         2846    .ARM.Collect$$libinit$$00000030  c_w.l(libinit2.o)
    0x0000036a   0x0000036a   0x00000000   Code   RO         2848    .ARM.Collect$$libinit$$00000032  c_w.l(libinit2.o)
    0x0000036a   0x0000036a   0x00000002   Code   RO         2849    .ARM.Collect$$libinit$$00000033  c_w.l(libinit2.o)
    0x0000036c   0x0000036c   0x00000002   Code   RO         2991    .ARM.Collect$$libshutdown$$00000000  c_w.l(libshutdown.o)
    0x0000036e   0x0000036e   0x00000000   Code   RO         2947    .ARM.Collect$$libshutdown$$00000002  c_w.l(libshutdown2.o)
    0x0000036e   0x0000036e   0x00000000   Code   RO         2949    .ARM.Collect$$libshutdown$$00000004  c_w.l(libshutdown2.o)
    0x0000036e   0x0000036e   0x00000000   Code   RO         2952    .ARM.Collect$$libshutdown$$00000007  c_w.l(libshutdown2.o)
    0x0000036e   0x0000036e   0x00000000   Code   RO         2955    .ARM.Collect$$libshutdown$$0000000A  c_w.l(libshutdown2.o)
    0x0000036e   0x0000036e   0x00000000   Code   RO         2957    .ARM.Collect$$libshutdown$$0000000C  c_w.l(libshutdown2.o)
    0x0000036e   0x0000036e   0x00000000   Code   RO         2960    .ARM.Collect$$libshutdown$$0000000F  c_w.l(libshutdown2.o)
    0x0000036e   0x0000036e   0x00000002   Code   RO         2961    .ARM.Collect$$libshutdown$$00000010  c_w.l(libshutdown2.o)
    0x00000370   0x00000370   0x00000000   Code   RO         2749    .ARM.Collect$$rtentry$$00000000  c_w.l(__rtentry.o)
    0x00000370   0x00000370   0x00000000   Code   RO         2856    .ARM.Collect$$rtentry$$00000002  c_w.l(__rtentry2.o)
    0x00000370   0x00000370   0x00000006   Code   RO         2868    .ARM.Collect$$rtentry$$00000004  c_w.l(__rtentry4.o)
    0x00000376   0x00000376   0x00000000   Code   RO         2858    .ARM.Collect$$rtentry$$00000009  c_w.l(__rtentry2.o)
    0x00000376   0x00000376   0x00000004   Code   RO         2859    .ARM.Collect$$rtentry$$0000000A  c_w.l(__rtentry2.o)
    0x0000037a   0x0000037a   0x00000000   Code   RO         2861    .ARM.Collect$$rtentry$$0000000C  c_w.l(__rtentry2.o)
    0x0000037a   0x0000037a   0x00000008   Code   RO         2862    .ARM.Collect$$rtentry$$0000000D  c_w.l(__rtentry2.o)
    0x00000382   0x00000382   0x00000002   Code   RO         2936    .ARM.Collect$$rtexit$$00000000  c_w.l(rtexit.o)
    0x00000384   0x00000384   0x00000000   Code   RO         2965    .ARM.Collect$$rtexit$$00000002  c_w.l(rtexit2.o)
    0x00000384   0x00000384   0x00000004   Code   RO         2966    .ARM.Collect$$rtexit$$00000003  c_w.l(rtexit2.o)
    0x00000388   0x00000388   0x00000006   Code   RO         2967    .ARM.Collect$$rtexit$$00000004  c_w.l(rtexit2.o)
    0x0000038e   0x0000038e   0x00000002   PAD
    0x00000390   0x00000390   0x00000000   Code   RO         2877    .emb_text           c_w.l(maybetermalloc1.o)
    0x00000390   0x00000390   0x00000040   Code   RO         1036    .text               arm_startup_nrf52.o
    0x000003d0   0x000003d0   0x000000fc   Code   RO         2288    .text               arm_cortexM4lf_math.lib(arm_cmplx_mag_f32.o)
    0x000004cc   0x000004cc   0x00000722   Code   RO         2334    .text               arm_cortexM4lf_math.lib(arm_cfft_f32.o)
    0x00000bee   0x00000bee   0x00000002   PAD
    0x00000bf0   0x00000bf0   0x000004dc   Code   RO         2500    .text               arm_cortexM4lf_math.lib(arm_cfft_radix8_f32.o)
    0x000010cc   0x000010cc   0x0000005e   Code   RO         2611    .text               c_w.l(h1_alloc.o)
    0x0000112a   0x0000112a   0x00000002   PAD
    0x0000112c   0x0000112c   0x00000018   Code   RO         2669    .text               c_w.l(noretval__2printf.o)
    0x00001144   0x00001144   0x0000004e   Code   RO         2675    .text               c_w.l(_printf_pad.o)
    0x00001192   0x00001192   0x00000052   Code   RO         2677    .text               c_w.l(_printf_str.o)
    0x000011e4   0x000011e4   0x00000078   Code   RO         2679    .text               c_w.l(_printf_dec.o)
    0x0000125c   0x0000125c   0x00000058   Code   RO         2684    .text               c_w.l(_printf_hex_int.o)
    0x000012b4   0x000012b4   0x00000138   Code   RO         2714    .text               c_w.l(__printf_flags_wp.o)
    0x000013ec   0x000013ec   0x0000001a   Code   RO         2726    .text               c_w.l(atoi.o)
    0x00001406   0x00001406   0x00000070   Code   RO         2728    .text               c_w.l(strtol.o)
    0x00001476   0x00001476   0x00000002   PAD
    0x00001478   0x00001478   0x0000000c   Code   RO         2730    .text               c_w.l(strtok.o)
    0x00001484   0x00001484   0x00000058   Code   RO         2733    .text               c_w.l(memcmp.o)
    0x000014dc   0x000014dc   0x00000064   Code   RO         2737    .text               c_w.l(rt_memcpy_w.o)
    0x00001540   0x00001540   0x0000004e   Code   RO         2739    .text               c_w.l(rt_memclr_w.o)
    0x0000158e   0x0000158e   0x00000002   PAD
    0x00001590   0x00001590   0x00000080   Code   RO         2741    .text               c_w.l(strcmpv7m.o)
    0x00001610   0x00001610   0x00000006   Code   RO         2743    .text               c_w.l(heapauxi.o)
    0x00001616   0x00001616   0x00000002   PAD
    0x00001618   0x00001618   0x00000010   Code   RO         2750    .text               c_w.l(rt_ctype_table.o)
    0x00001628   0x00001628   0x00000008   Code   RO         2755    .text               c_w.l(rt_heap_descriptor_intlibspace.o)
    0x00001630   0x00001630   0x00000008   Code   RO         2760    .text               c_w.l(rt_errno_addr_intlibspace.o)
    0x00001638   0x00001638   0x00000004   Code   RO         2762    .text               c_w.l(hguard.o)
    0x0000163c   0x0000163c   0x0000008a   Code   RO         2764    .text               c_w.l(init_alloc.o)
    0x000016c6   0x000016c6   0x0000000e   Code   RO         2770    .text               c_w.l(h1_init.o)
    0x000016d4   0x000016d4   0x0000004e   Code   RO         2772    .text               c_w.l(h1_free.o)
    0x00001722   0x00001722   0x000000b2   Code   RO         2788    .text               c_w.l(_printf_intcommon.o)
    0x000017d4   0x000017d4   0x00000030   Code   RO         2790    .text               c_w.l(_printf_char_common.o)
    0x00001804   0x00001804   0x0000002c   Code   RO         2794    .text               c_w.l(_printf_char.o)
    0x00001830   0x00001830   0x00000024   Code   RO         2796    .text               c_w.l(_printf_char_file.o)
    0x00001854   0x00001854   0x0000009e   Code   RO         2799    .text               c_w.l(_strtoul.o)
    0x000018f2   0x000018f2   0x00000002   PAD
    0x000018f4   0x000018f4   0x00000044   Code   RO         2801    .text               c_w.l(strtok_int.o)
    0x00001938   0x00001938   0x00000008   Code   RO         2852    .text               c_w.l(libspace.o)
    0x00001940   0x00001940   0x00000008   Code   RO         2873    .text               c_w.l(rt_locale_intlibspace.o)
    0x00001948   0x00001948   0x00000034   Code   RO         2879    .text               c_w.l(h1_extend.o)
    0x0000197c   0x0000197c   0x0000001c   Code   RO         2885    .text               c_w.l(_chval.o)
    0x00001998   0x00001998   0x00000008   Code   RO         2887    .text               c_w.l(ferror.o)
    0x000019a0   0x000019a0   0x0000000e   Code   RO         2894    .text               c_w.l(defsig_rtmem_outer.o)
    0x000019ae   0x000019ae   0x00000020   Code   RO         2898    .text               c_w.l(strcspn.o)
    0x000019ce   0x000019ce   0x0000001c   Code   RO         2900    .text               c_w.l(strspn.o)
    0x000019ea   0x000019ea   0x00000002   Code   RO         2909    .text               c_w.l(use_no_semi.o)
    0x000019ec   0x000019ec   0x00000000   Code   RO         2911    .text               c_w.l(indicate_semi.o)
    0x000019ec   0x000019ec   0x0000004a   Code   RO         2912    .text               c_w.l(sys_stackheap_outer.o)
    0x00001a36   0x00001a36   0x00000012   Code   RO         2918    .text               c_w.l(exit.o)
    0x00001a48   0x00001a48   0x0000000a   Code   RO         2920    .text               c_w.l(defsig_exit.o)
    0x00001a52   0x00001a52   0x00000002   PAD
    0x00001a54   0x00001a54   0x00000050   Code   RO         2922    .text               c_w.l(defsig_rtmem_inner.o)
    0x00001aa4   0x00001aa4   0x0000000c   Code   RO         2934    .text               c_w.l(sys_exit.o)
    0x00001ab0   0x00001ab0   0x00000032   Code   RO         2944    .text               c_w.l(defsig_general.o)
    0x00001ae2   0x00001ae2   0x0000000e   Code   RO         2962    .text               c_w.l(sys_wrch.o)
    0x00001af0   0x00001af0   0x00000050   Code   RO          183    i.AudioLineIsChanged  sample.o
    0x00001b40   0x00001b40   0x000000c0   Code   RO          993    i.BSP_GpioInit      button.o
    0x00001c00   0x00001c00   0x0000000c   Code   RO          184    i.BatteryGetGrade   sample.o
    0x00001c0c   0x00001c0c   0x0000000c   Code   RO          185    i.BatteryGetValue   sample.o
    0x00001c18   0x00001c18   0x00000314   Code   RO          186    i.BatteryLevelDetect  sample.o
    0x00001f2c   0x00001f2c   0x00000024   Code   RO          187    i.Battery_Init      sample.o
    0x00001f50   0x00001f50   0x00000070   Code   RO          313    i.Broadcast_SetType  sender.o
    0x00001fc0   0x00001fc0   0x00000178   Code   RO          542    i.Denoise           signalprocess.o
    0x00002138   0x00002138   0x00000128   Code   RO          314    i.EventProcess      sender.o
    0x00002260   0x00002260   0x000000f0   Code   RO          688    i.FrameProcess      stransfer.o
    0x00002350   0x00002350   0x0000014c   Code   RO         1195    i.GPIOTE_IRQHandler  nrf_drv_gpiote.o
    0x0000249c   0x0000249c   0x000000e4   Code   RO          826    i.GetDevicesInfo    flash.o
    0x00002580   0x00002580   0x00000104   Code   RO          315    i.GetFrameState     sender.o
    0x00002684   0x00002684   0x00000050   Code   RO          316    i.GetMessage        sender.o
    0x000026d4   0x000026d4   0x00000054   Code   RO          543    i.HanmmingFunction  signalprocess.o
    0x00002728   0x00002728   0x00000030   Code   RO          544    i.HanmmingSubWindow  signalprocess.o
    0x00002758   0x00002758   0x0000012c   Code   RO          509    i.IMA_ADPCM_BlockEncode  ima_adpcm.o
    0x00002884   0x00002884   0x00000020   Code   RO          949    i.LedIsBusy         led.o
    0x000028a4   0x000028a4   0x0000007c   Code   RO          950    i.Led_Init          led.o
    0x00002920   0x00002920   0x000002e4   Code   RO          994    i.MessageProcess    button.o
    0x00002c04   0x00002c04   0x000000b4   Code   RO          317    i.MessageUpdate     sender.o
    0x00002cb8   0x00002cb8   0x00000054   Code   RO          188    i.MicStateUpdate    sample.o
    0x00002d0c   0x00002d0c   0x00000134   Code   RO          545    i.NoiseEstimate     signalprocess.o
    0x00002e40   0x00002e40   0x0000000e   Code   RO          189    i.NoiseSample_Start  sample.o
    0x00002e4e   0x00002e4e   0x0000000e   Code   RO          190    i.NoiseSample_Stop  sample.o
    0x00002e5c   0x00002e5c   0x00000028   Code   RO          191    i.Noise_Init        sample.o
    0x00002e84   0x00002e84   0x0000003c   Code   RO            4    i.PAM_Enable        rf.o
    0x00002ec0   0x00002ec0   0x00000038   Code   RO            5    i.PAM_Init          rf.o
    0x00002ef8   0x00002ef8   0x0000001c   Code   RO            6    i.PAM_Power         rf.o
    0x00002f14   0x00002f14   0x0000001c   Code   RO          318    i.PostMessage       sender.o
    0x00002f30   0x00002f30   0x00000044   Code   RO            7    i.RADIO_IRQHandler  rf.o
    0x00002f74   0x00002f74   0x0000003c   Code   RO          408    i.RND_Get           systemclock.o
    0x00002fb0   0x00002fb0   0x00000030   Code   RO          409    i.RTC0_IRQHandler   systemclock.o
    0x00002fe0   0x00002fe0   0x00000028   Code   RO          689    i.RTC2_IRQHandler   stransfer.o
    0x00003008   0x00003008   0x00000068   Code   RO            8    i.Rf_AddressUpdate  rf.o
    0x00003070   0x00003070   0x00000108   Code   RO            9    i.Rf_Broadcast      rf.o
    0x00003178   0x00003178   0x00000098   Code   RO           10    i.Rf_Init           rf.o
    0x00003210   0x00003210   0x000001a8   Code   RO           11    i.Rf_ReceiveUpdate  rf.o
    0x000033b8   0x000033b8   0x000000d4   Code   RO           12    i.Rf_SendPackage    rf.o
    0x0000348c   0x0000348c   0x00000002   Code   RO           13    i.Rf_SetMode        rf.o
    0x0000348e   0x0000348e   0x00000002   PAD
    0x00003490   0x00003490   0x000000cc   Code   RO           14    i.Rf_StartRx        rf.o
    0x0000355c   0x0000355c   0x0000013c   Code   RO           15    i.Rf_Test           rf.o
    0x00003698   0x00003698   0x0000000e   Code   RO         1435    i.SPIM1_SPIS1_TWIM1_TWIS1_SPI1_TWI1_IRQHandler  nrf_drv_twis.o
    0x000036a6   0x000036a6   0x00000002   PAD
    0x000036a8   0x000036a8   0x00000140   Code   RO          192    i.Sample_Init       sample.o
    0x000037e8   0x000037e8   0x00000070   Code   RO          193    i.Sample_SetSrc     sample.o
    0x00003858   0x00003858   0x00000040   Code   RO          194    i.Sample_Start      sample.o
    0x00003898   0x00003898   0x0000005c   Code   RO          195    i.Sample_Stop       sample.o
    0x000038f4   0x000038f4   0x000001dc   Code   RO          319    i.SendSC_Init       sender.o
    0x00003ad0   0x00003ad0   0x00000590   Code   RO          951    i.SetLedState       led.o
    0x00004060   0x00004060   0x00000010   Code   RO          546    i.SignalProcess_Init  signalprocess.o
    0x00004070   0x00004070   0x00000014   Code   RO          547    i.SignalProcess_Run  signalprocess.o
    0x00004084   0x00004084   0x000000c0   Code   RO          548    i.SpectralSubtract  signalprocess.o
    0x00004144   0x00004144   0x00000040   Code   RO          410    i.SystemClock_Init  systemclock.o
    0x00004184   0x00004184   0x00000010   Code   RO         1043    i.SystemCoreClockUpdate  system_nrf52.o
    0x00004194   0x00004194   0x0000026c   Code   RO         1044    i.SystemInit        system_nrf52.o
    0x00004400   0x00004400   0x00000044   Code   RO          411    i.SystemTick_Get    systemclock.o
    0x00004444   0x00004444   0x0000000c   Code   RO          412    i.SystemTick_GetSecond  systemclock.o
    0x00004450   0x00004450   0x00000048   Code   RO          414    i.SystemTick_Init   systemclock.o
    0x00004498   0x00004498   0x00000084   Code   RO          196    i.TIMER1_IRQHandler  sample.o
    0x0000451c   0x0000451c   0x00000002   Code   RO          739    i.TWIS_DevicesUpdate  twis.o
    0x0000451e   0x0000451e   0x00000002   Code   RO          740    i.TWIS_Dump         twis.o
    0x00004520   0x00004520   0x00000006   Code   RO          741    i.TWIS_Init         twis.o
    0x00004526   0x00004526   0x00000002   Code   RO          742    i.TWIS_McuStateUpdate  twis.o
    0x00004528   0x00004528   0x00000004   Code   RO          743    i.TWIS_VolumeUpdate  twis.o
    0x0000452c   0x0000452c   0x00000030   Code   RO          690    i.TransferReset     stransfer.o
    0x0000455c   0x0000455c   0x00000018   Code   RO         1686    i.UARTE0_UART0_IRQHandler  nrf_drv_uart.o
    0x00004574   0x00004574   0x00000068   Code   RO          871    i.Uart_Init         uart.o
    0x000045dc   0x000045dc   0x000000d8   Code   RO          827    i.UpdateDevicesInfo  flash.o
    0x000046b4   0x000046b4   0x0000019c   Code   RO          320    i.UpdateFrameState  sender.o
    0x00004850   0x00004850   0x00000010   Code   RO          415    i.Watchdog_Feed     systemclock.o
    0x00004860   0x00004860   0x00000040   Code   RO          416    i.Watchdog_Init     systemclock.o
    0x000048a0   0x000048a0   0x0000003c   Code   RO          417    i.__NVIC_DisableIRQ  systemclock.o
    0x000048dc   0x000048dc   0x0000001a   Code   RO           17    i.__NVIC_EnableIRQ  rf.o
    0x000048f6   0x000048f6   0x0000001a   Code   RO          418    i.__NVIC_EnableIRQ  systemclock.o
    0x00004910   0x00004910   0x0000000e   Code   RO         2712    i._is_digit         c_w.l(__printf_wp.o)
    0x0000491e   0x0000491e   0x00000002   PAD
    0x00004920   0x00004920   0x00000044   Code   RO         2063    i.app_error_fault_handler  app_error.o
    0x00004964   0x00004964   0x0000001a   Code   RO         2065    i.app_error_handler_bare  app_error.o
    0x0000497e   0x0000497e   0x0000001e   Code   RO         2121    i.app_fifo_get      app_fifo.o
    0x0000499c   0x0000499c   0x00000024   Code   RO         2122    i.app_fifo_init     app_fifo.o
    0x000049c0   0x000049c0   0x00000022   Code   RO         2123    i.app_fifo_put      app_fifo.o
    0x000049e2   0x000049e2   0x00000002   PAD
    0x000049e4   0x000049e4   0x000001d0   Code   RO          995    i.app_gpioe_cb      button.o
    0x00004bb4   0x00004bb4   0x0000000a   Code   RO         1967    i.app_uart_close    app_uart_fifo.o
    0x00004bbe   0x00004bbe   0x00000002   PAD
    0x00004bc0   0x00004bc0   0x00000038   Code   RO         1969    i.app_uart_get      app_uart_fifo.o
    0x00004bf8   0x00004bf8   0x000000cc   Code   RO         1970    i.app_uart_init     app_uart_fifo.o
    0x00004cc4   0x00004cc4   0x0000002c   Code   RO         1971    i.app_uart_put      app_uart_fifo.o
    0x00004cf0   0x00004cf0   0x000000bc   Code   RO         1687    i.apply_config      nrf_drv_uart.o
    0x00004dac   0x00004dac   0x00000020   Code   RO         1196    i.channel_free      nrf_drv_gpiote.o
    0x00004dcc   0x00004dcc   0x00000010   Code   RO         1197    i.channel_handler_get  nrf_drv_gpiote.o
    0x00004ddc   0x00004ddc   0x00000080   Code   RO         1198    i.channel_port_alloc  nrf_drv_gpiote.o
    0x00004e5c   0x00004e5c   0x0000000c   Code   RO         1199    i.channel_port_get  nrf_drv_gpiote.o
    0x00004e68   0x00004e68   0x00000054   Code   RO         1045    i.errata_108        system_nrf52.o
    0x00004ebc   0x00004ebc   0x00000054   Code   RO         1046    i.errata_12         system_nrf52.o
    0x00004f10   0x00004f10   0x00000054   Code   RO         1047    i.errata_136        system_nrf52.o
    0x00004f64   0x00004f64   0x00000030   Code   RO         1048    i.errata_16         system_nrf52.o
    0x00004f94   0x00004f94   0x00000054   Code   RO         1049    i.errata_31         system_nrf52.o
    0x00004fe8   0x00004fe8   0x00000030   Code   RO         1050    i.errata_32         system_nrf52.o
    0x00005018   0x00005018   0x00000054   Code   RO         1051    i.errata_36         system_nrf52.o
    0x0000506c   0x0000506c   0x00000030   Code   RO         1052    i.errata_37         system_nrf52.o
    0x0000509c   0x0000509c   0x00000030   Code   RO         1053    i.errata_57         system_nrf52.o
    0x000050cc   0x000050cc   0x00000030   Code   RO         1054    i.errata_66         system_nrf52.o
    0x000050fc   0x000050fc   0x00000014   Code   RO         2126    i.fifo_get          app_fifo.o
    0x00005110   0x00005110   0x0000000a   Code   RO         1972    i.fifo_length       app_uart_fifo.o
    0x0000511a   0x0000511a   0x0000000a   Code   RO         2127    i.fifo_length       app_fifo.o
    0x00005124   0x00005124   0x00000012   Code   RO         2128    i.fifo_put          app_fifo.o
    0x00005136   0x00005136   0x00000002   PAD
    0x00005138   0x00005138   0x0000003c   Code   RO          828    i.flash_page_erase  flash.o
    0x00005174   0x00005174   0x00000038   Code   RO          829    i.flash_word_write  flash.o
    0x000051ac   0x000051ac   0x00000010   Code   RO         2249    i.fputc             retarget.o
    0x000051bc   0x000051bc   0x0000014c   Code   RO          623    i.initQueue         queue.o
    0x00005308   0x00005308   0x0000006c   Code   RO         1688    i.interrupts_disable  nrf_drv_uart.o
    0x00005374   0x00005374   0x0000001e   Code   RO          624    i.isQueueFull       queue.o
    0x00005392   0x00005392   0x00000012   Code   RO          625    i.isQueueNotEmpty   queue.o
    0x000053a4   0x000053a4   0x0000052c   Code   RO          322    i.main              sender.o
    0x000058d0   0x000058d0   0x00000020   Code   RO         1436    i.nrf_drv_call_event_handler  nrf_drv_twis.o
    0x000058f0   0x000058f0   0x00000068   Code   RO         1133    i.nrf_drv_common_irq_enable  nrf_drv_common.o
    0x00005958   0x00005958   0x0000000a   Code   RO         1437    i.nrf_drv_event_to_bitpos  nrf_drv_twis.o
    0x00005962   0x00005962   0x00000002   PAD
    0x00005964   0x00005964   0x000000b8   Code   RO         1202    i.nrf_drv_gpiote_in_event_enable  nrf_drv_gpiote.o
    0x00005a1c   0x00005a1c   0x000000d8   Code   RO         1203    i.nrf_drv_gpiote_in_init  nrf_drv_gpiote.o
    0x00005af4   0x00005af4   0x00000054   Code   RO         1206    i.nrf_drv_gpiote_init  nrf_drv_gpiote.o
    0x00005b48   0x00005b48   0x0000001e   Code   RO         1440    i.nrf_drv_twis_check_bit  nrf_drv_twis.o
    0x00005b66   0x00005b66   0x00000016   Code   RO         1442    i.nrf_drv_twis_clear_bit  nrf_drv_twis.o
    0x00005b7c   0x00005b7c   0x00000042   Code   RO         1447    i.nrf_drv_twis_event_bit_get  nrf_drv_twis.o
    0x00005bbe   0x00005bbe   0x00000002   PAD
    0x00005bc0   0x00005bc0   0x0000003c   Code   RO         1455    i.nrf_drv_twis_process_error  nrf_drv_twis.o
    0x00005bfc   0x00005bfc   0x00000334   Code   RO         1458    i.nrf_drv_twis_state_machine  nrf_drv_twis.o
    0x00005f30   0x00005f30   0x000000e4   Code   RO         1690    i.nrf_drv_uart_init  nrf_drv_uart.o
    0x00006014   0x00006014   0x000000b0   Code   RO         1691    i.nrf_drv_uart_rx   nrf_drv_uart.o
    0x000060c4   0x000060c4   0x00000020   Code   RO         1694    i.nrf_drv_uart_rx_enable  nrf_drv_uart.o
    0x000060e4   0x000060e4   0x000000b4   Code   RO         1695    i.nrf_drv_uart_rx_for_uart  nrf_drv_uart.o
    0x00006198   0x00006198   0x000000b4   Code   RO         1696    i.nrf_drv_uart_rx_for_uarte  nrf_drv_uart.o
    0x0000624c   0x0000624c   0x00000048   Code   RO         1697    i.nrf_drv_uart_tx   nrf_drv_uart.o
    0x00006294   0x00006294   0x0000008c   Code   RO         1699    i.nrf_drv_uart_tx_for_uart  nrf_drv_uart.o
    0x00006320   0x00006320   0x00000070   Code   RO         1700    i.nrf_drv_uart_tx_for_uarte  nrf_drv_uart.o
    0x00006390   0x00006390   0x00000044   Code   RO         1701    i.nrf_drv_uart_uninit  nrf_drv_uart.o
    0x000063d4   0x000063d4   0x00000024   Code   RO         1219    i.nrf_gpio_cfg      nrf_drv_gpiote.o
    0x000063f8   0x000063f8   0x00000024   Code   RO         1702    i.nrf_gpio_cfg      nrf_drv_uart.o
    0x0000641c   0x0000641c   0x00000018   Code   RO         1703    i.nrf_gpio_cfg_default  nrf_drv_uart.o
    0x00006434   0x00006434   0x0000001a   Code   RO         1704    i.nrf_gpio_cfg_input  nrf_drv_uart.o
    0x0000644e   0x0000644e   0x00000018   Code   RO         1705    i.nrf_gpio_cfg_output  nrf_drv_uart.o
    0x00006466   0x00006466   0x00000002   PAD
    0x00006468   0x00006468   0x00000024   Code   RO         1221    i.nrf_gpio_cfg_sense_set  nrf_drv_gpiote.o
    0x0000648c   0x0000648c   0x00000010   Code   RO         1706    i.nrf_gpio_pin_set  nrf_drv_uart.o
    0x0000649c   0x0000649c   0x0000000c   Code   RO         1224    i.nrf_gpiote_event_addr_get  nrf_drv_gpiote.o
    0x000064a8   0x000064a8   0x0000001c   Code   RO         1225    i.nrf_gpiote_event_clear  nrf_drv_gpiote.o
    0x000064c4   0x000064c4   0x00000016   Code   RO         1226    i.nrf_gpiote_event_is_set  nrf_drv_gpiote.o
    0x000064da   0x000064da   0x00000002   PAD
    0x000064dc   0x000064dc   0x0000000c   Code   RO         1227    i.nrf_gpiote_int_enable  nrf_drv_gpiote.o
    0x000064e8   0x000064e8   0x0000000c   Code   RO         1466    i.nrf_twis_error_source_get_and_clear  nrf_drv_twis.o
    0x000064f4   0x000064f4   0x00000014   Code   RO         1467    i.nrf_twis_event_clear  nrf_drv_twis.o
    0x00006508   0x00006508   0x00000006   Code   RO         1468    i.nrf_twis_getRegPtr  nrf_drv_twis.o
    0x0000650e   0x0000650e   0x0000000c   Code   RO         1471    i.nrf_twis_rx_amount_get  nrf_drv_twis.o
    0x0000651a   0x0000651a   0x0000000c   Code   RO         1473    i.nrf_twis_tx_amount_get  nrf_drv_twis.o
    0x00006526   0x00006526   0x0000000c   Code   RO         1707    i.nrf_uart_errorsrc_get_and_clear  nrf_drv_uart.o
    0x00006532   0x00006532   0x0000000e   Code   RO         1708    i.nrf_uart_event_check  nrf_drv_uart.o
    0x00006540   0x00006540   0x00000006   Code   RO         1709    i.nrf_uart_event_clear  nrf_drv_uart.o
    0x00006546   0x00006546   0x0000000a   Code   RO         1710    i.nrf_uart_hwfc_pins_set  nrf_drv_uart.o
    0x00006550   0x00006550   0x00000006   Code   RO         1711    i.nrf_uart_int_disable  nrf_drv_uart.o
    0x00006556   0x00006556   0x00000006   Code   RO         1712    i.nrf_uart_int_enable  nrf_drv_uart.o
    0x0000655c   0x0000655c   0x00000012   Code   RO         1713    i.nrf_uart_int_enable_check  nrf_drv_uart.o
    0x0000656e   0x0000656e   0x00000006   Code   RO         1714    i.nrf_uart_task_trigger  nrf_drv_uart.o
    0x00006574   0x00006574   0x0000000a   Code   RO         1715    i.nrf_uart_txrx_pins_set  nrf_drv_uart.o
    0x0000657e   0x0000657e   0x0000000c   Code   RO         1716    i.nrf_uarte_errorsrc_get_and_clear  nrf_drv_uart.o
    0x0000658a   0x0000658a   0x0000000e   Code   RO         1717    i.nrf_uarte_event_check  nrf_drv_uart.o
    0x00006598   0x00006598   0x00000006   Code   RO         1718    i.nrf_uarte_event_clear  nrf_drv_uart.o
    0x0000659e   0x0000659e   0x0000000c   Code   RO         1719    i.nrf_uarte_hwfc_pins_set  nrf_drv_uart.o
    0x000065aa   0x000065aa   0x00000006   Code   RO         1720    i.nrf_uarte_int_disable  nrf_drv_uart.o
    0x000065b0   0x000065b0   0x00000006   Code   RO         1721    i.nrf_uarte_int_enable  nrf_drv_uart.o
    0x000065b6   0x000065b6   0x0000000a   Code   RO         1722    i.nrf_uarte_rx_amount_get  nrf_drv_uart.o
    0x000065c0   0x000065c0   0x00000006   Code   RO         1723    i.nrf_uarte_task_trigger  nrf_drv_uart.o
    0x000065c6   0x000065c6   0x0000000e   Code   RO         1724    i.nrf_uarte_txrx_pins_set  nrf_drv_uart.o
    0x000065d4   0x000065d4   0x0000001c   Code   RO         1229    i.pin_in_use_by_gpiote  nrf_drv_gpiote.o
    0x000065f0   0x000065f0   0x00000018   Code   RO         1230    i.pin_in_use_by_port  nrf_drv_gpiote.o
    0x00006608   0x00006608   0x00000020   Code   RO         1231    i.pin_in_use_by_te  nrf_drv_gpiote.o
    0x00006628   0x00006628   0x0000000c   Code   RO         1232    i.pin_in_use_clear  nrf_drv_gpiote.o
    0x00006634   0x00006634   0x000000c8   Code   RO         1725    i.pins_to_default   nrf_drv_uart.o
    0x000066fc   0x000066fc   0x00000056   Code   RO          626    i.pullQueue         queue.o
    0x00006752   0x00006752   0x00000056   Code   RO          627    i.pushQueue         queue.o
    0x000067a8   0x000067a8   0x00000188   Code   RO          692    i.rawDataProcess    stransfer.o
    0x00006930   0x00006930   0x00000050   Code   RO         1726    i.rx_byte           nrf_drv_uart.o
    0x00006980   0x00006980   0x00000024   Code   RO         1727    i.rx_done_event     nrf_drv_uart.o
    0x000069a4   0x000069a4   0x00000024   Code   RO         1728    i.rx_enable         nrf_drv_uart.o
    0x000069c8   0x000069c8   0x00000038   Code   RO         1729    i.tx_byte           nrf_drv_uart.o
    0x00006a00   0x00006a00   0x0000002c   Code   RO         1730    i.tx_done_event     nrf_drv_uart.o
    0x00006a2c   0x00006a2c   0x000000a4   Code   RO          874    i.uart_error_handle  uart.o
    0x00006ad0   0x00006ad0   0x000000c0   Code   RO         1973    i.uart_event_handler  app_uart_fifo.o
    0x00006b90   0x00006b90   0x00000160   Code   RO         1731    i.uart_irq_handler  nrf_drv_uart.o
    0x00006cf0   0x00006cf0   0x0000012c   Code   RO         1732    i.uarte_irq_handler  nrf_drv_uart.o
    0x00006e1c   0x00006e1c   0x0000002c   Code   RO         2892    locale$$code        c_w.l(lc_ctype_c.o)
    0x00006e48   0x00006e48   0x0000000a   Code   RO         2907    x$fpl$fpinit        g_wm.l(fpinit.o)
    0x00006e52   0x00006e52   0x00000002   PAD
    0x00006e54   0x00006e54   0x000001a4   Data   RO          510    .constdata          ima_adpcm.o
    0x00006ff8   0x00006ff8   0x00000800   Data   RO          550    .constdata          signalprocess.o
    0x000077f8   0x000077f8   0x0000000c   Data   RO          876    .constdata          uart.o
    0x00007804   0x00007804   0x0000000c   Data   RO          997    .constdata          button.o
    0x00007810   0x00007810   0x00000018   Data   RO         1475    .constdata          nrf_drv_twis.o
    0x00007828   0x00007828   0x00000020   Data   RO         1734    .constdata          nrf_drv_uart.o
    0x00007848   0x00007848   0x00000020   Data   RO         1975    .constdata          app_uart_fifo.o
    0x00007868   0x00007868   0x00000010   Data   RO         2369    .constdata          arm_cortexM4lf_math.lib(arm_const_structs.o)
    0x00007878   0x00007878   0x00000800   Data   RO         2533    .constdata          arm_cortexM4lf_math.lib(arm_common_tables.o)
    0x00008078   0x00008078   0x00000370   Data   RO         2562    .constdata          arm_cortexM4lf_math.lib(arm_common_tables.o)
    0x000083e8   0x000083e8   0x00000028   Data   RO         2685    .constdata          c_w.l(_printf_hex_int.o)
    0x00008410   0x00008410   0x00000011   Data   RO         2715    .constdata          c_w.l(__printf_flags_wp.o)
    0x00008421   0x00008421   0x00000003   PAD
    0x00008424   0x00008424   0x00000020   Data   RO         2992    Region$$Table       anon$$obj.o
    0x00008444   0x00008444   0x00000110   Data   RO         2891    locale$$data        c_w.l(lc_ctype_c.o)


    Execution Region RW_IRAM1 (Exec base: 0x20000000, Load base: 0x00008554, Size: 0x0000d210, Max: 0x00010000, ABSOLUTE)

    Exec Addr    Load Addr    Size         Type   Attr      Idx    E Section Name        Object

    0x20000000   0x00008554   0x00000002   Data   RW           18    .data               rf.o
    0x20000002   0x00008556   0x00000002   PAD
    0x20000004   0x00008558   0x0000002d   Data   RW          197    .data               sample.o
    0x20000031   0x00008585   0x00000003   PAD
    0x20000034   0x00008588   0x00000008   Data   RW          324    .data               sender.o
    0x2000003c   0x00008590   0x00000004   Data   RW          419    .data               systemclock.o
    0x20000040   0x00008594   0x00000004   Data   RW          511    .data               ima_adpcm.o
    0x20000044   0x00008598   0x00000001   Data   RW          629    .data               queue.o
    0x20000045   0x00008599   0x00000003   PAD
    0x20000048   0x0000859c   0x00000010   Data   RW          694    .data               stransfer.o
    0x20000058   0x000085ac   0x00000001   Data   RW          877    .data               uart.o
    0x20000059   0x000085ad   0x00000004   Data   RW          953    .data               led.o
    0x2000005d   0x000085b1   0x00000001   Data   RW          998    .data               button.o
    0x2000005e   0x000085b2   0x00000002   PAD
    0x20000060   0x000085b4   0x00000004   Data   RW         1055    .data               system_nrf52.o
    0x20000064   0x000085b8   0x00000001   Data   RW         1476    .data               nrf_drv_twis.o
    0x20000065   0x000085b9   0x00000003   PAD
    0x20000068   0x000085bc   0x00000007   Data   RW         1976    .data               app_uart_fifo.o
    0x2000006f   0x000085c3   0x00000001   PAD
    0x20000070   0x000085c4   0x00000008   Data   RW         2250    .data               retarget.o
    0x20000078   0x000085cc   0x00000004   Data   RW         2731    .data               c_w.l(strtok.o)
    0x2000007c        -       0x00008266   Zero   RW          323    .bss                sender.o
    0x200082e2   0x000085d0   0x00000002   PAD
    0x200082e4        -       0x00000c00   Zero   RW          549    .bss                signalprocess.o
    0x20008ee4        -       0x0000003c   Zero   RW          628    .bss                queue.o
    0x20008f20        -       0x00000050   Zero   RW          693    .bss                stransfer.o
    0x20008f70        -       0x00000180   Zero   RW          875    .bss                uart.o
    0x200090f0        -       0x00000018   Zero   RW          952    .bss                led.o
    0x20009108        -       0x00000010   Zero   RW          996    .bss                button.o
    0x20009118        -       0x00000048   Zero   RW         1233    .bss                nrf_drv_gpiote.o
    0x20009160        -       0x0000000c   Zero   RW         1474    .bss                nrf_drv_twis.o
    0x2000916c        -       0x00000020   Zero   RW         1733    .bss                nrf_drv_uart.o
    0x2000918c        -       0x00000020   Zero   RW         1974    .bss                app_uart_fifo.o
    0x200091ac        -       0x00000060   Zero   RW         2853    .bss                c_w.l(libspace.o)
    0x2000920c   0x000085d0   0x00000004   PAD
    0x20009210        -       0x00002000   Zero   RW         1034    HEAP                arm_startup_nrf52.o
    0x2000b210        -       0x00002000   Zero   RW         1033    STACK               arm_startup_nrf52.o


==============================================================================

Image component sizes


      Code (inc. data)   RO Data    RW Data    ZI Data      Debug   Object Name

        94          8          0          0          0       2851   app_error.o
       148          0          0          0          0       4742   app_fifo.o
       516         68         32          7         32      12731   app_uart_fifo.o
        64         26        512          0      16384        924   arm_startup_nrf52.o
         0          0          0          0          0       5236   at.o
      1396        168         12          1         16       3813   button.o
       560         30          0          0          0       3089   flash.o
       300         16        420          4          0       1873   ima_adpcm.o
      1580         78          0          4         24       3131   led.o
       104         12          0          0          0      31167   nrf_drv_common.o
      1246        124          0          0         72      23936   nrf_drv_gpiote.o
      1116         30         24          1         12      46162   nrf_drv_twis.o
      2912        216         32          0         32      45221   nrf_drv_uart.o
       552         16          0          1         60       4952   queue.o
        16          0          0          8          0       2710   retarget.o
      1916        210          0          2          0      76761   rf.o
      1800        252          0         45          0      42923   sample.o
      3168        418          0          8      33382      12610   sender.o
      1044         56       2048          0       3072       6052   signalprocess.o
       720         90          0         16         80       3762   stransfer.o
      1296        132          0          4          0      37370   system_nrf52.o
       490         96          0          4          0      35970   systemclock.o
        16          0          0          0          0       9459   twis.o
       268         30         12          1        384       4118   uart.o

    ----------------------------------------------------------------------
     21340       2076       3124        120      53552     421563   Object Totals
         0          0         32          0          0          0   (incl. Generated)
        18          0          0         14          2          0   (incl. Padding)

    ----------------------------------------------------------------------

      Code (inc. data)   RO Data    RW Data    ZI Data      Debug   Library Member Name

       192          0          0          0          0        572   arm_bitreversal2.o
      1826          0          0          0          0      17385   arm_cfft_f32.o
      1244          4          0          0          0       3123   arm_cfft_radix8_f32.o
       252          6          0          0          0      17652   arm_cmplx_mag_f32.o
         0          0       2928          0          0       4704   arm_common_tables.o
         0          0         16          0          0       4212   arm_const_structs.o
         8          0          0          0          0         68   __main.o
       312          4         17          0          0         92   __printf_flags_wp.o
        14          0          0          0          0         68   __printf_wp.o
         0          0          0          0          0          0   __rtentry.o
        12          0          0          0          0          0   __rtentry2.o
         6          0          0          0          0          0   __rtentry4.o
        52          8          0          0          0          0   __scatter.o
        26          0          0          0          0          0   __scatter_copy.o
        28          0          0          0          0          0   __scatter_zi.o
        28          0          0          0          0         68   _chval.o
        44          0          0          0          0        108   _printf_char.o
        48          6          0          0          0         96   _printf_char_common.o
        36          4          0          0          0         80   _printf_char_file.o
         6          0          0          0          0          0   _printf_d.o
       120         16          0          0          0         92   _printf_dec.o
        88          4         40          0          0         88   _printf_hex_int.o
       178          0          0          0          0         88   _printf_intcommon.o
        78          0          0          0          0        108   _printf_pad.o
         0          0          0          0          0          0   _printf_percent.o
         4          0          0          0          0          0   _printf_percent_end.o
         6          0          0          0          0          0   _printf_s.o
        82          0          0          0          0         80   _printf_str.o
         6          0          0          0          0          0   _printf_x.o
       158          0          0          0          0         92   _strtoul.o
        26          0          0          0          0         80   atoi.o
        10          0          0          0          0         68   defsig_exit.o
        50          0          0          0          0         88   defsig_general.o
        80         58          0          0          0         76   defsig_rtmem_inner.o
        14          0          0          0          0         80   defsig_rtmem_outer.o
        18          0          0          0          0         80   exit.o
         8          0          0          0          0         68   ferror.o
        94          0          0          0          0         80   h1_alloc.o
        52          0          0          0          0         68   h1_extend.o
        78          0          0          0          0         80   h1_free.o
        14          0          0          0          0         84   h1_init.o
         6          0          0          0          0        152   heapauxi.o
         4          0          0          0          0        136   hguard.o
         0          0          0          0          0          0   indicate_semi.o
       138          0          0          0          0        168   init_alloc.o
        44         10        272          0          0         76   lc_ctype_c.o
         2          0          0          0          0          0   libinit.o
        32          0          0          0          0          0   libinit2.o
         2          0          0          0          0          0   libshutdown.o
         2          0          0          0          0          0   libshutdown2.o
         8          4          0          0         96         68   libspace.o
         0          0          0          0          0          0   maybetermalloc1.o
        88          0          0          0          0         76   memcmp.o
        24          4          0          0          0         84   noretval__2printf.o
        16          4          0          0          0         76   rt_ctype_table.o
         8          4          0          0          0         68   rt_errno_addr_intlibspace.o
         8          4          0          0          0         68   rt_heap_descriptor_intlibspace.o
         8          4          0          0          0         68   rt_locale_intlibspace.o
        78          0          0          0          0         80   rt_memclr_w.o
       100          0          0          0          0         80   rt_memcpy_w.o
         2          0          0          0          0          0   rtexit.o
        10          0          0          0          0          0   rtexit2.o
       128          0          0          0          0         68   strcmpv7m.o
        32          0          0          0          0         80   strcspn.o
        28          0          0          0          0         80   strspn.o
        12          6          0          4          0         68   strtok.o
        68          4          0          0          0         84   strtok_int.o
       112          0          0          0          0         88   strtol.o
        12          4          0          0          0         68   sys_exit.o
        74          0          0          0          0         80   sys_stackheap_outer.o
        14          0          0          0          0         76   sys_wrch.o
         2          0          0          0          0         68   use_no_semi.o
        10          0          0          0          0        116   fpinit.o

    ----------------------------------------------------------------------
      6392        158       3276          4        100      51704   Library Totals
        22          0          3          0          4          0   (incl. Padding)

    ----------------------------------------------------------------------

      Code (inc. data)   RO Data    RW Data    ZI Data      Debug   Library Name

      3514         10       2944          0          0      47648   arm_cortexM4lf_math.lib
      2846        148        329          4         96       3940   c_w.l
        10          0          0          0          0        116   g_wm.l

    ----------------------------------------------------------------------
      6392        158       3276          4        100      51704   Library Totals

    ----------------------------------------------------------------------

==============================================================================


      Code (inc. data)   RO Data    RW Data    ZI Data      Debug   

     27732       2234       6400        124      53652     453179   Grand Totals
     27732       2234       6400        124      53652     453179   ELF Image Totals
     27732       2234       6400        124          0          0   ROM Totals

==============================================================================

    Total RO  Size (Code + RO Data)                34132 (  33.33kB)
    Total RW  Size (RW Data + ZI Data)             53776 (  52.52kB)
    Total ROM Size (Code + RO Data + RW Data)      34256 (  33.45kB)

==============================================================================

