Component: ARM Compiler 5.06 update 6 (build 750) Tool: armlink [4d35ed]

==============================================================================

Section Cross References

    play.o(i.Play_EventTips) refers to systemtick.o(i.SystemTick_Get) for SystemTick_Get
    play.o(i.Play_EventTips) refers to play.o(i.Play_SetParam) for Play_SetParam
    play.o(i.Play_EventTips) refers to play.o(i.Play_Start) for Play_Start
    play.o(i.Play_EventTips) refers to receiver.o(.bss) for ReceiverSC
    play.o(i.Play_GetState) refers to play.o(.data) for PlayState
    play.o(i.Play_Init) refers to play.o(.data) for PWM_Duty
    play.o(i.Play_SetParam) refers to play.o(i.Play_ShutDown) for Play_ShutDown
    play.o(i.Play_ShutDown) refers to play.o(i.Play_Stop) for Play_Stop
    play.o(i.Play_ShutDown) refers to receiver.o(.bss) for ReceiverSC
    play.o(i.Play_Start) refers to play.o(.data) for PlayState
    play.o(i.Play_Stop) refers to play.o(.data) for PlayState
    play.o(i.TIMER1_IRQHandler) refers to receiver.o(.bss) for ReceiverSC
    play.o(i.TIMER1_IRQHandler) refers to play.o(.data) for LastPlayPoint
    receiver.o(i.BroadcastDataProcess) refers to memcmp.o(.text) for memcmp
    receiver.o(i.BroadcastDataProcess) refers to receiver.o(i.DeviceIdCheck) for DeviceIdCheck
    receiver.o(i.BroadcastDataProcess) refers to play.o(i.Play_SetParam) for Play_SetParam
    receiver.o(i.BroadcastDataProcess) refers to play.o(i.Play_Start) for Play_Start
    receiver.o(i.BroadcastDataProcess) refers to receiver.o(.bss) for ReceiverSC
    receiver.o(i.BroadcastDataProcess) refers to tipsaudio.o(.constdata) for Tips_Connect
    receiver.o(i.ReceiverSC_Init) refers to rt_memclr_w.o(.text) for __aeabi_memclr4
    receiver.o(i.ReceiverSC_Init) refers to flash.o(i.UpdateDeviceInfo) for UpdateDeviceInfo
    receiver.o(i.ReceiverSC_Init) refers to receiver.o(.bss) for ReceiverSC
    receiver.o(i.main) refers to receiver.o(i.GPIO_Reset) for GPIO_Reset
    receiver.o(i.main) refers to receiver.o(i.SystemClock_Init) for SystemClock_Init
    receiver.o(i.main) refers to receiver.o(i.ReceiverSC_Init) for ReceiverSC_Init
    receiver.o(i.main) refers to systemtick.o(i.SystemTick_Init) for SystemTick_Init
    receiver.o(i.main) refers to rf.o(i.Rf_Init) for Rf_Init
    receiver.o(i.main) refers to rtransfer.o(i.rxTransferInit) for rxTransferInit
    receiver.o(i.main) refers to play.o(i.Play_Init) for Play_Init
    receiver.o(i.main) refers to receiver.o(i.BroadcastDataProcess) for BroadcastDataProcess
    receiver.o(i.main) refers to play.o(i.Play_SetParam) for Play_SetParam
    receiver.o(i.main) refers to systemtick.o(i.SystemTick_Get) for SystemTick_Get
    receiver.o(i.main) refers to rf.o(i.Rf_StartRx) for Rf_StartRx
    receiver.o(i.main) refers to rf.o(i.Rf_Stop) for Rf_Stop
    receiver.o(i.main) refers to play.o(i.Play_Start) for Play_Start
    receiver.o(i.main) refers to receiver.o(i.RND_Get) for RND_Get
    receiver.o(i.main) refers to systemtick.o(i.SystemTick_ForceSleepMs) for SystemTick_ForceSleepMs
    receiver.o(i.main) refers to systemtick.o(i.User_WFI) for User_WFI
    receiver.o(i.main) refers to rtransfer.o(i.rxFrameProcess) for rxFrameProcess
    receiver.o(i.main) refers to play.o(i.Play_ShutDown) for Play_ShutDown
    receiver.o(i.main) refers to receiver.o(.bss) for ReceiverSC
    receiver.o(i.main) refers to tipsaudio.o(.constdata) for Tips_Unconnect
    receiver.o(i.main) refers to receiver.o(i.DataEventProcess) for DataEventProcess
    receiver.o(i.main) refers to rf.o(i.Rf_BondResponse) for Rf_BondResponse
    receiver.o(i.main) refers to play.o(i.Play_EventTips) for Play_EventTips
    rf.o(i.RADIO_IRQHandler) refers to receiver.o(.bss) for ReceiverSC
    rf.o(i.Rf_BondResponse) refers to rf.o(i.Rf_SendPackage) for Rf_SendPackage
    rf.o(i.Rf_BondResponse) refers to receiver.o(.bss) for ReceiverSC
    rf.o(i.Rf_EnterScanMode) refers to rf.o(.data) for oldscan
    rf.o(i.Rf_Init) refers to rf.o(i.__NVIC_EnableIRQ) for __NVIC_EnableIRQ
    rf.o(i.Rf_StartRx) refers to rf.o(i.Rf_EnterScanMode) for Rf_EnterScanMode
    rf.o(i.Rf_StartRx) refers to rf.o(i.__NVIC_EnableIRQ) for __NVIC_EnableIRQ
    rf.o(i.Rf_StartRx) refers to receiver.o(.bss) for ReceiverSC
    systemtick.o(i.RTC0_IRQHandler) refers to systemtick.o(.data) for SystemTicks
    systemtick.o(i.RTC1_IRQHandler) refers to systemtick.o(.data) for ForceSleep
    systemtick.o(i.SystemTick_ForceSleepMs) refers to dflt_clz.o(x$fpl$dfltu) for __aeabi_ui2d
    systemtick.o(i.SystemTick_ForceSleepMs) refers to dmul.o(x$fpl$dmul) for __aeabi_dmul
    systemtick.o(i.SystemTick_ForceSleepMs) refers to daddsub_clz.o(x$fpl$dadd) for __aeabi_dadd
    systemtick.o(i.SystemTick_ForceSleepMs) refers to dfixu.o(x$fpl$dfixu) for __aeabi_d2uiz
    systemtick.o(i.SystemTick_ForceSleepMs) refers to systemtick.o(i.__NVIC_EnableIRQ) for __NVIC_EnableIRQ
[...]
    libshutdown.o(.ARM.Collect$$libshutdown$$00000000) refers (Special) to libshutdown2.o(.ARM.Collect$$libshutdown$$0000000C) for __rt_lib_shutdown_user_alloc_1


==============================================================================

Removing Unused input sections from the image.

    Removing play.o(.rev16_text), (4 bytes).
    Removing play.o(.revsh_text), (4 bytes).
    Removing play.o(.rrx_text), (6 bytes).
    Removing play.o(.emb_text), (118 bytes).
    Removing play.o(i.Play_GetState), (12 bytes).
    Removing receiver.o(.rev16_text), (4 bytes).
    Removing receiver.o(.revsh_text), (4 bytes).
    Removing receiver.o(.rrx_text), (6 bytes).
    Removing rf.o(.rev16_text), (4 bytes).
    Removing rf.o(.revsh_text), (4 bytes).
    Removing rf.o(.rrx_text), (6 bytes).
    Removing uart.o(.rev16_text), (4 bytes).
    Removing uart.o(.revsh_text), (4 bytes).
    Removing uart.o(.rrx_text), (6 bytes).
    Removing uart.o(i.rtc_FatalMessage), (2 bytes).
    Removing uart.o(i.rtc_LogInt), (2 bytes).
    Removing systemtick.o(.rev16_text), (4 bytes).
    Removing systemtick.o(.revsh_text), (4 bytes).
    Removing systemtick.o(.rrx_text), (6 bytes).
    Removing systemtick.o(i.SystemTick_ForceSleepTicks), (80 bytes).
    Removing systemtick.o(i.SystemTick_GetTicks), (52 bytes).
    Removing ima_adpcm.o(.rev16_text), (4 bytes).
    Removing ima_adpcm.o(.revsh_text), (4 bytes).
    Removing ima_adpcm.o(.rrx_text), (6 bytes).
    Removing ima_adpcm.o(i.IMA_ADPCM_BlockEncode), (300 bytes).
    Removing ima_adpcm.o(.data), (4 bytes).
    Removing queue.o(.rev16_text), (4 bytes).
    Removing queue.o(.revsh_text), (4 bytes).
    Removing queue.o(.rrx_text), (6 bytes).
    Removing queue.o(i.getQueueElements), (24 bytes).
    Removing queue.o(i.isQueueFull), (30 bytes).
    Removing queue.o(i.isQueueNotEmpty), (18 bytes).
    Removing queue.o(i.pullQueue), (86 bytes).
    Removing queue.o(i.pushQueue), (86 bytes).
    Removing rtransfer.o(.rev16_text), (4 bytes).
    Removing rtransfer.o(.revsh_text), (4 bytes).
    Removing rtransfer.o(.rrx_text), (6 bytes).
    Removing rtransfer.o(.constdata), (4 bytes).
    Removing flash.o(.rev16_text), (4 bytes).
    Removing flash.o(.revsh_text), (4 bytes).
    Removing flash.o(.rrx_text), (6 bytes).
    Removing flash.o(i.SetBondedDevice), (112 bytes).
    Removing flash.o(i.flash_page_erase), (60 bytes).
    Removing flash.o(i.flash_word_write), (56 bytes).
    Removing system_nrf52.o(.rev16_text), (4 bytes).
    Removing system_nrf52.o(.revsh_text), (4 bytes).
    Removing system_nrf52.o(.rrx_text), (6 bytes).
    Removing nrf_drv_common.o(.rev16_text), (4 bytes).
    Removing nrf_drv_common.o(.revsh_text), (4 bytes).
    Removing nrf_drv_common.o(.rrx_text), (6 bytes).
    Removing nrf_drv_common.o(i.nrf_drv_common_irq_enable), (104 bytes).
    Removing nrf_delay.o(.rev16_text), (4 bytes).
    Removing nrf_delay.o(.revsh_text), (4 bytes).
    Removing nrf_delay.o(.rrx_text), (6 bytes).
    Removing nrf_delay.o(.emb_text), (118 bytes).
    Removing nrf_delay.o(i.nrf_delay_ms), (26 bytes).
    Removing nrf_drv_uart.o(.rev16_text), (4 bytes).
    Removing nrf_drv_uart.o(.revsh_text), (4 bytes).
    Removing nrf_drv_uart.o(.rrx_text), (6 bytes).
    Removing nrf_drv_uart.o(i.apply_config), (188 bytes).
    Removing nrf_drv_uart.o(i.interrupts_disable), (108 bytes).
    Removing nrf_drv_uart.o(i.nrf_drv_uart_errorsrc_get), (60 bytes).
    Removing nrf_drv_uart.o(i.nrf_drv_uart_init), (228 bytes).
    Removing nrf_drv_uart.o(i.nrf_drv_uart_rx), (176 bytes).
    Removing nrf_drv_uart.o(i.nrf_drv_uart_rx_abort), (48 bytes).
    Removing nrf_drv_uart.o(i.nrf_drv_uart_rx_disable), (32 bytes).
    Removing nrf_drv_uart.o(i.nrf_drv_uart_rx_enable), (32 bytes).
    Removing nrf_drv_uart.o(i.nrf_drv_uart_rx_for_uart), (180 bytes).
    Removing nrf_drv_uart.o(i.nrf_drv_uart_rx_for_uarte), (180 bytes).
    Removing nrf_drv_uart.o(i.nrf_drv_uart_tx), (72 bytes).
    Removing nrf_drv_uart.o(i.nrf_drv_uart_tx_abort), (96 bytes).
    Removing nrf_drv_uart.o(i.nrf_drv_uart_tx_for_uart), (140 bytes).
    Removing nrf_drv_uart.o(i.nrf_drv_uart_tx_for_uarte), (112 bytes).
    Removing nrf_drv_uart.o(i.nrf_drv_uart_uninit), (68 bytes).
    Removing nrf_drv_uart.o(i.nrf_gpio_cfg), (36 bytes).
    Removing nrf_drv_uart.o(i.nrf_gpio_cfg_default), (24 bytes).
    Removing nrf_drv_uart.o(i.nrf_gpio_cfg_input), (26 bytes).
    Removing nrf_drv_uart.o(i.nrf_gpio_cfg_output), (24 bytes).
    Removing nrf_drv_uart.o(i.nrf_gpio_pin_set), (16 bytes).
    Removing nrf_drv_uart.o(i.nrf_uart_hwfc_pins_set), (10 bytes).
    Removing nrf_drv_uart.o(i.nrf_uart_int_enable), (6 bytes).
    Removing nrf_drv_uart.o(i.nrf_uart_txrx_pins_set), (10 bytes).
    Removing nrf_drv_uart.o(i.nrf_uarte_hwfc_pins_set), (12 bytes).
    Removing nrf_drv_uart.o(i.nrf_uarte_int_disable), (6 bytes).
    Removing nrf_drv_uart.o(i.nrf_uarte_int_enable), (6 bytes).
    Removing nrf_drv_uart.o(i.nrf_uarte_task_trigger), (6 bytes).
    Removing nrf_drv_uart.o(i.nrf_uarte_txrx_pins_set), (14 bytes).
    Removing nrf_drv_uart.o(i.pins_to_default), (200 bytes).
    Removing nrf_drv_uart.o(i.rx_enable), (36 bytes).
    Removing nrf_drv_uart.o(.constdata), (32 bytes).
    Removing app_uart_fifo.o(.rev16_text), (4 bytes).
    Removing app_uart_fifo.o(.revsh_text), (4 bytes).
    Removing app_uart_fifo.o(.rrx_text), (6 bytes).
    Removing app_uart_fifo.o(i.app_uart_close), (10 bytes).
    Removing app_uart_fifo.o(i.app_uart_flush), (52 bytes).
    Removing app_uart_fifo.o(i.app_uart_get), (56 bytes).
    Removing app_uart_fifo.o(i.app_uart_init), (204 bytes).
    Removing app_uart_fifo.o(i.app_uart_put), (44 bytes).
    Removing app_uart_fifo.o(i.fifo_length), (10 bytes).
    Removing app_uart_fifo.o(i.uart_event_handler), (192 bytes).
    Removing app_uart_fifo.o(.bss), (32 bytes).
    Removing app_uart_fifo.o(.constdata), (32 bytes).
    Removing app_uart_fifo.o(.data), (7 bytes).
    Removing app_error.o(.rev16_text), (4 bytes).
    Removing app_error.o(.revsh_text), (4 bytes).
    Removing app_error.o(.rrx_text), (6 bytes).
    Removing app_error.o(i.app_error_fault_handler), (68 bytes).
    Removing app_error.o(i.app_error_handler), (30 bytes).
    Removing app_error.o(i.app_error_handler_bare), (26 bytes).
    Removing app_error.o(i.app_error_save_and_stop), (136 bytes).
    Removing app_error.o(.bss), (32 bytes).
    Removing app_fifo.o(.rev16_text), (4 bytes).
    Removing app_fifo.o(.revsh_text), (4 bytes).
    Removing app_fifo.o(.rrx_text), (6 bytes).
    Removing app_fifo.o(i.app_fifo_flush), (10 bytes).
    Removing app_fifo.o(i.app_fifo_get), (30 bytes).
    Removing app_fifo.o(i.app_fifo_init), (36 bytes).
    Removing app_fifo.o(i.app_fifo_put), (34 bytes).
    Removing app_fifo.o(i.app_fifo_read), (106 bytes).
    Removing app_fifo.o(i.app_fifo_write), (108 bytes).
    Removing app_fifo.o(i.fifo_get), (20 bytes).
    Removing app_fifo.o(i.fifo_length), (10 bytes).
    Removing app_fifo.o(i.fifo_put), (18 bytes).
    Removing app_util_platform.o(.rev16_text), (4 bytes).
    Removing app_util_platform.o(.revsh_text), (4 bytes).
    Removing app_util_platform.o(.rrx_text), (6 bytes).
    Removing app_util_platform.o(i.critical_region_enter), (20 bytes).
    Removing app_util_platform.o(i.critical_region_exit), (24 bytes).
    Removing app_util_platform.o(.data), (4 bytes).
    Removing nrf_assert.o(.rev16_text), (4 bytes).
    Removing nrf_assert.o(.revsh_text), (4 bytes).
    Removing nrf_assert.o(.rrx_text), (6 bytes).
    Removing retarget.o(.rev16_text), (4 bytes).
    Removing retarget.o(.revsh_text), (4 bytes).
    Removing retarget.o(.rrx_text), (6 bytes).
    Removing retarget.o(i.fgetc), (22 bytes).
    Removing retarget.o(i.fputc), (16 bytes).
    Removing retarget.o(.data), (8 bytes).

138 unused section(s) (total 5141 bytes) removed from the image.

==============================================================================

Image Symbol Table

    Local Symbols

    Symbol Name                              Value     Ov Type        Size  Object(Section)

    RESET                                    0x00000000   Section     1024  arm_startup_nrf52.o(RESET)
    ../clib/angel/boardlib.s                 0x00000000   Number         0  boardinit3.o ABSOLUTE
    ../clib/angel/boardlib.s                 0x00000000   Number         0  boardinit2.o ABSOLUTE
    ../clib/angel/boardlib.s                 0x00000000   Number         0  boardinit1.o ABSOLUTE
    ../clib/angel/boardlib.s                 0x00000000   Number         0  boardshut.o ABSOLUTE
    ../clib/angel/handlers.s                 0x00000000   Number         0  __scatter_copy.o ABSOLUTE
    ../clib/angel/handlers.s                 0x00000000   Number         0  __scatter_zi.o ABSOLUTE
    ../clib/angel/kernel.s                   0x00000000   Number         0  __rtentry4.o ABSOLUTE
    ../clib/angel/kernel.s                   0x00000000   Number         0  __rtentry.o ABSOLUTE
    ../clib/angel/kernel.s                   0x00000000   Number         0  __rtentry2.o ABSOLUTE
    ../clib/angel/kernel.s                   0x00000000   Number         0  rtexit.o ABSOLUTE
    ../clib/angel/kernel.s                   0x00000000   Number         0  rtexit2.o ABSOLUTE
    ../clib/angel/rt.s                       0x00000000   Number         0  rt_raise.o ABSOLUTE
    ../clib/angel/rt.s                       0x00000000   Number         0  rt_heap_descriptor_intlibspace.o ABSOLUTE
    ../clib/angel/rt.s                       0x00000000   Number         0  rt_heap_descriptor.o ABSOLUTE
    ../clib/angel/scatter.s                  0x00000000   Number         0  __scatter.o ABSOLUTE
    ../clib/angel/startup.s                  0x00000000   Number         0  __main.o ABSOLUTE
    ../clib/angel/sys.s                      0x00000000   Number         0  indicate_semi.o ABSOLUTE
    ../clib/angel/sys.s                      0x00000000   Number         0  use_no_semi.o ABSOLUTE
    ../clib/angel/sys.s                      0x00000000   Number         0  mutex_dummy.o ABSOLUTE
    ../clib/angel/sys.s                      0x00000000   Number         0  sys_stackheap_outer.o ABSOLUTE
    ../clib/angel/sys.s                      0x00000000   Number         0  libspace.o ABSOLUTE
    ../clib/angel/sysapp.c                   0x00000000   Number         0  sys_wrch.o ABSOLUTE
    ../clib/angel/sysapp.c                   0x00000000   Number         0  sys_command.o ABSOLUTE
    ../clib/angel/sysapp.c                   0x00000000   Number         0  sys_exit.o ABSOLUTE
    ../clib/armsys.c                         0x00000000   Number         0  argv_veneer.o ABSOLUTE
    ../clib/armsys.c                         0x00000000   Number         0  _get_argv_nomalloc.o ABSOLUTE
    ../clib/armsys.c                         0x00000000   Number         0  _get_argv.o ABSOLUTE
    ../clib/armsys.c                         0x00000000   Number         0  argv_veneer.o ABSOLUTE
    ../clib/armsys.c                         0x00000000   Number         0  no_argv.o ABSOLUTE
    ../clib/heap1.c                          0x00000000   Number         0  h1_extend_mt.o ABSOLUTE
    ../clib/heap1.c                          0x00000000   Number         0  h1_extend.o ABSOLUTE
    ../clib/heap1.c                          0x00000000   Number         0  h1_alloc_mt.o ABSOLUTE
    ../clib/heap1.c                          0x00000000   Number         0  h1_init_mt.o ABSOLUTE
    ../clib/heap1.c                          0x00000000   Number         0  h1_alloc.o ABSOLUTE
    ../clib/heap1.c                          0x00000000   Number         0  h1_free_mt.o ABSOLUTE
    ../clib/heap1.c                          0x00000000   Number         0  h1_init.o ABSOLUTE
    ../clib/heap1.c                          0x00000000   Number         0  h1_final.o ABSOLUTE
    ../clib/heap1.c                          0x00000000   Number         0  h1_final_mt.o ABSOLUTE
    ../clib/heap1.c                          0x00000000   Number         0  h1_free.o ABSOLUTE
    ../clib/heap2.c                          0x00000000   Number         0  fdtree.o ABSOLUTE
    ../clib/heap2.c                          0x00000000   Number         0  heap2mt.o ABSOLUTE
    ../clib/heap2.c                          0x00000000   Number         0  heap2.o ABSOLUTE
    ../clib/heapalloc.c                      0x00000000   Number         0  hguard.o ABSOLUTE
    ../clib/heapalloc.c                      0x00000000   Number         0  init_alloc.o ABSOLUTE
    ../clib/heapalloc.c                      0x00000000   Number         0  heapstubs.o ABSOLUTE
    ../clib/heapalloc.c                      0x00000000   Number         0  maybetermalloc2.o ABSOLUTE
    ../clib/heapalloc.c                      0x00000000   Number         0  malloc.o ABSOLUTE
    ../clib/heapalloc.c                      0x00000000   Number         0  maybetermalloc1.o ABSOLUTE
    ../clib/heapalloc.c                      0x00000000   Number         0  maybetermalloc1.o ABSOLUTE
    ../clib/heapalloc.c                      0x00000000   Number         0  maybetermalloc2.o ABSOLUTE
    ../clib/heapalloc.c                      0x00000000   Number         0  hrguard.o ABSOLUTE
    ../clib/heapalloc.c                      0x00000000   Number         0  term_alloc.o ABSOLUTE
    ../clib/heapalloc.c                      0x00000000   Number         0  free.o ABSOLUTE
    ../clib/heapaux.c                        0x00000000   Number         0  heapauxa.o ABSOLUTE
    ../clib/heapaux.c                        0x00000000   Number         0  heapauxi.o ABSOLUTE
    ../clib/libinit.s                        0x00000000   Number         0  libinit2.o ABSOLUTE
    ../clib/libinit.s                        0x00000000   Number         0  libshutdown.o ABSOLUTE
    ../clib/libinit.s                        0x00000000   Number         0  libinit.o ABSOLUTE
    ../clib/libinit.s                        0x00000000   Number         0  libshutdown2.o ABSOLUTE
    ../clib/memcpset.s                       0x00000000   Number         0  rt_memclr_w.o ABSOLUTE
    ../clib/memcpset.s                       0x00000000   Number         0  rt_memcpy_w.o ABSOLUTE
    ../clib/signal.c                         0x00000000   Number         0  defsig_other.o ABSOLUTE
    ../clib/signal.c                         0x00000000   Number         0  defsig_segv_inner.o ABSOLUTE
    ../clib/signal.c                         0x00000000   Number         0  defsig_cppl_inner.o ABSOLUTE
    ../clib/signal.c                         0x00000000   Number         0  defsig_pvfn_inner.o ABSOLUTE
    ../clib/signal.c                         0x00000000   Number         0  defsig_stak_inner.o ABSOLUTE
    ../clib/signal.c                         0x00000000   Number         0  defsig_rtred_inner.o ABSOLUTE
    ../clib/signal.c                         0x00000000   Number         0  defsig_fpe_inner.o ABSOLUTE
    ../clib/signal.c                         0x00000000   Number         0  defsig_abrt_inner.o ABSOLUTE
    ../clib/signal.c                         0x00000000   Number         0  defsig_general.o ABSOLUTE
    ../clib/signal.c                         0x00000000   Number         0  __raise.o ABSOLUTE
    ../clib/signal.c                         0x00000000   Number         0  defsig_rtmem_inner.o ABSOLUTE
    ../clib/signal.c                         0x00000000   Number         0  defsig_exit.o ABSOLUTE
    ../clib/signal.c                         0x00000000   Number         0  defsig_rtmem_formal.o ABSOLUTE
    ../clib/signal.c                         0x00000000   Number         0  defsig_rtmem_outer.o ABSOLUTE
    ../clib/signal.s                         0x00000000   Number         0  defsig.o ABSOLUTE
    ../clib/stdlib.c                         0x00000000   Number         0  exit.o ABSOLUTE
    ../clib/string.c                         0x00000000   Number         0  memcmp.o ABSOLUTE
    ../fplib/daddsub.s                       0x00000000   Number         0  daddsub_clz.o ABSOLUTE
    ../fplib/dfixu.s                         0x00000000   Number         0  dfixu.o ABSOLUTE
    ../fplib/dflt.s                          0x00000000   Number         0  dflt_clz.o ABSOLUTE
    ../fplib/dmul.s                          0x00000000   Number         0  dmul.o ABSOLUTE
    ../fplib/dnaninf.s                       0x00000000   Number         0  dnaninf.o ABSOLUTE
    ../fplib/dretinf.s                       0x00000000   Number         0  dretinf.o ABSOLUTE
    ../fplib/fpinit.s                        0x00000000   Number         0  fpinit.o ABSOLUTE
    ../fplib/usenofp.s                       0x00000000   Number         0  usenofp.o ABSOLUTE
    ..\\code\\Flash.c                        0x00000000   Number         0  flash.o ABSOLUTE
    ..\\code\\IMA_ADPCM.c                    0x00000000   Number         0  ima_adpcm.o ABSOLUTE
    ..\\code\\Play.c                         0x00000000   Number         0  play.o ABSOLUTE
    ..\\code\\Queue.c                        0x00000000   Number         0  queue.o ABSOLUTE
    ..\\code\\RTransfer.c                    0x00000000   Number         0  rtransfer.o ABSOLUTE
    ..\\code\\Receiver.c                     0x00000000   Number         0  receiver.o ABSOLUTE
    ..\\code\\Rf.c                           0x00000000   Number         0  rf.o ABSOLUTE
    ..\\code\\SystemTick.c                   0x00000000   Number         0  systemtick.o ABSOLUTE
    ..\\code\\Uart.c                         0x00000000   Number         0  uart.o ABSOLUTE
    ..\code\Flash.c                          0x00000000   Number         0  flash.o ABSOLUTE
    ..\code\IMA_ADPCM.c                      0x00000000   Number         0  ima_adpcm.o ABSOLUTE
    ..\code\Play.c                           0x00000000   Number         0  play.o ABSOLUTE
    ..\code\Queue.c                          0x00000000   Number         0  queue.o ABSOLUTE
    ..\code\RTransfer.c                      0x00000000   Number         0  rtransfer.o ABSOLUTE
    ..\code\Receiver.c                       0x00000000   Number         0  receiver.o ABSOLUTE
    ..\code\Rf.c                             0x00000000   Number         0  rf.o ABSOLUTE
    ..\code\SystemTick.c                     0x00000000   Number         0  systemtick.o ABSOLUTE
    ..\code\TipsAudio.c                      0x00000000   Number         0  tipsaudio.o ABSOLUTE
    ..\code\Uart.c                           0x00000000   Number         0  uart.o ABSOLUTE
    C:\Keil_v5\ARM\PACK\NordicSemiconductor\nRF_Drivers\4.0.0-2.alpha\common\nrf_drv_common.c 0x00000000   Number         0  nrf_drv_common.o ABSOLUTE
    C:\Keil_v5\ARM\PACK\NordicSemiconductor\nRF_Drivers\4.0.0-2.alpha\delay\nrf_delay.c 0x00000000   Number         0  nrf_delay.o ABSOLUTE
    C:\Keil_v5\ARM\PACK\NordicSemiconductor\nRF_Drivers\4.0.0-2.alpha\uart\nrf_drv_uart.c 0x00000000   Number         0  nrf_drv_uart.o ABSOLUTE
    C:\\Keil_v5\\ARM\\PACK\\NordicSemiconductor\\nRF_Drivers\\4.0.0-2.alpha\\common\\nrf_drv_common.c 0x00000000   Number         0  nrf_drv_common.o ABSOLUTE
    C:\\Keil_v5\\ARM\\PACK\\NordicSemiconductor\\nRF_Drivers\\4.0.0-2.alpha\\delay\\nrf_delay.c 0x00000000   Number         0  nrf_delay.o ABSOLUTE
    C:\\Keil_v5\\ARM\\PACK\\NordicSemiconductor\\nRF_Drivers\\4.0.0-2.alpha\\uart\\nrf_drv_uart.c 0x00000000   Number         0  nrf_drv_uart.o ABSOLUTE
    RTE\Device\nRF52832_xxAA\arm_startup_nrf52.s 0x00000000   Number         0  arm_startup_nrf52.o ABSOLUTE
    RTE\Device\nRF52832_xxAA\system_nrf52.c  0x00000000   Number         0  system_nrf52.o ABSOLUTE
    RTE\\Device\\nRF52832_xxAA\\system_nrf52.c 0x00000000   Number         0  system_nrf52.o ABSOLUTE
    RTE\\nRF_Drivers\\nRF52832_xxAA\\app_uart_fifo.c 0x00000000   Number         0  app_uart_fifo.o ABSOLUTE
    RTE\\nRF_Libraries\\nRF52832_xxAA\\app_error.c 0x00000000   Number         0  app_error.o ABSOLUTE
    RTE\\nRF_Libraries\\nRF52832_xxAA\\app_fifo.c 0x00000000   Number         0  app_fifo.o ABSOLUTE
    RTE\\nRF_Libraries\\nRF52832_xxAA\\app_util_platform.c 0x00000000   Number         0  app_util_platform.o ABSOLUTE
    RTE\\nRF_Libraries\\nRF52832_xxAA\\nrf_assert.c 0x00000000   Number         0  nrf_assert.o ABSOLUTE
    RTE\\nRF_Libraries\\nRF52832_xxAA\\retarget.c 0x00000000   Number         0  retarget.o ABSOLUTE
    RTE\nRF_Drivers\nRF52832_xxAA\app_uart_fifo.c 0x00000000   Number         0  app_uart_fifo.o ABSOLUTE
    RTE\nRF_Libraries\nRF52832_xxAA\app_error.c 0x00000000   Number         0  app_error.o ABSOLUTE
    RTE\nRF_Libraries\nRF52832_xxAA\app_fifo.c 0x00000000   Number         0  app_fifo.o ABSOLUTE
    RTE\nRF_Libraries\nRF52832_xxAA\app_util_platform.c 0x00000000   Number         0  app_util_platform.o ABSOLUTE
    RTE\nRF_Libraries\nRF52832_xxAA\nrf_assert.c 0x00000000   Number         0  nrf_assert.o ABSOLUTE
    RTE\nRF_Libraries\nRF52832_xxAA\retarget.c 0x00000000   Number         0  retarget.o ABSOLUTE
    dc.s                                     0x00000000   Number         0  dc.o ABSOLUTE
    !!!main                                  0x00000400   Section        8  __main.o(!!!main)
    !!!scatter                               0x00000408   Section       52  __scatter.o(!!!scatter)
    !!handler_copy                           0x0000043c   Section       26  __scatter_copy.o(!!handler_copy)
    !!handler_zi                             0x00000458   Section       28  __scatter_zi.o(!!handler_zi)
    .ARM.Collect$$libinit$$00000000          0x00000474   Section        2  libinit.o(.ARM.Collect$$libinit$$00000000)
    .ARM.Collect$$libinit$$00000001          0x00000476   Section        4  libinit2.o(.ARM.Collect$$libinit$$00000001)
    .ARM.Collect$$libinit$$00000004          0x0000047a   Section        0  libinit2.o(.ARM.Collect$$libinit$$00000004)
    .ARM.Collect$$libinit$$00000005          0x0000047a   Section        8  libinit2.o(.ARM.Collect$$libinit$$00000005)
    .ARM.Collect$$libinit$$0000000A          0x00000482   Section        0  libinit2.o(.ARM.Collect$$libinit$$0000000A)
    .ARM.Collect$$libinit$$0000000C          0x00000482   Section        0  libinit2.o(.ARM.Collect$$libinit$$0000000C)
    .ARM.Collect$$libinit$$0000000E          0x00000482   Section        0  libinit2.o(.ARM.Collect$$libinit$$0000000E)
    .ARM.Collect$$libinit$$00000011          0x00000482   Section        0  libinit2.o(.ARM.Collect$$libinit$$00000011)
    .ARM.Collect$$libinit$$00000013          0x00000482   Section        0  libinit2.o(.ARM.Collect$$libinit$$00000013)
    .ARM.Collect$$libinit$$00000015          0x00000482   Section        0  libinit2.o(.ARM.Collect$$libinit$$00000015)
    .ARM.Collect$$libinit$$00000017          0x00000482   Section        0  libinit2.o(.ARM.Collect$$libinit$$00000017)
    .ARM.Collect$$libinit$$00000019          0x00000482   Section        0  libinit2.o(.ARM.Collect$$libinit$$00000019)
    .ARM.Collect$$libinit$$0000001B          0x00000482   Section        0  libinit2.o(.ARM.Collect$$libinit$$0000001B)
    .ARM.Collect$$libinit$$0000001D          0x00000482   Section        0  libinit2.o(.ARM.Collect$$libinit$$0000001D)
    .ARM.Collect$$libinit$$0000001F          0x00000482   Section        0  libinit2.o(.ARM.Collect$$libinit$$0000001F)
    .ARM.Collect$$libinit$$00000021          0x00000482   Section        0  libinit2.o(.ARM.Collect$$libinit$$00000021)
    .ARM.Collect$$libinit$$00000023          0x00000482   Section        0  libinit2.o(.ARM.Collect$$libinit$$00000023)
    .ARM.Collect$$libinit$$00000025          0x00000482   Section        0  libinit2.o(.ARM.Collect$$libinit$$00000025)
    .ARM.Collect$$libinit$$0000002C          0x00000482   Section        0  libinit2.o(.ARM.Collect$$libinit$$0000002C)
    .ARM.Collect$$libinit$$0000002E          0x00000482   Section        0  libinit2.o(.ARM.Collect$$libinit$$0000002E)
    .ARM.Collect$$libinit$$00000030          0x00000482   Section        0  libinit2.o(.ARM.Collect$$libinit$$00000030)
    .ARM.Collect$$libinit$$00000032          0x00000482   Section        0  libinit2.o(.ARM.Collect$$libinit$$00000032)
    .ARM.Collect$$libinit$$00000033          0x00000482   Section        2  libinit2.o(.ARM.Collect$$libinit$$00000033)
    .ARM.Collect$$libshutdown$$00000000      0x00000484   Section        2  libshutdown.o(.ARM.Collect$$libshutdown$$00000000)
    .ARM.Collect$$libshutdown$$00000002      0x00000486   Section        0  libshutdown2.o(.ARM.Collect$$libshutdown$$00000002)
    .ARM.Collect$$libshutdown$$00000004      0x00000486   Section        0  libshutdown2.o(.ARM.Collect$$libshutdown$$00000004)
    .ARM.Collect$$libshutdown$$00000007      0x00000486   Section        0  libshutdown2.o(.ARM.Collect$$libshutdown$$00000007)
    .ARM.Collect$$libshutdown$$0000000A      0x00000486   Section        0  libshutdown2.o(.ARM.Collect$$libshutdown$$0000000A)
    .ARM.Collect$$libshutdown$$0000000C      0x00000486   Section        0  libshutdown2.o(.ARM.Collect$$libshutdown$$0000000C)
    .ARM.Collect$$libshutdown$$0000000F      0x00000486   Section        0  libshutdown2.o(.ARM.Collect$$libshutdown$$0000000F)
    .ARM.Collect$$libshutdown$$00000010      0x00000486   Section        2  libshutdown2.o(.ARM.Collect$$libshutdown$$00000010)
    .ARM.Collect$$rtentry$$00000000          0x00000488   Section        0  __rtentry.o(.ARM.Collect$$rtentry$$00000000)
    .ARM.Collect$$rtentry$$00000002          0x00000488   Section        0  __rtentry2.o(.ARM.Collect$$rtentry$$00000002)
    .ARM.Collect$$rtentry$$00000004          0x00000488   Section        6  __rtentry4.o(.ARM.Collect$$rtentry$$00000004)
    .ARM.Collect$$rtentry$$00000009          0x0000048e   Section        0  __rtentry2.o(.ARM.Collect$$rtentry$$00000009)
    .ARM.Collect$$rtentry$$0000000A          0x0000048e   Section        4  __rtentry2.o(.ARM.Collect$$rtentry$$0000000A)
    .ARM.Collect$$rtentry$$0000000C          0x00000492   Section        0  __rtentry2.o(.ARM.Collect$$rtentry$$0000000C)
    .ARM.Collect$$rtentry$$0000000D          0x00000492   Section        8  __rtentry2.o(.ARM.Collect$$rtentry$$0000000D)
    .ARM.Collect$$rtexit$$00000000           0x0000049a   Section        2  rtexit.o(.ARM.Collect$$rtexit$$00000000)
    .ARM.Collect$$rtexit$$00000002           0x0000049c   Section        0  rtexit2.o(.ARM.Collect$$rtexit$$00000002)
    .ARM.Collect$$rtexit$$00000003           0x0000049c   Section        4  rtexit2.o(.ARM.Collect$$rtexit$$00000003)
    .ARM.Collect$$rtexit$$00000004           0x000004a0   Section        6  rtexit2.o(.ARM.Collect$$rtexit$$00000004)
    .emb_text                                0x000004a8   Section        0  maybetermalloc1.o(.emb_text)
    .text                                    0x000004a8   Section       64  arm_startup_nrf52.o(.text)
    $v0                                      0x000004a8   Number         0  arm_startup_nrf52.o(.text)
    .text                                    0x000004e8   Section        0  h1_alloc.o(.text)
    .text                                    0x00000546   Section        0  memcmp.o(.text)
    .text                                    0x0000059e   Section       78  rt_memclr_w.o(.text)
    .text                                    0x000005ec   Section        0  heapauxi.o(.text)
    .text                                    0x000005f4   Section        8  rt_heap_descriptor_intlibspace.o(.text)
    .text                                    0x000005fc   Section        0  hguard.o(.text)
    .text                                    0x00000600   Section        0  init_alloc.o(.text)
    .text                                    0x0000068a   Section        0  h1_init.o(.text)
    .text                                    0x00000698   Section        0  h1_free.o(.text)
    .text                                    0x000006e8   Section        8  libspace.o(.text)
    .text                                    0x000006f0   Section        0  h1_extend.o(.text)
    .text                                    0x00000724   Section        0  defsig_rtmem_outer.o(.text)
    .text                                    0x00000732   Section        2  use_no_semi.o(.text)
    .text                                    0x00000734   Section        0  indicate_semi.o(.text)
    .text                                    0x00000734   Section       74  sys_stackheap_outer.o(.text)
    .text                                    0x0000077e   Section        0  exit.o(.text)
    .text                                    0x00000790   Section        0  defsig_exit.o(.text)
    .text                                    0x0000079c   Section        0  defsig_rtmem_inner.o(.text)
    .text                                    0x000007ec   Section        0  sys_exit.o(.text)
    .text                                    0x000007f8   Section        0  defsig_general.o(.text)
    .text                                    0x0000082a   Section        0  sys_wrch.o(.text)
    i.BroadcastDataProcess                   0x00000838   Section        0  receiver.o(i.BroadcastDataProcess)
    i.DataEventProcess                       0x00000924   Section        0  receiver.o(i.DataEventProcess)
    i.DeviceIdCheck                          0x00000926   Section        0  receiver.o(i.DeviceIdCheck)
    i.GPIO_Reset                             0x0000092c   Section        0  receiver.o(i.GPIO_Reset)
    i.IMA_ADPCM_BlockDecode                  0x00000954   Section        0  ima_adpcm.o(i.IMA_ADPCM_BlockDecode)
    i.Play_EventTips                         0x00000a30   Section        0  play.o(i.Play_EventTips)
    i.Play_Init                              0x00000aa4   Section        0  play.o(i.Play_Init)
    i.Play_SetParam                          0x00000b40   Section        0  play.o(i.Play_SetParam)
    i.Play_ShutDown                          0x00000c34   Section        0  play.o(i.Play_ShutDown)
    i.Play_Start                             0x00000c50   Section        0  play.o(i.Play_Start)
    i.Play_Stop                              0x00000c88   Section        0  play.o(i.Play_Stop)
    i.RADIO_IRQHandler                       0x00000cf0   Section        0  rf.o(i.RADIO_IRQHandler)
    i.RND_Get                                0x00000d28   Section        0  receiver.o(i.RND_Get)
    i.RTC0_IRQHandler                        0x00000d64   Section        0  systemtick.o(i.RTC0_IRQHandler)
    i.RTC1_IRQHandler                        0x00000d94   Section        0  systemtick.o(i.RTC1_IRQHandler)
    i.ReceiverSC_Init                        0x00000dc0   Section        0  receiver.o(i.ReceiverSC_Init)
    i.Rf_BondResponse                        0x00000e58   Section        0  rf.o(i.Rf_BondResponse)
    i.Rf_EnterScanMode                       0x00000eac   Section        0  rf.o(i.Rf_EnterScanMode)
    i.Rf_Init                                0x00000f08   Section        0  rf.o(i.Rf_Init)
    i.Rf_SendPackage                         0x00000f94   Section        0  rf.o(i.Rf_SendPackage)
    i.Rf_StartRx                             0x00001058   Section        0  rf.o(i.Rf_StartRx)
    i.Rf_Stop                                0x0000113c   Section        0  rf.o(i.Rf_Stop)
    i.SystemClock_Init                       0x00001190   Section        0  receiver.o(i.SystemClock_Init)
    i.SystemCoreClockUpdate                  0x000011d0   Section        0  system_nrf52.o(i.SystemCoreClockUpdate)
    i.SystemInit                             0x000011e0   Section        0  system_nrf52.o(i.SystemInit)
    i.SystemTick_ForceSleepMs                0x00001384   Section        0  systemtick.o(i.SystemTick_ForceSleepMs)
    i.SystemTick_Get                         0x0000141c   Section        0  systemtick.o(i.SystemTick_Get)
    i.SystemTick_Init                        0x00001460   Section        0  systemtick.o(i.SystemTick_Init)
    i.TIMER1_IRQHandler                      0x000014a8   Section        0  play.o(i.TIMER1_IRQHandler)
    i.UARTE0_UART0_IRQHandler                0x000015a0   Section        0  nrf_drv_uart.o(i.UARTE0_UART0_IRQHandler)
    i.UpdateDeviceInfo                       0x000015b8   Section        0  flash.o(i.UpdateDeviceInfo)
    i.User_WFI                               0x00001604   Section        0  systemtick.o(i.User_WFI)
    i.__NVIC_DisableIRQ                      0x000016b0   Section        0  systemtick.o(i.__NVIC_DisableIRQ)
    __NVIC_DisableIRQ                        0x000016b1   Thumb Code    54  systemtick.o(i.__NVIC_DisableIRQ)
    i.__NVIC_EnableIRQ                       0x000016ec   Section        0  rf.o(i.__NVIC_EnableIRQ)
    __NVIC_EnableIRQ                         0x000016ed   Thumb Code    26  rf.o(i.__NVIC_EnableIRQ)
    i.__NVIC_EnableIRQ                       0x00001706   Section        0  systemtick.o(i.__NVIC_EnableIRQ)
    __NVIC_EnableIRQ                         0x00001707   Thumb Code    26  systemtick.o(i.__NVIC_EnableIRQ)
    i.errata_108                             0x00001720   Section        0  system_nrf52.o(i.errata_108)
    errata_108                               0x00001721   Thumb Code    78  system_nrf52.o(i.errata_108)
    i.errata_16                              0x00001774   Section        0  system_nrf52.o(i.errata_16)
    errata_16                                0x00001775   Thumb Code    42  system_nrf52.o(i.errata_16)
    i.errata_31                              0x000017a4   Section        0  system_nrf52.o(i.errata_31)
    errata_31                                0x000017a5   Thumb Code    78  system_nrf52.o(i.errata_31)
    i.errata_32                              0x000017f8   Section        0  system_nrf52.o(i.errata_32)
    errata_32                                0x000017f9   Thumb Code    42  system_nrf52.o(i.errata_32)
    i.errata_36                              0x00001828   Section        0  system_nrf52.o(i.errata_36)
    errata_36                                0x00001829   Thumb Code    78  system_nrf52.o(i.errata_36)
    i.errata_37                              0x0000187c   Section        0  system_nrf52.o(i.errata_37)
    errata_37                                0x0000187d   Thumb Code    42  system_nrf52.o(i.errata_37)
    i.errata_57                              0x000018ac   Section        0  system_nrf52.o(i.errata_57)
    errata_57                                0x000018ad   Thumb Code    42  system_nrf52.o(i.errata_57)
    i.errata_66                              0x000018dc   Section        0  system_nrf52.o(i.errata_66)
    errata_66                                0x000018dd   Thumb Code    42  system_nrf52.o(i.errata_66)
    i.initQueue                              0x0000190c   Section        0  queue.o(i.initQueue)
    i.isDecodeFrame                          0x00001998   Section        0  rtransfer.o(i.isDecodeFrame)
    isDecodeFrame                            0x00001999   Thumb Code    40  rtransfer.o(i.isDecodeFrame)
    i.isRepeatFrame                          0x000019c8   Section        0  rtransfer.o(i.isRepeatFrame)
    isRepeatFrame                            0x000019c9   Thumb Code    32  rtransfer.o(i.isRepeatFrame)
    i.main                                   0x000019ec   Section        0  receiver.o(i.main)
    i.nrf_uart_errorsrc_get_and_clear        0x00002058   Section        0  nrf_drv_uart.o(i.nrf_uart_errorsrc_get_and_clear)
    nrf_uart_errorsrc_get_and_clear          0x00002059   Thumb Code    12  nrf_drv_uart.o(i.nrf_uart_errorsrc_get_and_clear)
    i.nrf_uart_event_check                   0x00002064   Section        0  nrf_drv_uart.o(i.nrf_uart_event_check)
    nrf_uart_event_check                     0x00002065   Thumb Code    14  nrf_drv_uart.o(i.nrf_uart_event_check)
    i.nrf_uart_event_clear                   0x00002072   Section        0  nrf_drv_uart.o(i.nrf_uart_event_clear)
    nrf_uart_event_clear                     0x00002073   Thumb Code     6  nrf_drv_uart.o(i.nrf_uart_event_clear)
    i.nrf_uart_int_disable                   0x00002078   Section        0  nrf_drv_uart.o(i.nrf_uart_int_disable)
    nrf_uart_int_disable                     0x00002079   Thumb Code     6  nrf_drv_uart.o(i.nrf_uart_int_disable)
    i.nrf_uart_int_enable_check              0x0000207e   Section        0  nrf_drv_uart.o(i.nrf_uart_int_enable_check)
    nrf_uart_int_enable_check                0x0000207f   Thumb Code    18  nrf_drv_uart.o(i.nrf_uart_int_enable_check)
    i.nrf_uart_task_trigger                  0x00002090   Section        0  nrf_drv_uart.o(i.nrf_uart_task_trigger)
    nrf_uart_task_trigger                    0x00002091   Thumb Code     6  nrf_drv_uart.o(i.nrf_uart_task_trigger)
    i.nrf_uarte_errorsrc_get_and_clear       0x00002096   Section        0  nrf_drv_uart.o(i.nrf_uarte_errorsrc_get_and_clear)
    nrf_uarte_errorsrc_get_and_clear         0x00002097   Thumb Code    12  nrf_drv_uart.o(i.nrf_uarte_errorsrc_get_and_clear)
    i.nrf_uarte_event_check                  0x000020a2   Section        0  nrf_drv_uart.o(i.nrf_uarte_event_check)
    nrf_uarte_event_check                    0x000020a3   Thumb Code    14  nrf_drv_uart.o(i.nrf_uarte_event_check)
    i.nrf_uarte_event_clear                  0x000020b0   Section        0  nrf_drv_uart.o(i.nrf_uarte_event_clear)
    nrf_uarte_event_clear                    0x000020b1   Thumb Code     6  nrf_drv_uart.o(i.nrf_uarte_event_clear)
    i.nrf_uarte_rx_amount_get                0x000020b6   Section        0  nrf_drv_uart.o(i.nrf_uarte_rx_amount_get)
    nrf_uarte_rx_amount_get                  0x000020b7   Thumb Code    10  nrf_drv_uart.o(i.nrf_uarte_rx_amount_get)
    i.rxFrameProcess                         0x000020c0   Section        0  rtransfer.o(i.rxFrameProcess)
    i.rxFrameStatistic                       0x000021c4   Section        0  rtransfer.o(i.rxFrameStatistic)
    rxFrameStatistic                         0x000021c5   Thumb Code   464  rtransfer.o(i.rxFrameStatistic)
    i.rxTransferInit                         0x000023ac   Section        0  rtransfer.o(i.rxTransferInit)
    i.rx_byte                                0x000023cc   Section        0  nrf_drv_uart.o(i.rx_byte)
    rx_byte                                  0x000023cd   Thumb Code    68  nrf_drv_uart.o(i.rx_byte)
    i.rx_done_event                          0x0000241c   Section        0  nrf_drv_uart.o(i.rx_done_event)
    rx_done_event                            0x0000241d   Thumb Code    30  nrf_drv_uart.o(i.rx_done_event)
    i.tx_byte                                0x00002440   Section        0  nrf_drv_uart.o(i.tx_byte)
    tx_byte                                  0x00002441   Thumb Code    42  nrf_drv_uart.o(i.tx_byte)
    i.tx_done_event                          0x00002478   Section        0  nrf_drv_uart.o(i.tx_done_event)
    tx_done_event                            0x00002479   Thumb Code    38  nrf_drv_uart.o(i.tx_done_event)
    i.uart_irq_handler                       0x000024a4   Section        0  nrf_drv_uart.o(i.uart_irq_handler)
    uart_irq_handler                         0x000024a5   Thumb Code   342  nrf_drv_uart.o(i.uart_irq_handler)
    i.uarte_irq_handler                      0x00002604   Section        0  nrf_drv_uart.o(i.uarte_irq_handler)
    uarte_irq_handler                        0x00002605   Thumb Code   286  nrf_drv_uart.o(i.uarte_irq_handler)
    x$fpl$dadd                               0x00002730   Section      336  daddsub_clz.o(x$fpl$dadd)
    $v0                                      0x00002730   Number         0  daddsub_clz.o(x$fpl$dadd)
    _dadd1                                   0x00002741   Thumb Code     0  daddsub_clz.o(x$fpl$dadd)
    x$fpl$dfixu                              0x00002880   Section       90  dfixu.o(x$fpl$dfixu)
    $v0                                      0x00002880   Number         0  dfixu.o(x$fpl$dfixu)
    x$fpl$dfltu                              0x000028da   Section       38  dflt_clz.o(x$fpl$dfltu)
    $v0                                      0x000028da   Number         0  dflt_clz.o(x$fpl$dfltu)
    x$fpl$dmul                               0x00002900   Section      340  dmul.o(x$fpl$dmul)
    $v0                                      0x00002900   Number         0  dmul.o(x$fpl$dmul)
    x$fpl$dnaninf                            0x00002a54   Section      156  dnaninf.o(x$fpl$dnaninf)
    $v0                                      0x00002a54   Number         0  dnaninf.o(x$fpl$dnaninf)
    x$fpl$dretinf                            0x00002af0   Section       12  dretinf.o(x$fpl$dretinf)
    $v0                                      0x00002af0   Number         0  dretinf.o(x$fpl$dretinf)
    x$fpl$dsub                               0x00002afc   Section      468  daddsub_clz.o(x$fpl$dsub)
    $v0                                      0x00002afc   Number         0  daddsub_clz.o(x$fpl$dsub)
    _dsub1                                   0x00002b0d   Thumb Code     0  daddsub_clz.o(x$fpl$dsub)
    x$fpl$fpinit                             0x00002cd0   Section       10  fpinit.o(x$fpl$fpinit)
    $v0                                      0x00002cd0   Number         0  fpinit.o(x$fpl$fpinit)
    x$fpl$usenofp                            0x00002cda   Section        0  usenofp.o(x$fpl$usenofp)
    .constdata                               0x00002cdc   Section    98956  tipsaudio.o(.constdata)
    .constdata                               0x0001af68   Section      420  ima_adpcm.o(.constdata)
    StepTable                                0x0001af68   Data         356  ima_adpcm.o(.constdata)
    .data                                    0x20000000   Section        8  play.o(.data)
    PWM_Duty                                 0x20000000   Data           4  play.o(.data)
    LastPlayPoint                            0x20000004   Data           2  play.o(.data)
    PlayState                                0x20000006   Data           2  play.o(.data)
    .data                                    0x20000008   Section        1  rf.o(.data)
    oldscan                                  0x20000008   Data           1  rf.o(.data)
    .data                                    0x2000000c   Section        8  systemtick.o(.data)
    SystemTicks                              0x2000000c   Data           4  systemtick.o(.data)
    ForceSleep                               0x20000010   Data           4  systemtick.o(.data)
    .data                                    0x20000014   Section        1  queue.o(.data)
    bInited                                  0x20000014   Data           1  queue.o(.data)
    .data                                    0x20000015   Section       10  rtransfer.o(.data)
    .data                                    0x20000020   Section        4  system_nrf52.o(.data)
    __tagsym$$used                           0x20000020   Number         0  system_nrf52.o(.data)
    .bss                                     0x20000024   Section    20844  receiver.o(.bss)
    PlayBuffer                               0x20000024   Data       20480  receiver.o(.bss)
    RfSendRecvBuffer                         0x20005024   Data         256  receiver.o(.bss)
    .bss                                     0x20005190   Section       40  queue.o(.bss)
    .bss                                     0x200051b8   Section      128  rtransfer.o(.bss)
    .bss                                     0x20005238   Section       32  nrf_drv_uart.o(.bss)
    m_cb                                     0x20005238   Data          32  nrf_drv_uart.o(.bss)
    .bss                                     0x20005258   Section       96  libspace.o(.bss)
    HEAP                                     0x200052b8   Section     8192  arm_startup_nrf52.o(HEAP)
    Heap_Mem                                 0x200052b8   Data        8192  arm_startup_nrf52.o(HEAP)
    STACK                                    0x200072b8   Section     8192  arm_startup_nrf52.o(STACK)
    Stack_Mem                                0x200072b8   Data        8192  arm_startup_nrf52.o(STACK)
    __initial_sp                             0x200092b8   Data           0  arm_startup_nrf52.o(STACK)

    Global Symbols

    Symbol Name                              Value     Ov Type        Size  Object(Section)

    BuildAttributes$$THM_ISAv4$E$P$D$K$B$S$7EM$VFPi3$EXTD16$VFPS$VFMA$PE$A:L22UL41UL21$X:L11$S22US41US21$IEEE1$IW$USESV6$~STKCKD$USESV7$~SHL$OTIME$ROPI$EBA8$UX$STANDARDLIB$REQ8$PRES8$EABIv2 0x00000000   Number         0  anon$$obj.o ABSOLUTE
    __ARM_use_no_argv                        0x00000000   Number         0  receiver.o ABSOLUTE
    __Vectors                                0x00000000   Data           4  arm_startup_nrf52.o(RESET)
    __ARM_exceptions_init                     - Undefined Weak Reference
    __alloca_initialize                       - Undefined Weak Reference
    __arm_preinit_                            - Undefined Weak Reference
    __cpp_initialize__aeabi_                  - Undefined Weak Reference
    __cxa_finalize                            - Undefined Weak Reference
    __rt_locale                               - Undefined Weak Reference
    __sigvec_lookup                           - Undefined Weak Reference
    __user_heap_extent                        - Undefined Weak Reference
    _atexit_init                              - Undefined Weak Reference
    _call_atexit_fns                          - Undefined Weak Reference
    _clock_init                               - Undefined Weak Reference
    _fp_trap_init                             - Undefined Weak Reference
    _fp_trap_shutdown                         - Undefined Weak Reference
    _get_lc_collate                           - Undefined Weak Reference
    _get_lc_ctype                             - Undefined Weak Reference
    _get_lc_monetary                          - Undefined Weak Reference
    _get_lc_numeric                           - Undefined Weak Reference
    _get_lc_time                              - Undefined Weak Reference
    _getenv_init                              - Undefined Weak Reference
    _handle_redirection                       - Undefined Weak Reference
    _initio                                   - Undefined Weak Reference
    _mutex_acquire                            - Undefined Weak Reference
    _mutex_free                               - Undefined Weak Reference
    _mutex_release                            - Undefined Weak Reference
    _rand_init                                - Undefined Weak Reference
    _signal_finish                            - Undefined Weak Reference
    _signal_init                              - Undefined Weak Reference
    _terminateio                              - Undefined Weak Reference
    __Vectors_End                            0x00000400   Data           0  arm_startup_nrf52.o(RESET)
    __Vectors_Size                           0x00000400   Number         0  arm_startup_nrf52.o ABSOLUTE
    __main                                   0x00000401   Thumb Code     8  __main.o(!!!main)
    __scatterload                            0x00000409   Thumb Code     0  __scatter.o(!!!scatter)
    __scatterload_rt2                        0x00000409   Thumb Code    44  __scatter.o(!!!scatter)
    __scatterload_rt2_thumb_only             0x00000409   Thumb Code     0  __scatter.o(!!!scatter)
    __scatterload_null                       0x00000417   Thumb Code     0  __scatter.o(!!!scatter)
    __scatterload_copy                       0x0000043d   Thumb Code    26  __scatter_copy.o(!!handler_copy)
    __scatterload_zeroinit                   0x00000459   Thumb Code    28  __scatter_zi.o(!!handler_zi)
    __rt_lib_init                            0x00000475   Thumb Code     0  libinit.o(.ARM.Collect$$libinit$$00000000)
    __rt_lib_init_fp_1                       0x00000477   Thumb Code     0  libinit2.o(.ARM.Collect$$libinit$$00000001)
    __rt_lib_init_heap_2                     0x0000047b   Thumb Code     0  libinit2.o(.ARM.Collect$$libinit$$00000005)
    __rt_lib_init_preinit_1                  0x0000047b   Thumb Code     0  libinit2.o(.ARM.Collect$$libinit$$00000004)
    __rt_lib_init_alloca_1                   0x00000483   Thumb Code     0  libinit2.o(.ARM.Collect$$libinit$$0000002E)
    __rt_lib_init_argv_1                     0x00000483   Thumb Code     0  libinit2.o(.ARM.Collect$$libinit$$0000002C)
    __rt_lib_init_atexit_1                   0x00000483   Thumb Code     0  libinit2.o(.ARM.Collect$$libinit$$0000001B)
    __rt_lib_init_clock_1                    0x00000483   Thumb Code     0  libinit2.o(.ARM.Collect$$libinit$$00000021)
    __rt_lib_init_cpp_1                      0x00000483   Thumb Code     0  libinit2.o(.ARM.Collect$$libinit$$00000032)
    __rt_lib_init_exceptions_1               0x00000483   Thumb Code     0  libinit2.o(.ARM.Collect$$libinit$$00000030)
    __rt_lib_init_fp_trap_1                  0x00000483   Thumb Code     0  libinit2.o(.ARM.Collect$$libinit$$0000001F)
    __rt_lib_init_getenv_1                   0x00000483   Thumb Code     0  libinit2.o(.ARM.Collect$$libinit$$00000023)
    __rt_lib_init_heap_1                     0x00000483   Thumb Code     0  libinit2.o(.ARM.Collect$$libinit$$0000000A)
    __rt_lib_init_lc_collate_1               0x00000483   Thumb Code     0  libinit2.o(.ARM.Collect$$libinit$$00000011)
    __rt_lib_init_lc_ctype_1                 0x00000483   Thumb Code     0  libinit2.o(.ARM.Collect$$libinit$$00000013)
    __rt_lib_init_lc_monetary_1              0x00000483   Thumb Code     0  libinit2.o(.ARM.Collect$$libinit$$00000015)
    __rt_lib_init_lc_numeric_1               0x00000483   Thumb Code     0  libinit2.o(.ARM.Collect$$libinit$$00000017)
    __rt_lib_init_lc_time_1                  0x00000483   Thumb Code     0  libinit2.o(.ARM.Collect$$libinit$$00000019)
    __rt_lib_init_rand_1                     0x00000483   Thumb Code     0  libinit2.o(.ARM.Collect$$libinit$$0000000E)
    __rt_lib_init_return                     0x00000483   Thumb Code     0  libinit2.o(.ARM.Collect$$libinit$$00000033)
    __rt_lib_init_signal_1                   0x00000483   Thumb Code     0  libinit2.o(.ARM.Collect$$libinit$$0000001D)
    __rt_lib_init_stdio_1                    0x00000483   Thumb Code     0  libinit2.o(.ARM.Collect$$libinit$$00000025)
    __rt_lib_init_user_alloc_1               0x00000483   Thumb Code     0  libinit2.o(.ARM.Collect$$libinit$$0000000C)
    __rt_lib_shutdown                        0x00000485   Thumb Code     0  libshutdown.o(.ARM.Collect$$libshutdown$$00000000)
    __rt_lib_shutdown_cpp_1                  0x00000487   Thumb Code     0  libshutdown2.o(.ARM.Collect$$libshutdown$$00000002)
    __rt_lib_shutdown_fp_trap_1              0x00000487   Thumb Code     0  libshutdown2.o(.ARM.Collect$$libshutdown$$00000007)
    __rt_lib_shutdown_heap_1                 0x00000487   Thumb Code     0  libshutdown2.o(.ARM.Collect$$libshutdown$$0000000F)
    __rt_lib_shutdown_return                 0x00000487   Thumb Code     0  libshutdown2.o(.ARM.Collect$$libshutdown$$00000010)
    __rt_lib_shutdown_signal_1               0x00000487   Thumb Code     0  libshutdown2.o(.ARM.Collect$$libshutdown$$0000000A)
    __rt_lib_shutdown_stdio_1                0x00000487   Thumb Code     0  libshutdown2.o(.ARM.Collect$$libshutdown$$00000004)
    __rt_lib_shutdown_user_alloc_1           0x00000487   Thumb Code     0  libshutdown2.o(.ARM.Collect$$libshutdown$$0000000C)
    __rt_entry                               0x00000489   Thumb Code     0  __rtentry.o(.ARM.Collect$$rtentry$$00000000)
    __rt_entry_presh_1                       0x00000489   Thumb Code     0  __rtentry2.o(.ARM.Collect$$rtentry$$00000002)
    __rt_entry_sh                            0x00000489   Thumb Code     0  __rtentry4.o(.ARM.Collect$$rtentry$$00000004)
    __rt_entry_li                            0x0000048f   Thumb Code     0  __rtentry2.o(.ARM.Collect$$rtentry$$0000000A)
    __rt_entry_postsh_1                      0x0000048f   Thumb Code     0  __rtentry2.o(.ARM.Collect$$rtentry$$00000009)
    __rt_entry_main                          0x00000493   Thumb Code     0  __rtentry2.o(.ARM.Collect$$rtentry$$0000000D)
    __rt_entry_postli_1                      0x00000493   Thumb Code     0  __rtentry2.o(.ARM.Collect$$rtentry$$0000000C)
    __rt_exit                                0x0000049b   Thumb Code     0  rtexit.o(.ARM.Collect$$rtexit$$00000000)
    __rt_exit_ls                             0x0000049d   Thumb Code     0  rtexit2.o(.ARM.Collect$$rtexit$$00000003)
    __rt_exit_prels_1                        0x0000049d   Thumb Code     0  rtexit2.o(.ARM.Collect$$rtexit$$00000002)
    __rt_exit_exit                           0x000004a1   Thumb Code     0  rtexit2.o(.ARM.Collect$$rtexit$$00000004)
    Reset_Handler                            0x000004a9   Thumb Code     8  arm_startup_nrf52.o(.text)
    _maybe_terminate_alloc                   0x000004a9   Thumb Code     0  maybetermalloc1.o(.emb_text)
    NMI_Handler                              0x000004b1   Thumb Code     2  arm_startup_nrf52.o(.text)
    HardFault_Handler                        0x000004b3   Thumb Code     2  arm_startup_nrf52.o(.text)
    MemoryManagement_Handler                 0x000004b5   Thumb Code     2  arm_startup_nrf52.o(.text)
    BusFault_Handler                         0x000004b7   Thumb Code     2  arm_startup_nrf52.o(.text)
    UsageFault_Handler                       0x000004b9   Thumb Code     2  arm_startup_nrf52.o(.text)
    SVC_Handler                              0x000004bb   Thumb Code     2  arm_startup_nrf52.o(.text)
    DebugMon_Handler                         0x000004bd   Thumb Code     2  arm_startup_nrf52.o(.text)
    PendSV_Handler                           0x000004bf   Thumb Code     2  arm_startup_nrf52.o(.text)
    SysTick_Handler                          0x000004c1   Thumb Code     2  arm_startup_nrf52.o(.text)
    CCM_AAR_IRQHandler                       0x000004c3   Thumb Code     0  arm_startup_nrf52.o(.text)
    COMP_LPCOMP_IRQHandler                   0x000004c3   Thumb Code     0  arm_startup_nrf52.o(.text)
    ECB_IRQHandler                           0x000004c3   Thumb Code     0  arm_startup_nrf52.o(.text)
    FPU_IRQHandler                           0x000004c3   Thumb Code     0  arm_startup_nrf52.o(.text)
    GPIOTE_IRQHandler                        0x000004c3   Thumb Code     0  arm_startup_nrf52.o(.text)
    I2S_IRQHandler                           0x000004c3   Thumb Code     0  arm_startup_nrf52.o(.text)
    MWU_IRQHandler                           0x000004c3   Thumb Code     0  arm_startup_nrf52.o(.text)
    NFCT_IRQHandler                          0x000004c3   Thumb Code     0  arm_startup_nrf52.o(.text)
    PDM_IRQHandler                           0x000004c3   Thumb Code     0  arm_startup_nrf52.o(.text)
    POWER_CLOCK_IRQHandler                   0x000004c3   Thumb Code     0  arm_startup_nrf52.o(.text)
    PWM0_IRQHandler                          0x000004c3   Thumb Code     0  arm_startup_nrf52.o(.text)
    PWM1_IRQHandler                          0x000004c3   Thumb Code     0  arm_startup_nrf52.o(.text)
    PWM2_IRQHandler                          0x000004c3   Thumb Code     0  arm_startup_nrf52.o(.text)
    QDEC_IRQHandler                          0x000004c3   Thumb Code     0  arm_startup_nrf52.o(.text)
    RNG_IRQHandler                           0x000004c3   Thumb Code     0  arm_startup_nrf52.o(.text)
    RTC2_IRQHandler                          0x000004c3   Thumb Code     0  arm_startup_nrf52.o(.text)
    SAADC_IRQHandler                         0x000004c3   Thumb Code     0  arm_startup_nrf52.o(.text)
    SPIM0_SPIS0_TWIM0_TWIS0_SPI0_TWI0_IRQHandler 0x000004c3   Thumb Code     0  arm_startup_nrf52.o(.text)
    SPIM1_SPIS1_TWIM1_TWIS1_SPI1_TWI1_IRQHandler 0x000004c3   Thumb Code     0  arm_startup_nrf52.o(.text)
    SPIM2_SPIS2_SPI2_IRQHandler              0x000004c3   Thumb Code     0  arm_startup_nrf52.o(.text)
    SWI0_EGU0_IRQHandler                     0x000004c3   Thumb Code     0  arm_startup_nrf52.o(.text)
    SWI1_EGU1_IRQHandler                     0x000004c3   Thumb Code     0  arm_startup_nrf52.o(.text)
    SWI2_EGU2_IRQHandler                     0x000004c3   Thumb Code     0  arm_startup_nrf52.o(.text)
    SWI3_EGU3_IRQHandler                     0x000004c3   Thumb Code     0  arm_startup_nrf52.o(.text)
    SWI4_EGU4_IRQHandler                     0x000004c3   Thumb Code     0  arm_startup_nrf52.o(.text)
    SWI5_EGU5_IRQHandler                     0x000004c3   Thumb Code     0  arm_startup_nrf52.o(.text)
    TEMP_IRQHandler                          0x000004c3   Thumb Code     0  arm_startup_nrf52.o(.text)
    TIMER0_IRQHandler                        0x000004c3   Thumb Code     0  arm_startup_nrf52.o(.text)
    TIMER2_IRQHandler                        0x000004c3   Thumb Code     0  arm_startup_nrf52.o(.text)
    TIMER3_IRQHandler                        0x000004c3   Thumb Code     0  arm_startup_nrf52.o(.text)
    TIMER4_IRQHandler                        0x000004c3   Thumb Code     0  arm_startup_nrf52.o(.text)
    WDT_IRQHandler                           0x000004c3   Thumb Code     0  arm_startup_nrf52.o(.text)
    __user_initial_stackheap                 0x000004c5   Thumb Code    10  arm_startup_nrf52.o(.text)
    malloc                                   0x000004e9   Thumb Code    94  h1_alloc.o(.text)
    memcmp                                   0x00000547   Thumb Code    88  memcmp.o(.text)
    __aeabi_memclr4                          0x0000059f   Thumb Code     0  rt_memclr_w.o(.text)
    __aeabi_memclr8                          0x0000059f   Thumb Code     0  rt_memclr_w.o(.text)
    __rt_memclr_w                            0x0000059f   Thumb Code    78  rt_memclr_w.o(.text)
    _memset_w                                0x000005a3   Thumb Code     0  rt_memclr_w.o(.text)
    __use_two_region_memory                  0x000005ed   Thumb Code     2  heapauxi.o(.text)
    __rt_heap_escrow                         0x000005ef   Thumb Code     2  heapauxi.o(.text)
    __rt_heap_expand                         0x000005f1   Thumb Code     2  heapauxi.o(.text)
    __rt_heap_descriptor                     0x000005f5   Thumb Code     8  rt_heap_descriptor_intlibspace.o(.text)
    __use_no_heap                            0x000005fd   Thumb Code     2  hguard.o(.text)
    __heap$guard                             0x000005ff   Thumb Code     2  hguard.o(.text)
    _terminate_user_alloc                    0x00000601   Thumb Code     2  init_alloc.o(.text)
    _init_user_alloc                         0x00000603   Thumb Code     2  init_alloc.o(.text)
    __Heap_Full                              0x00000605   Thumb Code    34  init_alloc.o(.text)
    __Heap_Broken                            0x00000627   Thumb Code     6  init_alloc.o(.text)
    _init_alloc                              0x0000062d   Thumb Code    94  init_alloc.o(.text)
    __Heap_Initialize                        0x0000068b   Thumb Code    10  h1_init.o(.text)
    __Heap_DescSize                          0x00000695   Thumb Code     4  h1_init.o(.text)
    free                                     0x00000699   Thumb Code    78  h1_free.o(.text)
    __user_libspace                          0x000006e9   Thumb Code     8  libspace.o(.text)
    __user_perproc_libspace                  0x000006e9   Thumb Code     0  libspace.o(.text)
    __user_perthread_libspace                0x000006e9   Thumb Code     0  libspace.o(.text)
    __Heap_ProvideMemory                     0x000006f1   Thumb Code    52  h1_extend.o(.text)
    __rt_SIGRTMEM                            0x00000725   Thumb Code    14  defsig_rtmem_outer.o(.text)
    __I$use$semihosting                      0x00000733   Thumb Code     0  use_no_semi.o(.text)
    __use_no_semihosting_swi                 0x00000733   Thumb Code     2  use_no_semi.o(.text)
    __semihosting_library_function           0x00000735   Thumb Code     0  indicate_semi.o(.text)
    __user_setup_stackheap                   0x00000735   Thumb Code    74  sys_stackheap_outer.o(.text)
    exit                                     0x0000077f   Thumb Code    18  exit.o(.text)
    __sig_exit                               0x00000791   Thumb Code    10  defsig_exit.o(.text)
    __rt_SIGRTMEM_inner                      0x0000079d   Thumb Code    22  defsig_rtmem_inner.o(.text)
    _sys_exit                                0x000007ed   Thumb Code     8  sys_exit.o(.text)
    __default_signal_display                 0x000007f9   Thumb Code    50  defsig_general.o(.text)
    _ttywrch                                 0x0000082b   Thumb Code    14  sys_wrch.o(.text)
    BroadcastDataProcess                     0x00000839   Thumb Code   218  receiver.o(i.BroadcastDataProcess)
    DataEventProcess                         0x00000925   Thumb Code     2  receiver.o(i.DataEventProcess)
    DeviceIdCheck                            0x00000927   Thumb Code     6  receiver.o(i.DeviceIdCheck)
    GPIO_Reset                               0x0000092d   Thumb Code    30  receiver.o(i.GPIO_Reset)
    IMA_ADPCM_BlockDecode                    0x00000955   Thumb Code   208  ima_adpcm.o(i.IMA_ADPCM_BlockDecode)
    Play_EventTips                           0x00000a31   Thumb Code   106  play.o(i.Play_EventTips)
    Play_Init                                0x00000aa5   Thumb Code   130  play.o(i.Play_Init)
    Play_SetParam                            0x00000b41   Thumb Code   234  play.o(i.Play_SetParam)
    Play_ShutDown                            0x00000c35   Thumb Code    22  play.o(i.Play_ShutDown)
    Play_Start                               0x00000c51   Thumb Code    48  play.o(i.Play_Start)
    Play_Stop                                0x00000c89   Thumb Code    86  play.o(i.Play_Stop)
    RADIO_IRQHandler                         0x00000cf1   Thumb Code    36  rf.o(i.RADIO_IRQHandler)
    RND_Get                                  0x00000d29   Thumb Code    48  receiver.o(i.RND_Get)
    RTC0_IRQHandler                          0x00000d65   Thumb Code    36  systemtick.o(i.RTC0_IRQHandler)
    RTC1_IRQHandler                          0x00000d95   Thumb Code    32  systemtick.o(i.RTC1_IRQHandler)
    ReceiverSC_Init                          0x00000dc1   Thumb Code   132  receiver.o(i.ReceiverSC_Init)
    Rf_BondResponse                          0x00000e59   Thumb Code    80  rf.o(i.Rf_BondResponse)
    Rf_EnterScanMode                         0x00000ead   Thumb Code    74  rf.o(i.Rf_EnterScanMode)
    Rf_Init                                  0x00000f09   Thumb Code   116  rf.o(i.Rf_Init)
    Rf_SendPackage                           0x00000f95   Thumb Code   182  rf.o(i.Rf_SendPackage)
    Rf_StartRx                               0x00001059   Thumb Code   206  rf.o(i.Rf_StartRx)
    Rf_Stop                                  0x0000113d   Thumb Code    72  rf.o(i.Rf_Stop)
    SystemClock_Init                         0x00001191   Thumb Code    54  receiver.o(i.SystemClock_Init)
    SystemCoreClockUpdate                    0x000011d1   Thumb Code     8  system_nrf52.o(i.SystemCoreClockUpdate)
    SystemInit                               0x000011e1   Thumb Code   378  system_nrf52.o(i.SystemInit)
    SystemTick_ForceSleepMs                  0x00001385   Thumb Code   118  systemtick.o(i.SystemTick_ForceSleepMs)
    SystemTick_Get                           0x0000141d   Thumb Code    58  systemtick.o(i.SystemTick_Get)
    SystemTick_Init                          0x00001461   Thumb Code    54  systemtick.o(i.SystemTick_Init)
    TIMER1_IRQHandler                        0x000014a9   Thumb Code   220  play.o(i.TIMER1_IRQHandler)
    UARTE0_UART0_IRQHandler                  0x000015a1   Thumb Code    20  nrf_drv_uart.o(i.UARTE0_UART0_IRQHandler)
    UpdateDeviceInfo                         0x000015b9   Thumb Code    70  flash.o(i.UpdateDeviceInfo)
    User_WFI                                 0x00001605   Thumb Code   136  systemtick.o(i.User_WFI)
    initQueue                                0x0000190d   Thumb Code   128  queue.o(i.initQueue)
    main                                     0x000019ed   Thumb Code  1604  receiver.o(i.main)
    rxFrameProcess                           0x000020c1   Thumb Code   238  rtransfer.o(i.rxFrameProcess)
    rxTransferInit                           0x000023ad   Thumb Code    26  rtransfer.o(i.rxTransferInit)
    __aeabi_dadd                             0x00002731   Thumb Code     0  daddsub_clz.o(x$fpl$dadd)
    _dadd                                    0x00002731   Thumb Code   332  daddsub_clz.o(x$fpl$dadd)
    __aeabi_d2uiz                            0x00002881   Thumb Code     0  dfixu.o(x$fpl$dfixu)
    _dfixu                                   0x00002881   Thumb Code    90  dfixu.o(x$fpl$dfixu)
    __aeabi_ui2d                             0x000028db   Thumb Code     0  dflt_clz.o(x$fpl$dfltu)
    _dfltu                                   0x000028db   Thumb Code    38  dflt_clz.o(x$fpl$dfltu)
    __aeabi_dmul                             0x00002901   Thumb Code     0  dmul.o(x$fpl$dmul)
    _dmul                                    0x00002901   Thumb Code   332  dmul.o(x$fpl$dmul)
    __fpl_dnaninf                            0x00002a55   Thumb Code   156  dnaninf.o(x$fpl$dnaninf)
    __fpl_dretinf                            0x00002af1   Thumb Code    12  dretinf.o(x$fpl$dretinf)
    __aeabi_dsub                             0x00002afd   Thumb Code     0  daddsub_clz.o(x$fpl$dsub)
    _dsub                                    0x00002afd   Thumb Code   464  daddsub_clz.o(x$fpl$dsub)
    _fp_init                                 0x00002cd1   Thumb Code    10  fpinit.o(x$fpl$fpinit)
    __fplib_config_fpu_vfp                   0x00002cd9   Thumb Code     0  fpinit.o(x$fpl$fpinit)
    __fplib_config_pureend_doubles           0x00002cd9   Thumb Code     0  fpinit.o(x$fpl$fpinit)
    __I$use$fp                               0x00002cda   Number         0  usenofp.o(x$fpl$usenofp)
    Tips_Unconnect_Bond                      0x00002cdc   Data        9074  tipsaudio.o(.constdata)
    sizeof_Tips_Unconnect_Bond               0x00005050   Data           4  tipsaudio.o(.constdata)
    Tips_Unconnect                           0x00005054   Data        3764  tipsaudio.o(.constdata)
    sizeof_Tips_Unconnect                    0x00005f08   Data           4  tipsaudio.o(.constdata)
    Tips_Connect                             0x00005f0c   Data        7258  tipsaudio.o(.constdata)
    sizeof_Tips_Connect                      0x00007b68   Data           4  tipsaudio.o(.constdata)
    Tips_Unbonded                            0x00007b6c   Data       24960  tipsaudio.o(.constdata)
    sizeof_Tips_Unbonded                     0x0000dcec   Data           4  tipsaudio.o(.constdata)
    Tips_Bonded                              0x0000dcf0   Data       23040  tipsaudio.o(.constdata)
    sizeof_Tips_Bonded                       0x000136f0   Data           4  tipsaudio.o(.constdata)
    Tips_LowPower                            0x000136f4   Data       29592  tipsaudio.o(.constdata)
    sizeof_Tips_LowPower                     0x0001aa8c   Data           4  tipsaudio.o(.constdata)
    Tips_ButtonPressed                       0x0001aa90   Data        1234  tipsaudio.o(.constdata)
    sizeof_Tips_ButtonPressed                0x0001af64   Data           4  tipsaudio.o(.constdata)
    IndexTable                               0x0001b0cc   Data          64  ima_adpcm.o(.constdata)
    Region$$Table$$Base                      0x0001b10c   Number         0  anon$$obj.o(Region$$Table)
    Region$$Table$$Limit                     0x0001b12c   Number         0  anon$$obj.o(Region$$Table)
    statFId                                  0x20000015   Data           1  rtransfer.o(.data)
    errFrames                                0x20000016   Data           1  rtransfer.o(.data)
    cntFrames                                0x20000017   Data           1  rtransfer.o(.data)
    lastRxFramesId                           0x20000018   Data           7  rtransfer.o(.data)
    SystemCoreClock                          0x20000020   Data           4  system_nrf52.o(.data)
    ReceiverSC                               0x20005124   Data         108  receiver.o(.bss)
    uartQ                                    0x20005190   Data          20  queue.o(.bss)
    audioQ                                   0x200051a4   Data          20  queue.o(.bss)
    frameStat                                0x200051b8   Data         128  rtransfer.o(.bss)
    __libspace_start                         0x20005258   Data          96  libspace.o(.bss)
    __temporary_stack_top$libspace           0x200052b8   Data           0  libspace.o(.bss)



==============================================================================

Memory Map of the image

  Image Entry point : 0x00000401

  Load Region LR_IROM1 (Base: 0x00000000, Size: 0x0001b150, Max: 0x00080000, ABSOLUTE)

    Execution Region ER_IROM1 (Exec base: 0x00000000, Load base: 0x00000000, Size: 0x0001b12c, Max: 0x00080000, ABSOLUTE)

    Exec Addr    Load Addr    Size         Type   Attr      Idx    E Section Name        Object

    0x00000000   0x00000000   0x00000400   Data   RO          620    RESET               arm_startup_nrf52.o
    0x00000400   0x00000400   0x00000008   Code   RO         1459  * !!!main             c_w.l(__main.o)
    0x00000408   0x00000408   0x00000034   Code   RO         1689    !!!scatter          c_w.l(__scatter.o)
    0x0000043c   0x0000043c   0x0000001a   Code   RO         1691    !!handler_copy      c_w.l(__scatter_copy.o)
    0x00000456   0x00000456   0x00000002   PAD
    0x00000458   0x00000458   0x0000001c   Code   RO         1693    !!handler_zi        c_w.l(__scatter_zi.o)
    0x00000474   0x00000474   0x00000002   Code   RO         1628    .ARM.Collect$$libinit$$00000000  c_w.l(libinit.o)
    0x00000476   0x00000476   0x00000004   Code   RO         1515    .ARM.Collect$$libinit$$00000001  c_w.l(libinit2.o)
    0x0000047a   0x0000047a   0x00000000   Code   RO         1518    .ARM.Collect$$libinit$$00000004  c_w.l(libinit2.o)
    0x0000047a   0x0000047a   0x00000008   Code   RO         1519    .ARM.Collect$$libinit$$00000005  c_w.l(libinit2.o)
    0x00000482   0x00000482   0x00000000   Code   RO         1521    .ARM.Collect$$libinit$$0000000A  c_w.l(libinit2.o)
    0x00000482   0x00000482   0x00000000   Code   RO         1523    .ARM.Collect$$libinit$$0000000C  c_w.l(libinit2.o)
    0x00000482   0x00000482   0x00000000   Code   RO         1525    .ARM.Collect$$libinit$$0000000E  c_w.l(libinit2.o)
    0x00000482   0x00000482   0x00000000   Code   RO         1528    .ARM.Collect$$libinit$$00000011  c_w.l(libinit2.o)
    0x00000482   0x00000482   0x00000000   Code   RO         1530    .ARM.Collect$$libinit$$00000013  c_w.l(libinit2.o)
    0x00000482   0x00000482   0x00000000   Code   RO         1532    .ARM.Collect$$libinit$$00000015  c_w.l(libinit2.o)
    0x00000482   0x00000482   0x00000000   Code   RO         1534    .ARM.Collect$$libinit$$00000017  c_w.l(libinit2.o)
    0x00000482   0x00000482   0x00000000   Code   RO         1536    .ARM.Collect$$libinit$$00000019  c_w.l(libinit2.o)
    0x00000482   0x00000482   0x00000000   Code   RO         1538    .ARM.Collect$$libinit$$0000001B  c_w.l(libinit2.o)
    0x00000482   0x00000482   0x00000000   Code   RO         1540    .ARM.Collect$$libinit$$0000001D  c_w.l(libinit2.o)
    0x00000482   0x00000482   0x00000000   Code   RO         1542    .ARM.Collect$$libinit$$0000001F  c_w.l(libinit2.o)
    0x00000482   0x00000482   0x00000000   Code   RO         1544    .ARM.Collect$$libinit$$00000021  c_w.l(libinit2.o)
    0x00000482   0x00000482   0x00000000   Code   RO         1546    .ARM.Collect$$libinit$$00000023  c_w.l(libinit2.o)
    0x00000482   0x00000482   0x00000000   Code   RO         1548    .ARM.Collect$$libinit$$00000025  c_w.l(libinit2.o)
    0x00000482   0x00000482   0x00000000   Code   RO         1552    .ARM.Collect$$libinit$$0000002C  c_w.l(libinit2.o)
    0x00000482   0x00000482   0x00000000   Code   RO         1554    .ARM.Collect$$libinit$$0000002E  c_w.l(libinit2.o)
    0x00000482   0x00000482   0x00000000   Code   RO         1556    .ARM.Collect$$libinit$$00000030  c_w.l(libinit2.o)
    0x00000482   0x00000482   0x00000000   Code   RO         1558    .ARM.Collect$$libinit$$00000032  c_w.l(libinit2.o)
    0x00000482   0x00000482   0x00000002   Code   RO         1559    .ARM.Collect$$libinit$$00000033  c_w.l(libinit2.o)
    0x00000484   0x00000484   0x00000002   Code   RO         1686    .ARM.Collect$$libshutdown$$00000000  c_w.l(libshutdown.o)
    0x00000486   0x00000486   0x00000000   Code   RO         1642    .ARM.Collect$$libshutdown$$00000002  c_w.l(libshutdown2.o)
    0x00000486   0x00000486   0x00000000   Code   RO         1644    .ARM.Collect$$libshutdown$$00000004  c_w.l(libshutdown2.o)
    0x00000486   0x00000486   0x00000000   Code   RO         1647    .ARM.Collect$$libshutdown$$00000007  c_w.l(libshutdown2.o)
    0x00000486   0x00000486   0x00000000   Code   RO         1650    .ARM.Collect$$libshutdown$$0000000A  c_w.l(libshutdown2.o)
    0x00000486   0x00000486   0x00000000   Code   RO         1652    .ARM.Collect$$libshutdown$$0000000C  c_w.l(libshutdown2.o)
    0x00000486   0x00000486   0x00000000   Code   RO         1655    .ARM.Collect$$libshutdown$$0000000F  c_w.l(libshutdown2.o)
    0x00000486   0x00000486   0x00000002   Code   RO         1656    .ARM.Collect$$libshutdown$$00000010  c_w.l(libshutdown2.o)
    0x00000488   0x00000488   0x00000000   Code   RO         1481    .ARM.Collect$$rtentry$$00000000  c_w.l(__rtentry.o)
    0x00000488   0x00000488   0x00000000   Code   RO         1571    .ARM.Collect$$rtentry$$00000002  c_w.l(__rtentry2.o)
    0x00000488   0x00000488   0x00000006   Code   RO         1583    .ARM.Collect$$rtentry$$00000004  c_w.l(__rtentry4.o)
    0x0000048e   0x0000048e   0x00000000   Code   RO         1573    .ARM.Collect$$rtentry$$00000009  c_w.l(__rtentry2.o)
    0x0000048e   0x0000048e   0x00000004   Code   RO         1574    .ARM.Collect$$rtentry$$0000000A  c_w.l(__rtentry2.o)
    0x00000492   0x00000492   0x00000000   Code   RO         1576    .ARM.Collect$$rtentry$$0000000C  c_w.l(__rtentry2.o)
    0x00000492   0x00000492   0x00000008   Code   RO         1577    .ARM.Collect$$rtentry$$0000000D  c_w.l(__rtentry2.o)
    0x0000049a   0x0000049a   0x00000002   Code   RO         1631    .ARM.Collect$$rtexit$$00000000  c_w.l(rtexit.o)
    0x0000049c   0x0000049c   0x00000000   Code   RO         1660    .ARM.Collect$$rtexit$$00000002  c_w.l(rtexit2.o)
    0x0000049c   0x0000049c   0x00000004   Code   RO         1661    .ARM.Collect$$rtexit$$00000003  c_w.l(rtexit2.o)
    0x000004a0   0x000004a0   0x00000006   Code   RO         1662    .ARM.Collect$$rtexit$$00000004  c_w.l(rtexit2.o)
    0x000004a6   0x000004a6   0x00000002   PAD
    0x000004a8   0x000004a8   0x00000000   Code   RO         1587    .emb_text           c_w.l(maybetermalloc1.o)
    0x000004a8   0x000004a8   0x00000040   Code   RO          621    .text               arm_startup_nrf52.o
    0x000004e8   0x000004e8   0x0000005e   Code   RO         1397    .text               c_w.l(h1_alloc.o)
    0x00000546   0x00000546   0x00000058   Code   RO         1451    .text               c_w.l(memcmp.o)
    0x0000059e   0x0000059e   0x0000004e   Code   RO         1455    .text               c_w.l(rt_memclr_w.o)
    0x000005ec   0x000005ec   0x00000006   Code   RO         1457    .text               c_w.l(heapauxi.o)
    0x000005f2   0x000005f2   0x00000002   PAD
    0x000005f4   0x000005f4   0x00000008   Code   RO         1485    .text               c_w.l(rt_heap_descriptor_intlibspace.o)
    0x000005fc   0x000005fc   0x00000004   Code   RO         1487    .text               c_w.l(hguard.o)
    0x00000600   0x00000600   0x0000008a   Code   RO         1489    .text               c_w.l(init_alloc.o)
    0x0000068a   0x0000068a   0x0000000e   Code   RO         1495    .text               c_w.l(h1_init.o)
    0x00000698   0x00000698   0x0000004e   Code   RO         1497    .text               c_w.l(h1_free.o)
    0x000006e6   0x000006e6   0x00000002   PAD
    0x000006e8   0x000006e8   0x00000008   Code   RO         1567    .text               c_w.l(libspace.o)
    0x000006f0   0x000006f0   0x00000034   Code   RO         1589    .text               c_w.l(h1_extend.o)
    0x00000724   0x00000724   0x0000000e   Code   RO         1593    .text               c_w.l(defsig_rtmem_outer.o)
    0x00000732   0x00000732   0x00000002   Code   RO         1604    .text               c_w.l(use_no_semi.o)
    0x00000734   0x00000734   0x00000000   Code   RO         1606    .text               c_w.l(indicate_semi.o)
    0x00000734   0x00000734   0x0000004a   Code   RO         1607    .text               c_w.l(sys_stackheap_outer.o)
    0x0000077e   0x0000077e   0x00000012   Code   RO         1613    .text               c_w.l(exit.o)
    0x00000790   0x00000790   0x0000000a   Code   RO         1615    .text               c_w.l(defsig_exit.o)
    0x0000079a   0x0000079a   0x00000002   PAD
    0x0000079c   0x0000079c   0x00000050   Code   RO         1617    .text               c_w.l(defsig_rtmem_inner.o)
    0x000007ec   0x000007ec   0x0000000c   Code   RO         1629    .text               c_w.l(sys_exit.o)
    0x000007f8   0x000007f8   0x00000032   Code   RO         1639    .text               c_w.l(defsig_general.o)
    0x0000082a   0x0000082a   0x0000000e   Code   RO         1657    .text               c_w.l(sys_wrch.o)
    0x00000838   0x00000838   0x000000ec   Code   RO          140    i.BroadcastDataProcess  receiver.o
    0x00000924   0x00000924   0x00000002   Code   RO          141    i.DataEventProcess  receiver.o
    0x00000926   0x00000926   0x00000006   Code   RO          142    i.DeviceIdCheck     receiver.o
    0x0000092c   0x0000092c   0x00000028   Code   RO          143    i.GPIO_Reset        receiver.o
    0x00000954   0x00000954   0x000000dc   Code   RO          432    i.IMA_ADPCM_BlockDecode  ima_adpcm.o
    0x00000a30   0x00000a30   0x00000074   Code   RO            5    i.Play_EventTips    play.o
    0x00000aa4   0x00000aa4   0x0000009c   Code   RO            7    i.Play_Init         play.o
    0x00000b40   0x00000b40   0x000000f4   Code   RO            8    i.Play_SetParam     play.o
    0x00000c34   0x00000c34   0x0000001c   Code   RO            9    i.Play_ShutDown     play.o
    0x00000c50   0x00000c50   0x00000038   Code   RO           10    i.Play_Start        play.o
    0x00000c88   0x00000c88   0x00000068   Code   RO           11    i.Play_Stop         play.o
    0x00000cf0   0x00000cf0   0x00000038   Code   RO          227    i.RADIO_IRQHandler  rf.o
    0x00000d28   0x00000d28   0x0000003c   Code   RO          144    i.RND_Get           receiver.o
    0x00000d64   0x00000d64   0x00000030   Code   RO          341    i.RTC0_IRQHandler   systemtick.o
    0x00000d94   0x00000d94   0x0000002c   Code   RO          342    i.RTC1_IRQHandler   systemtick.o
    0x00000dc0   0x00000dc0   0x00000098   Code   RO          145    i.ReceiverSC_Init   receiver.o
    0x00000e58   0x00000e58   0x00000054   Code   RO          228    i.Rf_BondResponse   rf.o
    0x00000eac   0x00000eac   0x0000005c   Code   RO          229    i.Rf_EnterScanMode  rf.o
    0x00000f08   0x00000f08   0x0000008c   Code   RO          230    i.Rf_Init           rf.o
    0x00000f94   0x00000f94   0x000000c4   Code   RO          231    i.Rf_SendPackage    rf.o
    0x00001058   0x00001058   0x000000e4   Code   RO          232    i.Rf_StartRx        rf.o
    0x0000113c   0x0000113c   0x00000054   Code   RO          233    i.Rf_Stop           rf.o
    0x00001190   0x00001190   0x00000040   Code   RO          146    i.SystemClock_Init  receiver.o
    0x000011d0   0x000011d0   0x00000010   Code   RO          628    i.SystemCoreClockUpdate  system_nrf52.o
    0x000011e0   0x000011e0   0x000001a4   Code   RO          629    i.SystemInit        system_nrf52.o
    0x00001384   0x00001384   0x00000098   Code   RO          343    i.SystemTick_ForceSleepMs  systemtick.o
    0x0000141c   0x0000141c   0x00000044   Code   RO          345    i.SystemTick_Get    systemtick.o
    0x00001460   0x00001460   0x00000048   Code   RO          347    i.SystemTick_Init   systemtick.o
    0x000014a8   0x000014a8   0x000000f8   Code   RO           12    i.TIMER1_IRQHandler  play.o
    0x000015a0   0x000015a0   0x00000018   Code   RO          785    i.UARTE0_UART0_IRQHandler  nrf_drv_uart.o
    0x000015b8   0x000015b8   0x0000004c   Code   RO          582    i.UpdateDeviceInfo  flash.o
    0x00001604   0x00001604   0x000000ac   Code   RO          348    i.User_WFI          systemtick.o
    0x000016b0   0x000016b0   0x0000003c   Code   RO          349    i.__NVIC_DisableIRQ  systemtick.o
    0x000016ec   0x000016ec   0x0000001a   Code   RO          234    i.__NVIC_EnableIRQ  rf.o
    0x00001706   0x00001706   0x0000001a   Code   RO          350    i.__NVIC_EnableIRQ  systemtick.o
    0x00001720   0x00001720   0x00000054   Code   RO          630    i.errata_108        system_nrf52.o
    0x00001774   0x00001774   0x00000030   Code   RO          631    i.errata_16         system_nrf52.o
    0x000017a4   0x000017a4   0x00000054   Code   RO          632    i.errata_31         system_nrf52.o
    0x000017f8   0x000017f8   0x00000030   Code   RO          633    i.errata_32         system_nrf52.o
    0x00001828   0x00001828   0x00000054   Code   RO          634    i.errata_36         system_nrf52.o
    0x0000187c   0x0000187c   0x00000030   Code   RO          635    i.errata_37         system_nrf52.o
    0x000018ac   0x000018ac   0x00000030   Code   RO          636    i.errata_57         system_nrf52.o
    0x000018dc   0x000018dc   0x00000030   Code   RO          637    i.errata_66         system_nrf52.o
    0x0000190c   0x0000190c   0x0000008c   Code   RO          467    i.initQueue         queue.o
    0x00001998   0x00001998   0x00000030   Code   RO          527    i.isDecodeFrame     rtransfer.o
    0x000019c8   0x000019c8   0x00000024   Code   RO          528    i.isRepeatFrame     rtransfer.o
    0x000019ec   0x000019ec   0x0000066c   Code   RO          147    i.main              receiver.o
    0x00002058   0x00002058   0x0000000c   Code   RO          806    i.nrf_uart_errorsrc_get_and_clear  nrf_drv_uart.o
    0x00002064   0x00002064   0x0000000e   Code   RO          807    i.nrf_uart_event_check  nrf_drv_uart.o
    0x00002072   0x00002072   0x00000006   Code   RO          808    i.nrf_uart_event_clear  nrf_drv_uart.o
    0x00002078   0x00002078   0x00000006   Code   RO          810    i.nrf_uart_int_disable  nrf_drv_uart.o
    0x0000207e   0x0000207e   0x00000012   Code   RO          812    i.nrf_uart_int_enable_check  nrf_drv_uart.o
    0x00002090   0x00002090   0x00000006   Code   RO          813    i.nrf_uart_task_trigger  nrf_drv_uart.o
    0x00002096   0x00002096   0x0000000c   Code   RO          815    i.nrf_uarte_errorsrc_get_and_clear  nrf_drv_uart.o
    0x000020a2   0x000020a2   0x0000000e   Code   RO          816    i.nrf_uarte_event_check  nrf_drv_uart.o
    0x000020b0   0x000020b0   0x00000006   Code   RO          817    i.nrf_uarte_event_clear  nrf_drv_uart.o
    0x000020b6   0x000020b6   0x0000000a   Code   RO          821    i.nrf_uarte_rx_amount_get  nrf_drv_uart.o
    0x000020c0   0x000020c0   0x00000104   Code   RO          529    i.rxFrameProcess    rtransfer.o
    0x000021c4   0x000021c4   0x000001e8   Code   RO          530    i.rxFrameStatistic  rtransfer.o
    0x000023ac   0x000023ac   0x00000020   Code   RO          531    i.rxTransferInit    rtransfer.o
    0x000023cc   0x000023cc   0x00000050   Code   RO          825    i.rx_byte           nrf_drv_uart.o
    0x0000241c   0x0000241c   0x00000024   Code   RO          826    i.rx_done_event     nrf_drv_uart.o
    0x00002440   0x00002440   0x00000038   Code   RO          828    i.tx_byte           nrf_drv_uart.o
    0x00002478   0x00002478   0x0000002c   Code   RO          829    i.tx_done_event     nrf_drv_uart.o
    0x000024a4   0x000024a4   0x00000160   Code   RO          830    i.uart_irq_handler  nrf_drv_uart.o
    0x00002604   0x00002604   0x0000012c   Code   RO          831    i.uarte_irq_handler  nrf_drv_uart.o
    0x00002730   0x00002730   0x00000150   Code   RO         1461    x$fpl$dadd          fz_wm.l(daddsub_clz.o)
    0x00002880   0x00002880   0x0000005a   Code   RO         1467    x$fpl$dfixu         fz_wm.l(dfixu.o)
    0x000028da   0x000028da   0x00000026   Code   RO         1471    x$fpl$dfltu         fz_wm.l(dflt_clz.o)
    0x00002900   0x00002900   0x00000154   Code   RO         1477    x$fpl$dmul          fz_wm.l(dmul.o)
    0x00002a54   0x00002a54   0x0000009c   Code   RO         1560    x$fpl$dnaninf       fz_wm.l(dnaninf.o)
    0x00002af0   0x00002af0   0x0000000c   Code   RO         1562    x$fpl$dretinf       fz_wm.l(dretinf.o)
    0x00002afc   0x00002afc   0x000001d4   Code   RO         1463    x$fpl$dsub          fz_wm.l(daddsub_clz.o)
    0x00002cd0   0x00002cd0   0x0000000a   Code   RO         1602    x$fpl$fpinit        fz_wm.l(fpinit.o)
    0x00002cda   0x00002cda   0x00000000   Code   RO         1564    x$fpl$usenofp       fz_wm.l(usenofp.o)
    0x00002cda   0x00002cda   0x00000002   PAD
    0x00002cdc   0x00002cdc   0x0001828c   Data   RO          420    .constdata          tipsaudio.o
    0x0001af68   0x0001af68   0x000001a4   Data   RO          434    .constdata          ima_adpcm.o
    0x0001b10c   0x0001b10c   0x00000020   Data   RO         1687    Region$$Table       anon$$obj.o


    Execution Region RW_IRAM1 (Exec base: 0x20000000, Load base: 0x0001b12c, Size: 0x000092b8, Max: 0x00010000, ABSOLUTE)

    Exec Addr    Load Addr    Size         Type   Attr      Idx    E Section Name        Object

    0x20000000   0x0001b12c   0x00000008   Data   RW           13    .data               play.o
    0x20000008   0x0001b134   0x00000001   Data   RW          235    .data               rf.o
    0x20000009   0x0001b135   0x00000003   PAD
    0x2000000c   0x0001b138   0x00000008   Data   RW          351    .data               systemtick.o
    0x20000014   0x0001b140   0x00000001   Data   RW          473    .data               queue.o
    0x20000015   0x0001b141   0x0000000a   Data   RW          534    .data               rtransfer.o
    0x2000001f   0x0001b14b   0x00000001   PAD
    0x20000020   0x0001b14c   0x00000004   Data   RW          638    .data               system_nrf52.o
    0x20000024        -       0x0000516c   Zero   RW          148    .bss                receiver.o
    0x20005190        -       0x00000028   Zero   RW          472    .bss                queue.o
    0x200051b8        -       0x00000080   Zero   RW          532    .bss                rtransfer.o
    0x20005238        -       0x00000020   Zero   RW          832    .bss                nrf_drv_uart.o
    0x20005258        -       0x00000060   Zero   RW         1568    .bss                c_w.l(libspace.o)
    0x200052b8        -       0x00002000   Zero   RW          619    HEAP                arm_startup_nrf52.o
    0x200072b8        -       0x00002000   Zero   RW          618    STACK               arm_startup_nrf52.o


==============================================================================

Image component sizes


      Code (inc. data)   RO Data    RW Data    ZI Data      Debug   Object Name

        64         26       1024          0      16384        916   arm_startup_nrf52.o
        76          6          0          0          0        879   flash.o
       220         12        420          0          0       1725   ima_adpcm.o
       996         66          0          0         32      23082   nrf_drv_uart.o
       952        106          0          8          0      69029   play.o
       140         12          0          1         40       2291   queue.o
      2204        158          0          0      20844      11622   receiver.o
       906        114          0          1          0       4890   rf.o
       864         64          0         10        128       4357   rtransfer.o
       928         98          0          4          0       5747   system_nrf52.o
       642        128          0          8          0      34735   systemtick.o
         0          0      98956          0          0       1457   tipsaudio.o
         0          0          0          0          0       1424   uart.o

    ----------------------------------------------------------------------
      7992        790     100432         36      37428     162154   Object Totals
         0          0         32          0          0          0   (incl. Generated)
         0          0          0          4          0          0   (incl. Padding)

    ----------------------------------------------------------------------

      Code (inc. data)   RO Data    RW Data    ZI Data      Debug   Library Member Name

         8          0          0          0          0         68   __main.o
         0          0          0          0          0          0   __rtentry.o
        12          0          0          0          0          0   __rtentry2.o
         6          0          0          0          0          0   __rtentry4.o
        52          8          0          0          0          0   __scatter.o
        26          0          0          0          0          0   __scatter_copy.o
        28          0          0          0          0          0   __scatter_zi.o
        10          0          0          0          0         68   defsig_exit.o
        50          0          0          0          0         88   defsig_general.o
        80         58          0          0          0         76   defsig_rtmem_inner.o
        14          0          0          0          0         80   defsig_rtmem_outer.o
        18          0          0          0          0         80   exit.o
        94          0          0          0          0         80   h1_alloc.o
        52          0          0          0          0         68   h1_extend.o
        78          0          0          0          0         80   h1_free.o
        14          0          0          0          0         84   h1_init.o
         6          0          0          0          0        152   heapauxi.o
         4          0          0          0          0        136   hguard.o
         0          0          0          0          0          0   indicate_semi.o
       138          0          0          0          0        168   init_alloc.o
         2          0          0          0          0          0   libinit.o
        14          0          0          0          0          0   libinit2.o
         2          0          0          0          0          0   libshutdown.o
         2          0          0          0          0          0   libshutdown2.o
         8          4          0          0         96         68   libspace.o
         0          0          0          0          0          0   maybetermalloc1.o
        88          0          0          0          0         76   memcmp.o
         8          4          0          0          0         68   rt_heap_descriptor_intlibspace.o
        78          0          0          0          0         80   rt_memclr_w.o
         2          0          0          0          0          0   rtexit.o
        10          0          0          0          0          0   rtexit2.o
        12          4          0          0          0         68   sys_exit.o
        74          0          0          0          0         80   sys_stackheap_outer.o
        14          0          0          0          0         76   sys_wrch.o
         2          0          0          0          0         68   use_no_semi.o
       804         16          0          0          0        368   daddsub_clz.o
        90          4          0          0          0        140   dfixu.o
        38          0          0          0          0        116   dflt_clz.o
       340         12          0          0          0        152   dmul.o
       156          4          0          0          0        140   dnaninf.o
        12          0          0          0          0        116   dretinf.o
        10          0          0          0          0        116   fpinit.o
         0          0          0          0          0          0   usenofp.o

    ----------------------------------------------------------------------
      2468        114          0          0         96       2960   Library Totals
        12          0          0          0          0          0   (incl. Padding)

    ----------------------------------------------------------------------

      Code (inc. data)   RO Data    RW Data    ZI Data      Debug   Library Name

      1006         78          0          0         96       1812   c_w.l
      1450         36          0          0          0       1148   fz_wm.l

    ----------------------------------------------------------------------
      2468        114          0          0         96       2960   Library Totals

    ----------------------------------------------------------------------

==============================================================================


      Code (inc. data)   RO Data    RW Data    ZI Data      Debug   

     10460        904     100432         36      37524     157378   Grand Totals
     10460        904     100432         36      37524     157378   ELF Image Totals
     10460        904     100432         36          0          0   ROM Totals

==============================================================================

    Total RO  Size (Code + RO Data)               110892 ( 108.29kB)
    Total RW  Size (RW Data + ZI Data)             37560 (  36.68kB)
    Total ROM Size (Code + RO Data + RW Data)     110928 ( 108.33kB)

==============================================================================

